         w __deregister_frame_info
         w __register_frame_info
         w userAppExit
         w userAppInit
00000000 00000802 B __ctru_dev_utf16_buf
00000000 A __sync_synchronize
00000000 b _TLS_MODULE_BASE_
00000000 a shift
00000000 a shift
00000804 00000401 B __ctru_dev_path_buf
00100000 A __start__
00100000 T _start
00100008 T __service_ptr
0010000c T __apt_appid
00100010 T __heap_size
00100014 T __linear_heap_size
00100018 T __system_arglist
0010001c T __system_runflags
00100020 t startup
00100058 t ClearMem
0010006c t ClrLoop
00100094 T _init
001000ac t .udivsi3_skip_div0_test
001000ac T __aeabi_uidiv
001000ac 000001ec T __udivsi3
00100298 00000020 T __aeabi_uidivmod
001002b8 T __aeabi_idiv
001002b8 00000220 T __divsi3
001002c0 t .divsi3_skip_div0_test
001004d8 00000020 T __aeabi_idivmod
001004f8 00000004 W __aeabi_idiv0
001004f8 00000004 W __aeabi_ldiv0
001004fc T __aeabi_drsub
00100504 000002b0 T __aeabi_dsub
00100504 000002b0 T __subdf3
00100508 000002ac T __adddf3
00100508 000002ac T __aeabi_dadd
001007b4 00000024 T __aeabi_ui2d
001007b4 00000024 T __floatunsidf
001007d8 00000028 T __aeabi_i2d
001007d8 00000028 T __floatsidf
00100800 00000048 T __aeabi_f2d
00100800 00000048 T __extendsfdf2
00100848 00000074 T __aeabi_ul2d
00100848 00000074 T __floatundidf
0010085c 00000060 T __aeabi_l2d
0010085c 00000060 T __floatdidf
001008bc T __aeabi_ldivmod
00100990 T __aeabi_uldivmod
001009e8 00000390 T strcmp
00100d70 t __do_global_dtors_aux
00100dc0 t frame_dummy
00100dec 00000020 t C2D_DrawRectSolid.constprop.0.isra.0
00100e0c 00000028 t C2D_SceneBegin
00100e34 00000034 T abrirPalabrasTXT
00100e68 00000048 T getNumPalabrasArchivo
00100eb0 00000148 T escogerPalabrasPartida
00100ff8 00000534 T crearMenuGameplayArriba
0010152c 000010b0 T main
001025dc 00000044 t C2Di_FrameEndHook
00102620 0000036c T C2D_Init
0010298c 0000004c T C2D_Fini
001029d8 000000b8 T C2D_Prepare
00102a90 00000048 T C2D_Flush
00102ad8 00000104 T C2D_SceneSize
00102bdc 00000058 T C2D_CreateScreenTarget
00102c34 00000064 T C2D_TargetClear
00102c98 00000058 T C2Di_AppendQuad
00102cf0 00000040 T C2Di_AppendVtx
00102d30 00000550 T C2Di_Update
00103280 00000158 T C2D_DrawRectangle
001033d8 00000018 t C2Di_GlyphComp
001033f0 00000140 t C2Di_CalcLineWidths
00103530 000001dc T C2D_TextBufNew
0010370c 0000000c T C2D_TextBufClear
00103718 000001c8 T C2D_TextFontParseLine
001038e0 000000a8 T C2D_TextFontParse
00103988 00000014 T C2D_TextParse
0010399c 00000030 T C2D_TextOptimize
001039cc 00000f6c T C2D_DrawText
00104938 00000044 T C2D_FontGlyphIndexFromCodePoint
0010497c 00000078 T C2D_FontCalcGlyphPos
001049f4 00000028 T AttrInfo_Init
00104a1c 00000094 T AttrInfo_AddLoader
00104ab0 00000054 T C3D_SetAttrInfo
00104b04 00000080 T C3Di_AttrInfoBind
00104b84 00000004 W C3Di_LightEnvUpdate
00104b88 00000004 W C3Di_LightEnvDirty
00104b8c 000000b4 t C3Di_AptEventHook
00104c40 00000004 W C3Di_GasUpdate
00104c44 000001d0 T C3D_Init
00104e14 00000098 T C3D_SetViewport
00104eac 000004e8 T C3Di_UpdateContext
00105394 000000e0 T C3Di_SplitFrame
00105474 00000044 T C3D_Fini
001054b8 00000194 T C3D_BindProgram
0010564c 00000024 T BufInfo_Init
00105670 00000080 T BufInfo_Add
001056f0 0000003c T C3D_SetBufInfo
0010572c 00000048 T C3Di_BufInfoBind
00105774 0000021c T C3D_DrawElements
00105990 00000040 T C3D_DepthMap
001059d0 0000001c T C3D_CullFace
001059ec 00000040 T C3D_StencilTest
00105a2c 00000024 T C3D_StencilOp
00105a50 0000001c T C3D_BlendingColor
00105a6c 00000024 T C3D_EarlyDepthTest
00105a90 0000002c T C3D_DepthTest
00105abc 0000002c T C3D_AlphaTest
00105ae8 00000050 T C3D_AlphaBlend
00105b38 00000030 T C3D_FragOpMode
00105b68 00000044 T C3D_FragOpShadow
00105bac 000001ac T C3Di_EffectBind
00105d58 0000001c T C3D_CalcColorBufSize
00105d74 0000001c T C3D_CalcDepthBufSize
00105d90 00000044 T C3D_SetFrameBuf
00105dd4 0000016c T C3Di_FrameBufBind
00105f40 000000c8 T C3D_FrameBufClear
00106008 00000044 T C3D_FrameBufTransfer
0010604c 000000a8 T C3D_ImmSendAttrib
001060f4 00000070 T C3D_ProcTexInit
00106164 00000054 T C3D_ProcTexBind
001061b8 0000005c T C3D_ProcTexLutBind
00106214 000000a4 T ProcTexLut_FromArray
001062b8 00000178 T C3Di_ProcTexUpdate
00106430 00000068 T C3Di_ProcTexDirty
00106498 0000004c t onVBlank0
001064e4 0000004c t onVBlank1
00106530 00000080 t C3Di_RenderTargetDestroy
001065b0 000000f4 t onQueueFinish
001066a4 00000038 T C3Di_RenderQueueEnableVBlank
001066dc 00000030 T C3Di_RenderQueueDisableVBlank
0010670c 00000060 T C3Di_RenderQueueInit
0010676c 000000b4 T C3Di_RenderQueueExit
00106820 00000034 T C3Di_RenderQueueWaitDone
00106854 000000e8 T C3D_FrameBegin
0010693c 00000048 T C3D_FrameDrawOn
00106984 00000058 T C3D_FrameSplit
001069dc 000001d0 T C3D_FrameEnd
00106bac 0000001c T C3D_FrameEndHook
00106bc8 00000170 T C3D_RenderTargetCreate
00106d38 000000a8 T C3D_RenderTargetSetOutput
00106de0 00000034 T C3D_GetTexEnv
00106e14 00000024 T C3Di_TexEnvBind
00106e38 00000044 T C3D_TexBind
00106e7c 0000014c T C3Di_SetTex
00106fc8 00000290 T C3D_UpdateUniforms
00107258 000000c0 T C3Di_DirtyUniforms
00107318 000000d8 T C3Di_LoadShaderUniforms
001073f0 00000028 T C3Di_ClearShaderUniforms
00107418 000000cc T Mtx_Ortho
001074e4 000000cc T Mtx_OrthoTilt
001075b0 00000024 t addrMapNodeComparator(rbtree_node const*, rbtree_node const*)
001075d4 00000004 t addrMapNodeDestructor(rbtree_node*)
001075d8 0000012c T linearMemAlign
00107704 00000008 T linearAlloc
0010770c 0000005c T linearFree
00107768 00000088 T MemPool::CoalesceRight(MemBlock*)
001077f0 00000178 T MemPool::Allocate(MemChunk&, unsigned long, int)
00107968 00000118 T MemPool::Deallocate(MemChunk const&)
00107a80 00000030 T MemPool::GetFreeSpace()
00107ab0 00000024 t addrMapNodeComparator(rbtree_node const*, rbtree_node const*)
00107ad4 00000004 t addrMapNodeDestructor(rbtree_node*)
00107ad8 00000248 T vramMemAlignAt
00107d20 0000000c T vramAlloc
00107d2c 0000000c T vramAllocAt
00107d38 00000094 T vramFree
00107dcc 0000009c T fontEnsureMapped
00107e68 00000100 T fontGlyphIndexFromCodePoint
00107f68 00000214 T fontCalcGlyphPos
0010817c 000000cc t gfxPresentFramebuffer
00108248 0000001c T gfxIsWide
00108264 000000f8 T gfxSetScreenFormat
0010835c 000000d8 T gfxInit
00108434 00000010 T gfxInitDefault
00108444 000000b8 T gfxExit
001084fc 000000a0 T gfxGetFramebuffer
0010859c 00000028 T gfxScreenSwapBuffers
001085c4 00000074 T osConvertVirtToPhys
00108638 00000054 T osGetTimeRef
0010868c 000000ec T osGetTime
00108778 00000034 T __ctru_speedup_config
001087ac 00000008 t romfs_close
001087b4 000000ac t romfs_seek
00108860 00000024 t romfs_dirreset
00108884 000000c0 t fill_dir
00108944 000002ac t romfs_dirnext
00108bf0 00000074 t romfs_free
00108c64 000000d0 t searchForFile.constprop.0
00108d34 000000d4 t searchForDir.constprop.0
00108e08 000001c0 t navigateToDir.constprop.0
00108fc8 00000114 t romfs_open
001090dc 0000004c t romfs_chdir
00109128 00000068 t romfs_diropen
00109190 00000178 t romfs_stat
00109308 00000008 t romfs_dirclose
00109310 0000007c t romfs_fstat
0010938c 000000d0 t romfs_read
0010945c 0000028c T romfsMountFromFile
001096e8 00000098 T romfsMountFromCurrentProcess
00109780 00000258 T romfsMountSelf
001099d8 0000013c T GPUCMD_Add
00109b14 000000b0 T GPUCMD_Split
00109bc4 00000034 T f32tof16
00109bf8 00000034 T f32tof24
00109c2c 00000038 T f32tof31
00109c64 00000010 T GX_BindQueue
00109c74 0000007c T GX_ProcessCommandList
00109cf0 00000074 T GX_MemoryFill
00109d64 00000074 T GX_DisplayTransfer
00109dd8 00000064 t gxCmdQueueDoCommands.part.0
00109e3c 000000e4 T gxCmdQueueInterrupt
00109f20 00000068 T gxCmdQueueClear
00109f88 00000108 T gxCmdQueueAdd
0010a090 00000080 T gxCmdQueueRun
0010a110 00000064 T gxCmdQueueStop
0010a174 0000008c T gxCmdQueueWait
0010a200 000001e0 T shaderInstanceInit
0010a3e0 00000018 T shaderInstanceGetUniformLocation
0010a3f8 0000001c T shaderProgramInit
0010a414 00000074 T shaderProgramFree
0010a488 00000094 T shaderProgramSetVsh
0010a51c 000008d0 T shaderProgramConfigure
0010adec 000001dc t DVLE_GenerateOutmap.part.0
0010afc8 000001ac T DVLB_ParseFile
0010b174 00000050 T DVLB_Free
0010b1c4 00000074 T DVLE_GetUniformRegister
0010b238 00000180 t aptConvertScreenForCapture
0010b3b8 00000008 W aptDspSleep
0010b3c0 00000004 W aptDspWakeup
0010b3c4 00000004 W aptDspCancel
0010b3c8 00000138 T aptSendCommand
0010b500 00000044 t aptExitProcess
0010b544 00000394 T aptExit
0010b8d8 000000d8 T aptHandleSleep
0010b9b0 00000034 T aptHook
0010b9e4 00000030 T aptUnhook
0010ba14 0000001c T aptSetMessageCallback
0010ba30 00000084 T APT_SleepIfShellClosed
0010bab4 00000078 T aptSetSleepAllowed
0010bb2c 00000084 T APT_UnlockTransition
0010bbb0 00000470 t aptEventHandler
0010c020 000000bc T APT_ReceiveParameter
0010c0dc 000000b0 t aptReceiveParameter.constprop.0
0010c190 00000294 t aptScreenTransfer
0010c424 000002d0 t aptWaitForWakeUp.isra.0
0010c6f4 00000114 T aptLaunchLibraryApplet
0010c808 000000f4 T aptJumpToHomeMenu
0010c8fc 00000058 T aptMainLoop
0010c954 00000240 T aptInit
0010cb94 0000005c T APT_SendParameter
0010cbf0 00000090 T APT_CheckNew3DS
0010cc80 00000048 T APT_GetSharedFont
0010ccc8 00000104 T fsInit
0010cdcc 0000003c T fsExit
0010ce08 00000068 T fsExemptFromSession
0010ce70 00000050 T fsUnexemptFromSession
0010cec0 000000cc T FSUSER_OpenFile
0010cf8c 000000cc T FSUSER_OpenFileDirectly
0010d058 000000b8 T FSUSER_DeleteFile
0010d110 000000f4 T FSUSER_RenameFile
0010d204 000000b8 T FSUSER_DeleteDirectory
0010d2bc 000000d0 T FSUSER_CreateFile
0010d38c 000000c0 T FSUSER_CreateDirectory
0010d44c 000000f4 T FSUSER_RenameDirectory
0010d540 000000b4 T FSUSER_OpenDirectory
0010d5f4 00000090 T FSUSER_OpenArchive
0010d684 0000008c T FSUSER_CloseArchive
0010d710 00000074 T FSUSER_GetSdmcArchiveResource
0010d784 00000064 T FSUSER_IsSdmcWritable
0010d7e8 00000064 T FSFILE_Read
0010d84c 0000006c T FSFILE_Write
0010d8b8 00000044 T FSFILE_GetSize
0010d8fc 00000028 T FSFILE_SetSize
0010d924 0000003c T FSFILE_Close
0010d960 00000024 T FSFILE_Flush
0010d984 00000060 T FSDIR_Read
0010d9e4 0000003c T FSDIR_Close
0010da20 00000c70 t gspHardwareInit
0010e690 00000280 T gspInit
0010e910 00000110 T gspExit
0010ea20 00000010 T gspHasGpuRight
0010ea30 000000a4 T gspPresentBuffer
0010ead4 00000030 T gspSetEventCallback
0010eb04 00000050 T gspWaitForEvent
0010eb54 0000004c T gspWaitForAnyEvent
0010eba0 00000154 t gspEventThreadMain
0010ecf4 0000012c T gspSubmitGxCommand
0010ee20 00000050 T GSPGPU_FlushDataCache
0010ee70 00000034 T GSPGPU_SetLcdForceBlack
0010eea4 00000080 T GSPGPU_AcquireRight
0010ef24 0000005c T GSPGPU_ReleaseRight
0010ef80 0000007c T GSPGPU_ImportDisplayCaptureInfo
0010effc 0000002c T GSPGPU_SaveVramSysArea
0010f028 0000002c T GSPGPU_RestoreVramSysArea
0010f054 00000024 W hidShouldUseIrrst
0010f078 000001cc T hidInit
0010f244 000000e8 T hidExit
0010f32c 000002a0 T hidScanInput
0010f5cc 00000010 T hidKeysDown
0010f5dc 00000018 T hidTouchRead
0010f5f4 000001a4 T irrstInit
0010f798 000000dc T irrstExit
0010f874 000000b4 T irrstScanInput
0010f928 00000024 T irrstKeysHeld
0010f94c 00000078 T ptmSysmInit
0010f9c4 0000003c T ptmSysmExit
0010fa00 00000034 T PTMSYSM_ConfigureNew3DSCPU
0010fa34 00000190 t swkbdMessageCallback
0010fbc4 00000084 T swkbdInit
0010fc48 00000064 T swkbdSetHintText
0010fcac 00000088 T swkbdSetButton
0010fd34 000003a8 T swkbdInputText
001100dc 00000074 T rbtree_find
00110150 00000010 T rbtree_init
00110160 00000198 t do_insert
001102f8 00000008 T rbtree_insert
00110300 00000310 T rbtree_remove
00110610 00000090 T rbtree_rotate
001106a0 00000140 T decode_utf8
001107e0 000000e8 T utf16_to_utf8
001108c8 000000c0 T utf8_to_utf16
00110988 000001e8 W __system_allocateHeaps
00110b70 00000038 W __libctru_init
00110ba8 0000016c W __system_initArgv
00110d14 00000030 T __syscall_getreent
00110d44 00000064 T __syscall_gettod_r
00110da8 00000004 T __syscall_lock_acquire
00110dac 00000004 T __syscall_lock_release
00110db0 00000004 T __syscall_lock_acquire_recursive
00110db4 00000004 T __syscall_lock_release_recursive
00110db8 00000004 T __syscall_exit
00110dbc 00000054 T initThreadVars
00110e10 00000080 T __system_initSyscalls
00110e90 T svcControlMemory
00110eb0 T svcQueryMemory
00110ee0 T svcExitProcess
00110ee8 T svcCreateThread
00110f08 T svcExitThread
00110f10 T svcSleepThread
00110f18 T svcReleaseMutex
00110f20 T svcCreateEvent
00110f34 T svcSignalEvent
00110f3c T svcClearEvent
00110f44 T svcCreateMemoryBlock
00110f5c T svcMapMemoryBlock
00110f64 T svcUnmapMemoryBlock
00110f6c T svcCreateAddressArbiter
00110f80 T svcArbitrateAddressNoTimeout
00110f88 T svcCloseHandle
00110f90 T svcWaitSynchronization
00110f98 T svcWaitSynchronizationN
00110fc0 T svcDuplicateHandle
00110fd4 T svcGetSystemTick
00110fdc T svcConnectToPort
00110ff0 T svcSendSyncRequest
00110ff8 T svcGetResourceLimit
0011100c T svcGetResourceLimitLimitValues
00111014 T svcGetResourceLimitCurrentValues
0011101c T svcBreak
00111024 T __aeabi_read_tp
00111030 W initSystem
00111080 W __ctru_exit
00111094 0000008c W envGetHandle
00111120 00000050 W envDestroyHandles
00111170 00000164 T srvInit
001112d4 00000064 T srvExit
00111338 00000060 T srvEnableNotification
00111398 000000a0 T srvGetServiceHandleDirect
00111438 00000048 T srvGetServiceHandle
00111480 00000034 T srvSubscribe
001114b4 00000060 T srvReceiveNotification
00111514 00000038 T srvPublishToSubscriber
0011154c 0000000c T __sync_init
00111558 00000018 T __sync_fini
00111570 00000028 T syncArbitrateAddress
00111598 000000ac T LightLock_Lock
00111644 00000040 T LightLock_Unlock
00111684 00000054 T RecursiveLock_Lock
001116d8 00000054 T RecursiveLock_Unlock
0011172c 00000044 T LightEvent_Init
00111770 000000b8 T LightEvent_Clear
00111828 000000dc T LightEvent_Signal
00111904 00000050 T LightEvent_TryWait
00111954 000000ac T LightEvent_Wait
00111a00 000001fc T threadCreate
00111bfc 00000038 T threadFree
00111c34 00000024 T threadJoin
00111c58 00000030 T threadGetCurrent
00111c88 00000040 T threadExit
00111cc8 00000020 t _thread_begin
00111ce8 00000090 t mappableFindAddressWithin
00111d78 00000028 T mappableInit
00111da0 0000007c T mappableAlloc
00111e1c 00000004 T mappableFree
00111e20 0000000c T srvPmGetSessionHandle
00111e2c 00000060 T rbtree_node_next
00111e8c 00000054 T decode_utf16
00111ee0 00000054 T encode_utf16
00111f34 000000e0 T encode_utf8
00112014 00000030 W __appExit
00112044 00000030 W __appInit
00112074 00000090 W __libctru_exit
00112104 00000014 t archive_link
00112118 00000014 t archive_dirreset
0011212c 00000014 t archive_chmod
00112140 00000024 t error_cmp
00112164 00000050 t archive_translate_error
001121b4 000000c0 t archive_seek
00112274 00000078 t _archiveInit.part.0
001122ec 000000d4 t archiveFindDevice.part.0
001123c0 00000298 t archive_utf16path
00112658 00000098 t _archiveUnmountDeviceStruct.part.0
001126f0 00000014 t archive_statvfs
00112704 00000014 t archive_fchmod
00112718 00000178 t _archiveMountDevice
00112890 000000f8 t archive_diropen
00112988 000000ac t archive_fstat
00112a34 00000074 t archive_fsync
00112aa8 00000074 t archive_close
00112b1c 00000078 t archive_dirclose
00112b94 000000ec t sdmc_statvfs
00112c80 000000f8 t archive_chdir
00112d78 0000008c t archive_ftruncate
00112e04 000000bc t archive_read
00112ec0 000000a8 t archive_unlink
00112f68 000000c0 t archive_rmdir
00113028 000000d8 t archive_mkdir
00113100 000001a0 t archive_stat
001132a0 00000164 t archive_dirnext
00113404 0000013c t archive_write
00113540 00000254 t archive_open
00113794 00000270 t archive_rename
00113a04 000001c8 T archiveMountSdmc
00113bcc 00000054 T archiveUnmountAll
00113c20 000000c0 T ceilf
00113ce0 0000002c T __aeabi_d2lz
00113ce0 0000002c T __fixdfdi
00113d10 00000040 T __aeabi_d2ulz
00113d10 00000040 T __fixunsdfdi
00113d50 00000130 T __udivmoddi4
00113e80 000000d8 T strncmp
00113f58 00000140 T strchr
00114098 0000001c T srand
001140b4 00000044 T rand
001140f8 00000198 T _fgets_r
00114290 00000030 T fgets
001142c0 00000144 T _fclose_r
00114404 0000008c T strlen
00114490 00000068 T sprintf
001144f8 000000d8 T memcmp
001145d0 0000001c t stdio_exit_handler
001145ec 0000005c t cleanup_stdio
00114648 00000154 t global_stdio_init.part.0
0011479c 00000138 T __sfp
001148d4 0000005c T __sinit
00114930 0000000c T __sfp_lock_acquire
0011493c 0000000c T __sfp_lock_release
00114948 000001ec t _strtoul_l.isra.0
00114b34 00000038 T _strtoul_r
00114b6c 0000003c T strtoul
00114ba8 00000084 T __libc_init_array
00114c2c 0000009c T strncat
00114cc8 00000070 T _fwalk_sglue
00114d38 00000078 T bsearch
00114db0 0000000c T __errno
00114dbc 00000028 T calloc
00114de4 000008e8 T qsort
001156cc 000000d8 T _calloc_r
001157a4 00000028 T realloc
001157cc 0000001c T _fseek_r
001157e8 00000028 T memalign
00115810 0000082c T _malloc_r
0011603c 000000e8 T memchr
00116124 00000114 T _malloc_trim_r
00116238 00000314 T _free_r
0011654c 000005e0 t get_arg
00116b30 0000345c T _svfprintf_r
00119f8c 0000003c T strnlen
00119fc8 00000040 T malloc
0011a008 00000020 T free
0011a028 0000022c T __sflush_r
0011a254 000000c4 T _fflush_r
0011a318 00000048 T time
0011a360 00000038 t lflush
0011a398 000001a8 T __srefill_r
0011a540 00000164 T __smakebuf_r
0011a6a4 000000e4 T memset
0011a788 000004f0 T _realloc_r
0011ac78 0000000c T __malloc_lock
0011ac84 0000000c T __malloc_unlock
0011ac90 00000004 W __call_exitprocs
0011ac94 00000030 T exit
0011acc4 00000134 T _fopen_r
0011adf8 00000028 T fopen
0011ae20 000000d4 T strncpy
0011aef4 0000012c T memcpy
0011b020 00000028 T _wcsrtombs_r
0011b048 00000078 T sscanf
0011b0c0 00000088 T frexp
0011b148 00000044 T __sread
0011b18c 00000008 T __seofread
0011b194 00000068 T __swrite
0011b1fc 00000040 T __sseek
0011b23c 00000008 T __sclose
0011b244 0000016c T memmove
0011b3b0 00000024 T __locale_mb_cur_max
0011b3d4 000000a4 T __ssprint_r
0011b478 0000016c T _memalign_r
0011b5e4 0000015c T _wcsnrtombs_l
0011b740 00000064 T _wcsnrtombs_r
0011b7a4 00000340 T __utf8_mbtowc
0011bae4 00000588 T _fseeko_r
0011c06c 00000024 T _localeconv_r
0011c090 000001c0 t quorem
0011c250 000013f0 T _dtoa_r
0011d640 000000a0 T _wcrtomb_r
0011d6e0 000000b8 T __sflags
0011d798 00000384 t _strtol_l.part.0
0011db1c 0000006c T _strtol_r
0011db88 0000003c T __libc_fini_array
0011dbc4 0000012c T __ssputs_r
0011dcf0 00000050 t get_arg
0011dd40 00002b88 T __ssvfscanf_r
001208c8 000000f8 T __utf8_wctomb
001209c0 00000264 t _strtoull_l.isra.0
00120c24 00000038 T _strtoull_r
00120c5c 000000c4 T _mbrtowc_r
00120d20 0000000c T nanf
00120d2c 0000005c T __assert_func
00120d88 00000088 T _Balloc
00120e10 0000001c T _Bfree
00120e2c 000000f4 T __multadd
00120f20 0000010c T __s2b
0012102c 00000080 T __hi0bits
001210ac 000000f0 T __lo0bits
0012119c 000000a4 T __i2b
00121240 00000230 T __multiply
00121470 00000130 T __pow5mult
001215a0 00000138 T __lshift
001216d8 00000058 T __mcmp
00121730 00000218 T __mdiff
00121948 00000068 T __ulp
001219b0 000000d4 T __b2d
00121a84 00000120 T __d2b
00121ba4 00000078 T __ratio
00121c1c 0000008c T __copybits
00121ca8 0000005c T __any_on
00121d04 0000047c t _strtoll_l.isra.0
00122180 00000038 T _strtoll_r
001221b8 00000060 t sulp
00122218 00001428 T _strtod_l
00123640 00000044 T _strtod_r
00123684 0000003c T fiprintf
001236c0 000000e4 T _sungetc_r
001237a4 0000006c T __ssrefill_r
00123810 000000b4 T _sfread_r
001238c4 000000f4 t rshift
001239b8 000008b4 T __gethex
0012426c 00000008 T iswspace
00124274 00000014 T abort
00124288 000000f8 T __sccl
00124380 000000dc T stpncpy
0012445c 00000070 T __match
001244cc 000002a8 T __hexnan
00124778 00000010 T nan
00124788 0000009c T _raise_r
00124824 00000020 T raise
00124844 00000038 T iswspace_l
0012487c 000000b8 T __submore
00124934 000005e0 t get_arg
00124f14 000022f8 T _vfiprintf_r
0012720c 000000b4 t __sbprintf
001272c0 00000030 T __sprint_r
001272f0 00000090 T category
00127380 00000140 T __swsetup_r
001274c0 000004a4 T __sfvwrite_r
00127964 00000020 T _exit
00127984 00000140 T chdir
00127ac4 000001c8 T _concatenate_path
00127c8c 0000009c T _fstat_r
00127d28 00000014 T _getpid_r
00127d3c 0000002c T __getreent
00127d68 00000030 T _gettimeofday_r
00127d98 000000a0 T __release_handle
00127e38 000000b0 T __alloc_handle
00127ee8 00000058 T __get_handle
00127f40 00000110 T _close_r
00128050 00000008 t null_write
00128058 00000018 T setDefaultDevice
00128070 000000c4 T FindDevice
00128134 00000028 T RemoveDevice
0012815c 00000098 T AddDevice
001281f4 00000020 T GetDeviceOpTab
00128214 00000008 T _isatty_r
0012821c 00000014 T _kill_r
00128230 00000094 T _lseek_r
001282c4 000000c0 T _open_r
00128384 00000094 T _read_r
00128418 00000078 W _sbrk_r
00128490 0000001c T __libc_lock_acquire
001284ac 0000001c T __libc_lock_release
001284c8 0000001c T __libc_lock_acquire_recursive
001284e4 0000001c T __libc_lock_release_recursive
00128500 00000094 T _write_r
00128594 00000048 T strrchr
001285dc T _fini
0012916c r .LC2
001294f8 R render2d_shbin
00129684 R render2d_shbin_end
00129684 R render2d_shbin_size
00129688 00000004 r depthFmtSizes
0012968c 00000005 r colorFmtSizes
00129694 00000010 r CSWTCH.11
001296a4 00000080 r romFS_devoptab
0012974c 00000008 r morton_y.2
00129754 00000008 r morton_x.3
0012975c 00000008 r s_sleepWakeEvents.4
00129764 0000000c r serviceNameTable.5
00129770 00000030 r error_table
001297a0 00000080 r archive_devoptab
0012994c 00000010 r zeroes.0
0012995c 00000010 r blanks.1
0012996c 00000101 R _ctype_
00129a70 0000006c R __action_table
00129adc 0000006c R __state_table
00129b48 00000100 R __chclass
00129d64 00000022 r basefix.0
00129d88 0000000c r p05.0
00129d98 00000028 R __mprec_bigtens
00129dc0 000000c8 R __mprec_tens
00129eec 00000014 r fpinan.0
00129f00 00000014 r fpi.1
00129f18 00000028 r tinytens
00129f40 00000100 R __hexdig
0012a12c 00000010 r zeroes.0
0012a13c 00000010 r blanks.1
0012a14c 000035dc r categories
0012d728 00000080 R dotab_stdnull
0012d7a8 R __tdata_align
0012d7ac r __EH_FRAME_BEGIN__
0012d7ac R __exidx_end
0012d7ac R __exidx_start
0012e000 00000018 D IDimpostores
0012e018 00000004 D numJugadores
0012e01c 00000004 D numImpostores
0012e020 00000008 d framerateCounter
0012e028 00000004 d framerate
0012e02c 00000004 d queueLock
0012e030 00000004 d aptChainloadDeliverArgSize
0012e034 00000004 d kCount
0012e038 00000004 d kInterval
0012e03c 00000004 d kDelay
0012e040 W __stacksize__
0012e044 0000000c D __sglue
0012e050 00000004 D __malloc_sbrk_base
0012e054 00000004 D __malloc_trim_threshold
0012e058 00000408 D __malloc_av_
0012e460 00000004 D _impure_ptr
0012e468 00000140 D _impure_data
0012e5a8 0000016c D __global_locale
0012e714 00000400 d _current_working_directory
0012eb18 00001000 d handles
0012fb18 0000000c d __stderr_handle
0012fb24 0000000c d __stdout_handle
0012fb30 0000000c d __stdin_handle
0012fb3c 0000008c D devoptab_list
0012fbc8 00000004 d defaultDevice
0012fbd4 d _GLOBAL_OFFSET_TABLE_
0012fbe0 d __frame_dummy_init_array_entry
0012fbe0 D __init_array_start
0012fbe0 B __preinit_array_end
0012fbe0 B __preinit_array_start
0012fbe0 D __tdata_lma
0012fbe0 D __tdata_lma_end
0012fbe4 d __do_global_dtors_aux_fini_array_entry
0012fbe4 D __fini_array_start
0012fbe4 D __init_array_end
0012fbe8 D __bss_start__
0012fbe8 D __fini_array_end
0012fbe8 00000004 B palabrasTXT
0012fbec 00000008 B botonSeleccionado
0012fbf4 00000004 B g_staticBuf
0012fbf8 00000004 B g_dynamicBuf
0012fbfc 000001f8 B g_staticText
0012fdf4 00000004 B menuActivo
0012fdf8 0000016c B g_dynamicText
0012ff64 b completed.1
0012ff68 b object.0
0012ff80 000005a8 B __C2Di_Context
00130528 00000040 b s_projBot
00130568 00000040 b s_projTop
001305a8 00000004 b uLoc_mdlvMtx
001305ac 00000004 b uLoc_projMtx
001305b0 00000004 b s_glyphSheets
001305b4 00000004 b s_textScale
001305b8 0000000c b hookCookie
001305c8 000002d0 B __C3D_Context
00130898 00000004 b frameEndCbData
0013089c 00000004 b frameEndCb
001308a0 00000008 b frameCounter
001308a8 00000001 b isTopStereo
001308a9 00000001 b needSwapBot
001308aa 00000001 b needSwapTop
001308ab 00000001 b measureGpuTime
001308ac 00000001 b inSafeTransfer
001308ad 00000001 b inFrame
001308b0 00000010 b cpuTime
001308c0 00000010 b gpuTime
001308d0 0000000c b linkedTarget
001308dc 00000004 b lastTarget
001308e0 00000004 b firstTarget
001308e4 00000008 b C3Di_IVUnifEverDirty
001308ec 000000c0 b C3Di_FVUnifEverDirty
001309ac 00000018 b C3Di_ShaderFVecData
001309c4 00000002 B C3D_BoolUnifsDirty
001309c8 00000008 B C3D_IVUnifDirty
001309d0 000000c0 B C3D_FVUnifDirty
00130a90 00000004 B C3D_BoolUnifs
00130a94 00000020 B C3D_IVUnif
00130ab4 00000c00 B C3D_FVUnif
001316b8 00000008 b sLinearPool
001316c0 0000000c b sAddrMap
001316d0 00000008 b sVramPoolB
001316d8 00000008 b sVramPoolA
001316e0 0000000c b sAddrMap
001316ec 00000004 b sharedFontAddr
001316f0 00000004 B g_sharedFont
001316f4 00000004 b screenAlloc
001316f8 00000004 b screenFree
001316fc 00000002 b gfxIsDoubleBuf
00131700 00000002 b gfxCurBuf
00131702 00000001 b gfxIsVram
00131703 00000001 b gfxTopMode
00131704 00000002 b gfxFramebufferFormats
00131708 00000004 b gfxBottomFramebufferMaxSize
0013170c 00000004 b gfxTopFramebufferMaxSize
00131710 00000008 b gfxBottomFramebuffers
00131718 00000008 b gfxTopFramebuffers
00131720 00000001 V __ctru_speedup
00131724 00000004 b romfs_mount_list
00131728 00000004 V __romfs_path
0013172c 00000004 B gpuCmdBufOffset
00131730 00000004 B gpuCmdBufSize
00131734 00000004 B gpuCmdBuf
00131738 00000004 b boundQueue
0013173c 00000001 b shouldStop
0013173d 00000001 b isRunning
0013173e 00000001 b isActive
00131740 00000004 b curQueue
00131744 00000001 b flagValue.0
00131745 00000001 b flagInit.1
00131748 00000004 b serviceName.6
0013174c 00000001 b aptChainloadFlags
0013174d 00000001 b aptChainloadMediatype
00131750 00000020 b aptChainloadHmac
00131770 00000300 b aptChainloadDeliverArg
00131a70 00000008 b aptChainloadTid
00131a78 00001000 b aptParameters
00132a78 00000004 b aptFlags
00132a7c 00000001 b aptHomeButtonState
00132a80 00000004 b aptMessageFuncData
00132a84 00000004 b aptMessageFunc
00132a88 0000000c b aptFirstHook
00132a94 00000001 b aptEventHandlerThreadQuit
00132a98 00000004 b aptEventHandlerThread
00132a9c 00000008 b aptSleepEvent
00132aa4 00000008 b aptReceiveEvent
00132aac 00000008 b aptEvents
00132ab4 00000004 b aptLockHandle
00132ab8 00000004 b aptRefCount
00132ac0 00000080 b fsExemptArchives
00132b40 00000004 b fsuRefCount
00132b44 00000004 b fsuHandle
00132b48 00000007 b gspEventCbOneShot
00132b50 0000001c b gspEventCbData
00132b6c 0000001c b gspEventCb
00132b88 00000038 b gspEvents
00132bc0 00000004 b gspLastEvent
00132bc4 00000001 b gspRunEvents
00132bc8 00000004 b gspEventThread
00132bcc 00000004 b gspEvent
00132bd0 00000001 b gspGpuRight
00132bd1 00000001 b gspThreadId
00132bd4 00000004 b gspSharedMem
00132bd8 00000004 b gspSharedMemHandle
00132bdc 00000004 b gspRefCount
00132be0 00000004 b gspGpuHandle
00132be4 00000001 b usingIrrst
00132be8 00000004 b hidRefCount
00132bec 00000006 b gRate
00132bf4 00000006 b aVec
00132bfc 00000004 b cPos
00132c00 00000004 b tPos
00132c04 00000004 b kRepeat
00132c08 00000004 b kUp
00132c0c 00000004 b kDown
00132c10 00000004 b kHeld
00132c14 00000004 b kOld
00132c18 00000004 B hidSharedMem
00132c1c 00000014 B hidEvents
00132c30 00000004 B hidMemHandle
00132c34 00000004 B hidHandle
00132c38 00000004 b irrstRefCount
00132c3c 00000004 b csPos
00132c40 00000004 b kHeld
00132c44 00000004 B irrstSharedMem
00132c48 00000004 B irrstEvent
00132c4c 00000004 B irrstMemHandle
00132c50 00000004 B irrstHandle
00132c54 00000004 b ptmSysmRefCount
00132c58 00000004 b ptmSysmHandle
00132c5c 00000004 b swkbdSharedMemHandle
00132c60 00000004 b swkbdSharedMem
00132c64 00000004 V __ctru_linear_heap_size
00132c68 00000004 V __ctru_heap_size
00132c6c 00000004 B __ctru_linear_heap
00132c70 00000004 B __ctru_heap
00132c74 00000004 B __system_retAddr
00132c78 00000004 B __system_argv
00132c7c 00000004 B __system_argc
00132c80 b saved_stack
00132c88 00000004 B __3dslink_host
00132c8c 00000004 b srvRefCount
00132c90 00000004 b srvHandle
00132c94 00000004 b arbiter
00132c98 00000004 b currentAddr
00132c9c 00000004 b maxAddr
00132ca0 00000004 b minAddr
00132ca4 00000004 b srvPmHandle
00132ca8 000005c0 b archive_devices
00133268 00000004 b archive_device_cwd
0013326c 00000001 b archive_initialized
00133270 0000000c b __sfp_recursive_mutex
00133280 00000168 B __sf
001333e8 00000004 B __stdio_exit_handler
001333ec 00000028 B __malloc_current_mallinfo
00133414 00000004 B __malloc_max_total_mem
00133418 00000004 B __malloc_max_sbrked_mem
0013341c 00000004 B __malloc_top_pad
00133420 0000000c b __malloc_recursive_mutex
0013342c 00000400 b temp_cwd
0013382c 00000004 b __hndl_lock
00133830 00000004 B fake_heap_start
00133834 00000004 B fake_heap_end
00133838 00000004 b heap_start.0
0013383c B __tls_start
00134444 B __bss_end__
00134444 A __end__
00134444 B __tls_end
