Archive member included to satisfy reference by file (symbol)

C:/devkitPro/libctru/lib\libcitro2d.a(base.o)
                              main.o (C2D_Init)
C:/devkitPro/libctru/lib\libcitro2d.a(text.o)
                              main.o (C2D_TextBufNew)
C:/devkitPro/libctru/lib\libcitro2d.a(font.o)
                              C:/devkitPro/libctru/lib\libcitro2d.a(text.o) (C2D_FontGlyphIndexFromCodePoint)
C:/devkitPro/libctru/lib\libcitro2d.a(render2d.shbin.o)
                              C:/devkitPro/libctru/lib\libcitro2d.a(base.o) (render2d_shbin)
C:/devkitPro/libctru/lib\libcitro3d.a(attribs.o)
                              C:/devkitPro/libctru/lib\libcitro2d.a(base.o) (AttrInfo_Init)
C:/devkitPro/libctru/lib\libcitro3d.a(base.o)
                              C:/devkitPro/libctru/lib\libcitro3d.a(attribs.o) (__C3D_Context)
C:/devkitPro/libctru/lib\libcitro3d.a(buffers.o)
                              C:/devkitPro/libctru/lib\libcitro2d.a(base.o) (BufInfo_Init)
C:/devkitPro/libctru/lib\libcitro3d.a(drawElements.o)
                              C:/devkitPro/libctru/lib\libcitro2d.a(base.o) (C3D_DrawElements)
C:/devkitPro/libctru/lib\libcitro3d.a(effect.o)
                              C:/devkitPro/libctru/lib\libcitro3d.a(base.o) (C3D_DepthMap)
C:/devkitPro/libctru/lib\libcitro3d.a(framebuffer.o)
                              C:/devkitPro/libctru/lib\libcitro3d.a(base.o) (C3Di_FrameBufBind)
C:/devkitPro/libctru/lib\libcitro3d.a(immediate.o)
                              C:/devkitPro/libctru/lib\libcitro3d.a(base.o) (C3D_ImmSendAttrib)
C:/devkitPro/libctru/lib\libcitro3d.a(proctex.o)
                              C:/devkitPro/libctru/lib\libcitro2d.a(base.o) (C3D_ProcTexInit)
C:/devkitPro/libctru/lib\libcitro3d.a(renderqueue.o)
                              C:/devkitPro/libctru/lib\libcitro3d.a(base.o) (C3Di_RenderQueueEnableVBlank)
C:/devkitPro/libctru/lib\libcitro3d.a(texenv.o)
                              C:/devkitPro/libctru/lib\libcitro2d.a(base.o) (C3D_GetTexEnv)
C:/devkitPro/libctru/lib\libcitro3d.a(texture.o)
                              C:/devkitPro/libctru/lib\libcitro2d.a(base.o) (C3D_TexBind)
C:/devkitPro/libctru/lib\libcitro3d.a(uniforms.o)
                              C:/devkitPro/libctru/lib\libcitro3d.a(base.o) (C3D_UpdateUniforms)
C:/devkitPro/libctru/lib\libcitro3d.a(mtx_multiply.o)
                              C:/devkitPro/libctru/lib\libcitro2d.a(base.o) (Mtx_Multiply)
C:/devkitPro/libctru/lib\libcitro3d.a(mtx_ortho.o)
                              C:/devkitPro/libctru/lib\libcitro2d.a(base.o) (Mtx_Ortho)
C:/devkitPro/libctru/lib\libcitro3d.a(mtx_orthotilt.o)
                              C:/devkitPro/libctru/lib\libcitro2d.a(base.o) (Mtx_OrthoTilt)
C:/devkitPro/libctru/lib\libcitro3d.a(mtx_rotatez.o)
                              C:/devkitPro/libctru/lib\libcitro2d.a(base.o) (Mtx_RotateZ)
C:/devkitPro/libctru/lib\libcitro3d.a(mtx_scale.o)
                              C:/devkitPro/libctru/lib\libcitro2d.a(base.o) (Mtx_Scale)
C:/devkitPro/libctru/lib\libcitro3d.a(mtx_translate.o)
                              C:/devkitPro/libctru/lib\libcitro2d.a(base.o) (Mtx_Translate)
C:/devkitPro/libctru/lib\libctru.a(linear.o)
                              C:/devkitPro/libctru/lib\libcitro2d.a(base.o) (linearAlloc)
C:/devkitPro/libctru/lib\libctru.a(mem_pool.o)
                              C:/devkitPro/libctru/lib\libctru.a(linear.o) (MemPool::Allocate(MemChunk&, unsigned long, int))
C:/devkitPro/libctru/lib\libctru.a(vram.o)
                              C:/devkitPro/libctru/lib\libcitro3d.a(renderqueue.o) (vramAlloc)
C:/devkitPro/libctru/lib\libctru.a(font.o)
                              C:/devkitPro/libctru/lib\libcitro2d.a(text.o) (fontEnsureMapped)
C:/devkitPro/libctru/lib\libctru.a(gfx.o)
                              C:/devkitPro/libctru/lib\libcitro2d.a(base.o) (gfxIsWide)
C:/devkitPro/libctru/lib\libctru.a(os.o)
                              C:/devkitPro/libctru/lib\libcitro3d.a(buffers.o) (osConvertVirtToPhys)
C:/devkitPro/libctru/lib\libctru.a(romfs_dev.o)
                              main.o (romfsMountSelf)
C:/devkitPro/libctru/lib\libctru.a(gpu.o)
                              C:/devkitPro/libctru/lib\libcitro3d.a(renderqueue.o) (gpuCmdBuf)
C:/devkitPro/libctru/lib\libctru.a(gx.o)
                              C:/devkitPro/libctru/lib\libcitro3d.a(renderqueue.o) (GX_BindQueue)
C:/devkitPro/libctru/lib\libctru.a(gxqueue.o)
                              C:/devkitPro/libctru/lib\libcitro3d.a(renderqueue.o) (gxCmdQueueClear)
C:/devkitPro/libctru/lib\libctru.a(shaderProgram.o)
                              C:/devkitPro/libctru/lib\libcitro2d.a(base.o) (shaderInstanceGetUniformLocation)
C:/devkitPro/libctru/lib\libctru.a(shbin.o)
                              C:/devkitPro/libctru/lib\libcitro2d.a(base.o) (DVLB_ParseFile)
C:/devkitPro/libctru/lib\libctru.a(apt.o)
[...]
Memory Configuration

Name             Origin             Length             Attributes
*default*        0x00000000         0xffffffff

Linker script and memory map

                0x00000000                        __sync_synchronize = __sync_synchronize_dmb
                0x00100000                        PROVIDE (__start__ = 0x100000)
                0x00100000                        . = __start__

.text           0x00100000    0x285f4
 *(.crt0)
 .crt0          0x00100000       0x94 C:/devkitPro/devkitARM/bin/../lib/gcc/arm-none-eabi/15.1.0/../../../../arm-none-eabi/lib/armv6k/fpu/3dsx_crt0.o
                0x00100000                _start
                0x00100008                __service_ptr
                0x0010000c                __apt_appid
                0x00100010                __heap_size
                0x00100014                __linear_heap_size
                0x00100018                __system_arglist
                0x0010001c                __system_runflags
 *(.init)
 .init          0x00100094        0xc C:/devkitPro/devkitARM/bin/../lib/gcc/arm-none-eabi/15.1.0/armv6k/fpu/crti.o
                0x00100094                _init
 .init          0x001000a0        0xc C:/devkitPro/devkitARM/bin/../lib/gcc/arm-none-eabi/15.1.0/armv6k/fpu/crtn.o
                0x001000ac                        . = ALIGN (0x4)
 *(.text)
 .text          0x001000ac      0x20c C:/devkitPro/devkitARM/bin/../lib/gcc/arm-none-eabi/15.1.0/armv6k/fpu\libgcc.a(_udivsi3.o)
                0x001000ac                __aeabi_uidiv
                0x001000ac                __udivsi3
                0x00100298                __aeabi_uidivmod
 .text          0x001002b8      0x240 C:/devkitPro/devkitARM/bin/../lib/gcc/arm-none-eabi/15.1.0/armv6k/fpu\libgcc.a(_divsi3.o)
                0x001002b8                __divsi3
                0x001002b8                __aeabi_idiv
                0x001004d8                __aeabi_idivmod
 .text          0x001004f8        0x4 C:/devkitPro/devkitARM/bin/../lib/gcc/arm-none-eabi/15.1.0/armv6k/fpu\libgcc.a(_dvmd_tls.o)
                0x001004f8                __aeabi_idiv0
                0x001004f8                __aeabi_ldiv0
 .text          0x001004fc      0x3c0 C:/devkitPro/devkitARM/bin/../lib/gcc/arm-none-eabi/15.1.0/armv6k/fpu\libgcc.a(_arm_addsubdf3.o)
                0x001004fc                __aeabi_drsub
                0x00100504                __aeabi_dsub
                0x00100504                __subdf3
                0x00100508                __aeabi_dadd
                0x00100508                __adddf3
                0x001007b4                __floatunsidf
                0x001007b4                __aeabi_ui2d
                0x001007d8                __floatsidf
                0x001007d8                __aeabi_i2d
                0x00100800                __aeabi_f2d
                0x00100800                __extendsfdf2
                0x00100848                __floatundidf
                0x00100848                __aeabi_ul2d
                0x0010085c                __floatdidf
                0x0010085c                __aeabi_l2d
 .text          0x001008bc       0xd4 C:/devkitPro/devkitARM/bin/../lib/gcc/arm-none-eabi/15.1.0/armv6k/fpu\libgcc.a(_aeabi_ldivmod.o)
                0x001008bc                __aeabi_ldivmod
 .text          0x00100990       0x3c C:/devkitPro/devkitARM/bin/../lib/gcc/arm-none-eabi/15.1.0/armv6k/fpu\libgcc.a(_aeabi_uldivmod.o)
                0x00100990                __aeabi_uldivmod
 *fill*         0x001009cc       0x14 
 .text          0x001009e0      0x390 C:/devkitPro/devkitARM/bin/../lib/gcc/arm-none-eabi/15.1.0/../../../../arm-none-eabi/lib/armv6k/fpu\libg.a(libc_a-strcmp.o)
                0x001009e8                strcmp
 *(.text.*)
 .text.__do_global_dtors_aux
                0x00100d70       0x50 C:/devkitPro/devkitARM/bin/../lib/gcc/arm-none-eabi/15.1.0/armv6k/fpu/crtbegin.o
 .text.frame_dummy
                0x00100dc0       0x2c C:/devkitPro/devkitARM/bin/../lib/gcc/arm-none-eabi/15.1.0/armv6k/fpu/crtbegin.o
 .text.C2D_DrawRectSolid.constprop.0.isra.0
                0x00100dec       0x20 main.o
 .text.C2D_SceneBegin
                0x00100e0c       0x28 main.o
 .text.abrirPalabrasTXT
                0x00100e34       0x34 main.o
                0x00100e34                abrirPalabrasTXT
 .text.getNumPalabrasArchivo
                0x00100e68       0x48 main.o
                0x00100e68                getNumPalabrasArchivo
 .text.escogerPalabrasPartida
                0x00100eb0      0x148 main.o
                0x00100eb0                escogerPalabrasPartida
 .text.crearMenuGameplayArriba
                0x00100ff8      0x534 main.o
                0x00100ff8                crearMenuGameplayArriba
 .text.startup.main
                0x0010152c     0x10b0 main.o
                0x0010152c                main
 .text.C2Di_FrameEndHook
                0x001025dc       0x44 C:/devkitPro/libctru/lib\libcitro2d.a(base.o)
 .text.C2D_Init
                0x00102620      0x36c C:/devkitPro/libctru/lib\libcitro2d.a(base.o)
                0x00102620                C2D_Init
 .text.C2D_Fini
                0x0010298c       0x4c C:/devkitPro/libctru/lib\libcitro2d.a(base.o)
                0x0010298c                C2D_Fini
 .text.C2D_Prepare
                0x001029d8       0xb8 C:/devkitPro/libctru/lib\libcitro2d.a(base.o)
                0x001029d8                C2D_Prepare
 .text.C2D_Flush
                0x00102a90       0x48 C:/devkitPro/libctru/lib\libcitro2d.a(base.o)
                0x00102a90                C2D_Flush
 .text.C2D_SceneSize
                0x00102ad8      0x104 C:/devkitPro/libctru/lib\libcitro2d.a(base.o)
                0x00102ad8                C2D_SceneSize
 .text.C2D_CreateScreenTarget
                0x00102bdc       0x58 C:/devkitPro/libctru/lib\libcitro2d.a(base.o)
                0x00102bdc                C2D_CreateScreenTarget
 .text.C2D_TargetClear
                0x00102c34       0x64 C:/devkitPro/libctru/lib\libcitro2d.a(base.o)
                0x00102c34                C2D_TargetClear
 .text.C2Di_AppendQuad
                0x00102c98       0x58 C:/devkitPro/libctru/lib\libcitro2d.a(base.o)
                0x00102c98                C2Di_AppendQuad
 .text.C2Di_AppendVtx
                0x00102cf0       0x40 C:/devkitPro/libctru/lib\libcitro2d.a(base.o)
                0x00102cf0                C2Di_AppendVtx
 .text.C2Di_Update
                0x00102d30      0x550 C:/devkitPro/libctru/lib\libcitro2d.a(base.o)
                0x00102d30                C2Di_Update
 .text.C2D_DrawRectangle
                0x00103280      0x158 C:/devkitPro/libctru/lib\libcitro2d.a(base.o)
                0x00103280                C2D_DrawRectangle
 .text.C2Di_GlyphComp
                0x001033d8       0x18 C:/devkitPro/libctru/lib\libcitro2d.a(text.o)
 .text.C2Di_CalcLineWidths
                0x001033f0      0x140 C:/devkitPro/libctru/lib\libcitro2d.a(text.o)
 .text.C2D_TextBufNew
                0x00103530      0x1dc C:/devkitPro/libctru/lib\libcitro2d.a(text.o)
                0x00103530                C2D_TextBufNew
 .text.C2D_TextBufClear
                0x0010370c        0xc C:/devkitPro/libctru/lib\libcitro2d.a(text.o)
                0x0010370c                C2D_TextBufClear
 .text.C2D_TextFontParseLine
                0x00103718      0x1c8 C:/devkitPro/libctru/lib\libcitro2d.a(text.o)
                0x00103718                C2D_TextFontParseLine
 .text.C2D_TextFontParse
                0x001038e0       0xa8 C:/devkitPro/libctru/lib\libcitro2d.a(text.o)
                0x001038e0                C2D_TextFontParse
 .text.C2D_TextParse
                0x00103988       0x14 C:/devkitPro/libctru/lib\libcitro2d.a(text.o)
                0x00103988                C2D_TextParse
 .text.C2D_TextOptimize
                0x0010399c       0x30 C:/devkitPro/libctru/lib\libcitro2d.a(text.o)
                0x0010399c                C2D_TextOptimize
 .text.C2D_DrawText
                0x001039cc      0xf6c C:/devkitPro/libctru/lib\libcitro2d.a(text.o)
                0x001039cc                C2D_DrawText
 .text.C2D_FontGlyphIndexFromCodePoint
                0x00104938       0x44 C:/devkitPro/libctru/lib\libcitro2d.a(font.o)
                0x00104938                C2D_FontGlyphIndexFromCodePoint
 .text.C2D_FontCalcGlyphPos
                0x0010497c       0x78 C:/devkitPro/libctru/lib\libcitro2d.a(font.o)
                0x0010497c                C2D_FontCalcGlyphPos
 .text.AttrInfo_Init
                0x001049f4       0x28 C:/devkitPro/libctru/lib\libcitro3d.a(attribs.o)
                0x001049f4                AttrInfo_Init
 .text.AttrInfo_AddLoader
                0x00104a1c       0x94 C:/devkitPro/libctru/lib\libcitro3d.a(attribs.o)
                0x00104a1c                AttrInfo_AddLoader
 .text.C3D_SetAttrInfo
                0x00104ab0       0x54 C:/devkitPro/libctru/lib\libcitro3d.a(attribs.o)
                0x00104ab0                C3D_SetAttrInfo
 .text.C3Di_AttrInfoBind
                0x00104b04       0x80 C:/devkitPro/libctru/lib\libcitro3d.a(attribs.o)
                0x00104b04                C3Di_AttrInfoBind
 .text.C3Di_LightEnvUpdate
                0x00104b84        0x4 C:/devkitPro/libctru/lib\libcitro3d.a(base.o)
                0x00104b84                C3Di_LightEnvUpdate
 .text.C3Di_LightEnvDirty
                0x00104b88        0x4 C:/devkitPro/libctru/lib\libcitro3d.a(base.o)
                0x00104b88                C3Di_LightEnvDirty
 .text.C3Di_AptEventHook
                0x00104b8c       0xb4 C:/devkitPro/libctru/lib\libcitro3d.a(base.o)
 .text.C3Di_GasUpdate
                0x00104c40        0x4 C:/devkitPro/libctru/lib\libcitro3d.a(base.o)
                0x00104c40                C3Di_GasUpdate
 .text.C3D_Init
                0x00104c44      0x1d0 C:/devkitPro/libctru/lib\libcitro3d.a(base.o)
                0x00104c44                C3D_Init
 .text.C3D_SetViewport
                0x00104e14       0x98 C:/devkitPro/libctru/lib\libcitro3d.a(base.o)
                0x00104e14                C3D_SetViewport
 .text.C3Di_UpdateContext
                0x00104eac      0x4e8 C:/devkitPro/libctru/lib\libcitro3d.a(base.o)
                0x00104eac                C3Di_UpdateContext
 .text.C3Di_SplitFrame
                0x00105394       0xe0 C:/devkitPro/libctru/lib\libcitro3d.a(base.o)
                0x00105394                C3Di_SplitFrame
 .text.C3D_Fini
                0x00105474       0x44 C:/devkitPro/libctru/lib\libcitro3d.a(base.o)
                0x00105474                C3D_Fini
 .text.C3D_BindProgram
                0x001054b8      0x194 C:/devkitPro/libctru/lib\libcitro3d.a(base.o)
                0x001054b8                C3D_BindProgram
 .text.BufInfo_Init
                0x0010564c       0x24 C:/devkitPro/libctru/lib\libcitro3d.a(buffers.o)
                0x0010564c                BufInfo_Init
 .text.BufInfo_Add
                0x00105670       0x80 C:/devkitPro/libctru/lib\libcitro3d.a(buffers.o)
                0x00105670                BufInfo_Add
 .text.C3D_SetBufInfo
                0x001056f0       0x3c C:/devkitPro/libctru/lib\libcitro3d.a(buffers.o)
                0x001056f0                C3D_SetBufInfo
 .text.C3Di_BufInfoBind
                0x0010572c       0x48 C:/devkitPro/libctru/lib\libcitro3d.a(buffers.o)
                0x0010572c                C3Di_BufInfoBind
 .text.C3D_DrawElements
                0x00105774      0x21c C:/devkitPro/libctru/lib\libcitro3d.a(drawElements.o)
                0x00105774                C3D_DrawElements
 .text.C3D_DepthMap
                0x00105990       0x40 C:/devkitPro/libctru/lib\libcitro3d.a(effect.o)
                0x00105990                C3D_DepthMap
 .text.C3D_CullFace
                0x001059d0       0x1c C:/devkitPro/libctru/lib\libcitro3d.a(effect.o)
                0x001059d0                C3D_CullFace
 .text.C3D_StencilTest
                0x001059ec       0x40 C:/devkitPro/libctru/lib\libcitro3d.a(effect.o)
                0x001059ec                C3D_StencilTest
 .text.C3D_StencilOp
                0x00105a2c       0x24 C:/devkitPro/libctru/lib\libcitro3d.a(effect.o)
                0x00105a2c                C3D_StencilOp
 .text.C3D_BlendingColor
                0x00105a50       0x1c C:/devkitPro/libctru/lib\libcitro3d.a(effect.o)
                0x00105a50                C3D_BlendingColor
 .text.C3D_EarlyDepthTest
                0x00105a6c       0x24 C:/devkitPro/libctru/lib\libcitro3d.a(effect.o)
                0x00105a6c                C3D_EarlyDepthTest
 .text.C3D_DepthTest
                0x00105a90       0x2c C:/devkitPro/libctru/lib\libcitro3d.a(effect.o)
                0x00105a90                C3D_DepthTest
 .text.C3D_AlphaTest
                0x00105abc       0x2c C:/devkitPro/libctru/lib\libcitro3d.a(effect.o)
                0x00105abc                C3D_AlphaTest
 .text.C3D_AlphaBlend
                0x00105ae8       0x50 C:/devkitPro/libctru/lib\libcitro3d.a(effect.o)
                0x00105ae8                C3D_AlphaBlend
 .text.C3D_FragOpMode
                0x00105b38       0x30 C:/devkitPro/libctru/lib\libcitro3d.a(effect.o)
                0x00105b38                C3D_FragOpMode
 .text.C3D_FragOpShadow
                0x00105b68       0x44 C:/devkitPro/libctru/lib\libcitro3d.a(effect.o)
                0x00105b68                C3D_FragOpShadow
 .text.C3Di_EffectBind
                0x00105bac      0x1ac C:/devkitPro/libctru/lib\libcitro3d.a(effect.o)
                0x00105bac                C3Di_EffectBind
 .text.C3D_CalcColorBufSize
                0x00105d58       0x1c C:/devkitPro/libctru/lib\libcitro3d.a(framebuffer.o)
                0x00105d58                C3D_CalcColorBufSize
 .text.C3D_CalcDepthBufSize
                0x00105d74       0x1c C:/devkitPro/libctru/lib\libcitro3d.a(framebuffer.o)
                0x00105d74                C3D_CalcDepthBufSize
 .text.C3D_SetFrameBuf
                0x00105d90       0x44 C:/devkitPro/libctru/lib\libcitro3d.a(framebuffer.o)
                0x00105d90                C3D_SetFrameBuf
 .text.C3Di_FrameBufBind
                0x00105dd4      0x16c C:/devkitPro/libctru/lib\libcitro3d.a(framebuffer.o)
                0x00105dd4                C3Di_FrameBufBind
 .text.C3D_FrameBufClear
                0x00105f40       0xc8 C:/devkitPro/libctru/lib\libcitro3d.a(framebuffer.o)
                0x00105f40                C3D_FrameBufClear
 .text.C3D_FrameBufTransfer
                0x00106008       0x44 C:/devkitPro/libctru/lib\libcitro3d.a(framebuffer.o)
                0x00106008                C3D_FrameBufTransfer
 .text.C3D_ImmSendAttrib
                0x0010604c       0xa8 C:/devkitPro/libctru/lib\libcitro3d.a(immediate.o)
                0x0010604c                C3D_ImmSendAttrib
 .text.C3D_ProcTexInit
                0x001060f4       0x70 C:/devkitPro/libctru/lib\libcitro3d.a(proctex.o)
                0x001060f4                C3D_ProcTexInit
 .text.C3D_ProcTexBind
                0x00106164       0x54 C:/devkitPro/libctru/lib\libcitro3d.a(proctex.o)
                0x00106164                C3D_ProcTexBind
 .text.C3D_ProcTexLutBind
                0x001061b8       0x5c C:/devkitPro/libctru/lib\libcitro3d.a(proctex.o)
                0x001061b8                C3D_ProcTexLutBind
 .text.ProcTexLut_FromArray
                0x00106214       0xa4 C:/devkitPro/libctru/lib\libcitro3d.a(proctex.o)
                0x00106214                ProcTexLut_FromArray
 .text.C3Di_ProcTexUpdate
                0x001062b8      0x178 C:/devkitPro/libctru/lib\libcitro3d.a(proctex.o)
                0x001062b8                C3Di_ProcTexUpdate
 .text.C3Di_ProcTexDirty
                0x00106430       0x68 C:/devkitPro/libctru/lib\libcitro3d.a(proctex.o)
                0x00106430                C3Di_ProcTexDirty
 .text.onVBlank0
                0x00106498       0x4c C:/devkitPro/libctru/lib\libcitro3d.a(renderqueue.o)
 .text.onVBlank1
                0x001064e4       0x4c C:/devkitPro/libctru/lib\libcitro3d.a(renderqueue.o)
 .text.C3Di_RenderTargetDestroy
                0x00106530       0x80 C:/devkitPro/libctru/lib\libcitro3d.a(renderqueue.o)
 .text.onQueueFinish
                0x001065b0       0xf4 C:/devkitPro/libctru/lib\libcitro3d.a(renderqueue.o)
 .text.C3Di_RenderQueueEnableVBlank
                0x001066a4       0x38 C:/devkitPro/libctru/lib\libcitro3d.a(renderqueue.o)
                0x001066a4                C3Di_RenderQueueEnableVBlank
 .text.C3Di_RenderQueueDisableVBlank
                0x001066dc       0x30 C:/devkitPro/libctru/lib\libcitro3d.a(renderqueue.o)
                0x001066dc                C3Di_RenderQueueDisableVBlank
 .text.C3Di_RenderQueueInit
                0x0010670c       0x60 C:/devkitPro/libctru/lib\libcitro3d.a(renderqueue.o)
                0x0010670c                C3Di_RenderQueueInit
 .text.C3Di_RenderQueueExit
                0x0010676c       0xb4 C:/devkitPro/libctru/lib\libcitro3d.a(renderqueue.o)
                0x0010676c                C3Di_RenderQueueExit
 .text.C3Di_RenderQueueWaitDone
                0x00106820       0x34 C:/devkitPro/libctru/lib\libcitro3d.a(renderqueue.o)
                0x00106820                C3Di_RenderQueueWaitDone
 .text.C3D_FrameBegin
                0x00106854       0xe8 C:/devkitPro/libctru/lib\libcitro3d.a(renderqueue.o)
                0x00106854                C3D_FrameBegin
 .text.C3D_FrameDrawOn
                0x0010693c       0x48 C:/devkitPro/libctru/lib\libcitro3d.a(renderqueue.o)
                0x0010693c                C3D_FrameDrawOn
 .text.C3D_FrameSplit
                0x00106984       0x58 C:/devkitPro/libctru/lib\libcitro3d.a(renderqueue.o)
                0x00106984                C3D_FrameSplit
 .text.C3D_FrameEnd
                0x001069dc      0x1d0 C:/devkitPro/libctru/lib\libcitro3d.a(renderqueue.o)
                0x001069dc                C3D_FrameEnd
 .text.C3D_FrameEndHook
                0x00106bac       0x1c C:/devkitPro/libctru/lib\libcitro3d.a(renderqueue.o)
                0x00106bac                C3D_FrameEndHook
 .text.C3D_RenderTargetCreate
                0x00106bc8      0x170 C:/devkitPro/libctru/lib\libcitro3d.a(renderqueue.o)
                0x00106bc8                C3D_RenderTargetCreate
 .text.C3D_RenderTargetSetOutput
                0x00106d38       0xa8 C:/devkitPro/libctru/lib\libcitro3d.a(renderqueue.o)
                0x00106d38                C3D_RenderTargetSetOutput
 .text.C3D_GetTexEnv
                0x00106de0       0x34 C:/devkitPro/libctru/lib\libcitro3d.a(texenv.o)
                0x00106de0                C3D_GetTexEnv
 .text.C3Di_TexEnvBind
                0x00106e14       0x24 C:/devkitPro/libctru/lib\libcitro3d.a(texenv.o)
                0x00106e14                C3Di_TexEnvBind
 .text.C3D_TexBind
                0x00106e38       0x44 C:/devkitPro/libctru/lib\libcitro3d.a(texture.o)
                0x00106e38                C3D_TexBind
 .text.C3Di_SetTex
                0x00106e7c      0x14c C:/devkitPro/libctru/lib\libcitro3d.a(texture.o)
                0x00106e7c                C3Di_SetTex
 .text.C3D_UpdateUniforms
                0x00106fc8      0x290 C:/devkitPro/libctru/lib\libcitro3d.a(uniforms.o)
                0x00106fc8                C3D_UpdateUniforms
 .text.C3Di_DirtyUniforms
                0x00107258       0xc0 C:/devkitPro/libctru/lib\libcitro3d.a(uniforms.o)
                0x00107258                C3Di_DirtyUniforms
 .text.C3Di_LoadShaderUniforms
                0x00107318       0xd8 C:/devkitPro/libctru/lib\libcitro3d.a(uniforms.o)
                0x00107318                C3Di_LoadShaderUniforms
 .text.C3Di_ClearShaderUniforms
                0x001073f0       0x28 C:/devkitPro/libctru/lib\libcitro3d.a(uniforms.o)
                0x001073f0                C3Di_ClearShaderUniforms
 .text.Mtx_Ortho
                0x00107418       0xcc C:/devkitPro/libctru/lib\libcitro3d.a(mtx_ortho.o)
                0x00107418                Mtx_Ortho
 .text.Mtx_OrthoTilt
                0x001074e4       0xcc C:/devkitPro/libctru/lib\libcitro3d.a(mtx_orthotilt.o)
                0x001074e4                Mtx_OrthoTilt
 .text._ZL21addrMapNodeComparatorPK11rbtree_nodeS1_
                0x001075b0       0x24 C:/devkitPro/libctru/lib\libctru.a(linear.o)
 .text._ZL21addrMapNodeDestructorP11rbtree_node
                0x001075d4        0x4 C:/devkitPro/libctru/lib\libctru.a(linear.o)
 .text.linearMemAlign
                0x001075d8      0x12c C:/devkitPro/libctru/lib\libctru.a(linear.o)
                0x001075d8                linearMemAlign
 .text.linearAlloc
                0x00107704        0x8 C:/devkitPro/libctru/lib\libctru.a(linear.o)
                0x00107704                linearAlloc
 .text.linearFree
                0x0010770c       0x5c C:/devkitPro/libctru/lib\libctru.a(linear.o)
                0x0010770c                linearFree
 .text._ZN7MemPool13CoalesceRightEP8MemBlock
                0x00107768       0x88 C:/devkitPro/libctru/lib\libctru.a(mem_pool.o)
                0x00107768                MemPool::CoalesceRight(MemBlock*)
 .text._ZN7MemPool8AllocateER8MemChunkmi
                0x001077f0      0x178 C:/devkitPro/libctru/lib\libctru.a(mem_pool.o)
                0x001077f0                MemPool::Allocate(MemChunk&, unsigned long, int)
 .text._ZN7MemPool10DeallocateERK8MemChunk
                0x00107968      0x118 C:/devkitPro/libctru/lib\libctru.a(mem_pool.o)
                0x00107968                MemPool::Deallocate(MemChunk const&)
 .text._ZN7MemPool12GetFreeSpaceEv
                0x00107a80       0x30 C:/devkitPro/libctru/lib\libctru.a(mem_pool.o)
                0x00107a80                MemPool::GetFreeSpace()
 .text._ZL21addrMapNodeComparatorPK11rbtree_nodeS1_
                0x00107ab0       0x24 C:/devkitPro/libctru/lib\libctru.a(vram.o)
 .text._ZL21addrMapNodeDestructorP11rbtree_node
                0x00107ad4        0x4 C:/devkitPro/libctru/lib\libctru.a(vram.o)
 .text.vramMemAlignAt
                0x00107ad8      0x248 C:/devkitPro/libctru/lib\libctru.a(vram.o)
                0x00107ad8                vramMemAlignAt
 .text.vramAlloc
                0x00107d20        0xc C:/devkitPro/libctru/lib\libctru.a(vram.o)
                0x00107d20                vramAlloc
 .text.vramAllocAt
                0x00107d2c        0xc C:/devkitPro/libctru/lib\libctru.a(vram.o)
                0x00107d2c                vramAllocAt
 .text.vramFree
                0x00107d38       0x94 C:/devkitPro/libctru/lib\libctru.a(vram.o)
                0x00107d38                vramFree
 .text.fontEnsureMapped
                0x00107dcc       0x9c C:/devkitPro/libctru/lib\libctru.a(font.o)
                0x00107dcc                fontEnsureMapped
 .text.fontGlyphIndexFromCodePoint
                0x00107e68      0x100 C:/devkitPro/libctru/lib\libctru.a(font.o)
                0x00107e68                fontGlyphIndexFromCodePoint
 .text.fontCalcGlyphPos
                0x00107f68      0x214 C:/devkitPro/libctru/lib\libctru.a(font.o)
                0x00107f68                fontCalcGlyphPos
 .text.gfxPresentFramebuffer
                0x0010817c       0xcc C:/devkitPro/libctru/lib\libctru.a(gfx.o)
 .text.gfxIsWide
                0x00108248       0x1c C:/devkitPro/libctru/lib\libctru.a(gfx.o)
                0x00108248                gfxIsWide
 .text.gfxSetScreenFormat
                0x00108264       0xf8 C:/devkitPro/libctru/lib\libctru.a(gfx.o)
                0x00108264                gfxSetScreenFormat
 .text.gfxInit  0x0010835c       0xd8 C:/devkitPro/libctru/lib\libctru.a(gfx.o)
                0x0010835c                gfxInit
 .text.gfxInitDefault
                0x00108434       0x10 C:/devkitPro/libctru/lib\libctru.a(gfx.o)
                0x00108434                gfxInitDefault
 .text.gfxExit  0x00108444       0xb8 C:/devkitPro/libctru/lib\libctru.a(gfx.o)
                0x00108444                gfxExit
 .text.gfxGetFramebuffer
                0x001084fc       0xa0 C:/devkitPro/libctru/lib\libctru.a(gfx.o)
                0x001084fc                gfxGetFramebuffer
 .text.gfxScreenSwapBuffers
                0x0010859c       0x28 C:/devkitPro/libctru/lib\libctru.a(gfx.o)
                0x0010859c                gfxScreenSwapBuffers
 .text.osConvertVirtToPhys
                0x001085c4       0x74 C:/devkitPro/libctru/lib\libctru.a(os.o)
                0x001085c4                osConvertVirtToPhys
 .text.osGetTimeRef
                0x00108638       0x54 C:/devkitPro/libctru/lib\libctru.a(os.o)
                0x00108638                osGetTimeRef
 .text.osGetTime
                0x0010868c       0xec C:/devkitPro/libctru/lib\libctru.a(os.o)
                0x0010868c                osGetTime
 .text.__ctru_speedup_config
                0x00108778       0x34 C:/devkitPro/libctru/lib\libctru.a(os.o)
                0x00108778                __ctru_speedup_config
 .text.romfs_close
                0x001087ac        0x8 C:/devkitPro/libctru/lib\libctru.a(romfs_dev.o)
 .text.romfs_seek
                0x001087b4       0xac C:/devkitPro/libctru/lib\libctru.a(romfs_dev.o)
 .text.romfs_dirreset
                0x00108860       0x24 C:/devkitPro/libctru/lib\libctru.a(romfs_dev.o)
 .text.fill_dir
                0x00108884       0xc0 C:/devkitPro/libctru/lib\libctru.a(romfs_dev.o)
 .text.romfs_dirnext
                0x00108944      0x2ac C:/devkitPro/libctru/lib\libctru.a(romfs_dev.o)
 .text.romfs_free
                0x00108bf0       0x74 C:/devkitPro/libctru/lib\libctru.a(romfs_dev.o)
 .text.searchForFile.constprop.0
                0x00108c64       0xd0 C:/devkitPro/libctru/lib\libctru.a(romfs_dev.o)
 .text.searchForDir.constprop.0
                0x00108d34       0xd4 C:/devkitPro/libctru/lib\libctru.a(romfs_dev.o)
 .text.navigateToDir.constprop.0
                0x00108e08      0x1c0 C:/devkitPro/libctru/lib\libctru.a(romfs_dev.o)
 .text.romfs_open
                0x00108fc8      0x114 C:/devkitPro/libctru/lib\libctru.a(romfs_dev.o)
 .text.romfs_chdir
                0x001090dc       0x4c C:/devkitPro/libctru/lib\libctru.a(romfs_dev.o)
 .text.romfs_diropen
                0x00109128       0x68 C:/devkitPro/libctru/lib\libctru.a(romfs_dev.o)
 .text.romfs_stat
                0x00109190      0x178 C:/devkitPro/libctru/lib\libctru.a(romfs_dev.o)
 .text.romfs_dirclose
                0x00109308        0x8 C:/devkitPro/libctru/lib\libctru.a(romfs_dev.o)
 .text.romfs_fstat
                0x00109310       0x7c C:/devkitPro/libctru/lib\libctru.a(romfs_dev.o)
 .text.romfs_read
                0x0010938c       0xd0 C:/devkitPro/libctru/lib\libctru.a(romfs_dev.o)
 .text.romfsMountFromFile
                0x0010945c      0x28c C:/devkitPro/libctru/lib\libctru.a(romfs_dev.o)
                0x0010945c                romfsMountFromFile
 .text.romfsMountFromCurrentProcess
                0x001096e8       0x98 C:/devkitPro/libctru/lib\libctru.a(romfs_dev.o)
                0x001096e8                romfsMountFromCurrentProcess
 .text.romfsMountSelf
                0x00109780      0x258 C:/devkitPro/libctru/lib\libctru.a(romfs_dev.o)
                0x00109780                romfsMountSelf
 .text.GPUCMD_Add
                0x001099d8      0x13c C:/devkitPro/libctru/lib\libctru.a(gpu.o)
                0x001099d8                GPUCMD_Add
 .text.GPUCMD_Split
                0x00109b14       0xb0 C:/devkitPro/libctru/lib\libctru.a(gpu.o)
                0x00109b14                GPUCMD_Split
 .text.f32tof16
                0x00109bc4       0x34 C:/devkitPro/libctru/lib\libctru.a(gpu.o)
                0x00109bc4                f32tof16
 .text.f32tof24
                0x00109bf8       0x34 C:/devkitPro/libctru/lib\libctru.a(gpu.o)
                0x00109bf8                f32tof24
 .text.f32tof31
                0x00109c2c       0x38 C:/devkitPro/libctru/lib\libctru.a(gpu.o)
                0x00109c2c                f32tof31
 .text.GX_BindQueue
                0x00109c64       0x10 C:/devkitPro/libctru/lib\libctru.a(gx.o)
                0x00109c64                GX_BindQueue
 .text.GX_ProcessCommandList
                0x00109c74       0x7c C:/devkitPro/libctru/lib\libctru.a(gx.o)
                0x00109c74                GX_ProcessCommandList
 .text.GX_MemoryFill
                0x00109cf0       0x74 C:/devkitPro/libctru/lib\libctru.a(gx.o)
                0x00109cf0                GX_MemoryFill
 .text.GX_DisplayTransfer
                0x00109d64       0x74 C:/devkitPro/libctru/lib\libctru.a(gx.o)
                0x00109d64                GX_DisplayTransfer
 .text.gxCmdQueueDoCommands.part.0
                0x00109dd8       0x64 C:/devkitPro/libctru/lib\libctru.a(gxqueue.o)
 .text.gxCmdQueueInterrupt
                0x00109e3c       0xe4 C:/devkitPro/libctru/lib\libctru.a(gxqueue.o)
                0x00109e3c                gxCmdQueueInterrupt
 .text.gxCmdQueueClear
                0x00109f20       0x68 C:/devkitPro/libctru/lib\libctru.a(gxqueue.o)
                0x00109f20                gxCmdQueueClear
 .text.gxCmdQueueAdd
                0x00109f88      0x108 C:/devkitPro/libctru/lib\libctru.a(gxqueue.o)
                0x00109f88                gxCmdQueueAdd
 .text.gxCmdQueueRun
                0x0010a090       0x80 C:/devkitPro/libctru/lib\libctru.a(gxqueue.o)
                0x0010a090                gxCmdQueueRun
 .text.gxCmdQueueStop
                0x0010a110       0x64 C:/devkitPro/libctru/lib\libctru.a(gxqueue.o)
                0x0010a110                gxCmdQueueStop
 .text.gxCmdQueueWait
                0x0010a174       0x8c C:/devkitPro/libctru/lib\libctru.a(gxqueue.o)
                0x0010a174                gxCmdQueueWait
 .text.shaderInstanceInit
                0x0010a200      0x1e0 C:/devkitPro/libctru/lib\libctru.a(shaderProgram.o)
                0x0010a200                shaderInstanceInit
 .text.shaderInstanceGetUniformLocation
                0x0010a3e0       0x18 C:/devkitPro/libctru/lib\libctru.a(shaderProgram.o)
                0x0010a3e0                shaderInstanceGetUniformLocation
 .text.shaderProgramInit
                0x0010a3f8       0x1c C:/devkitPro/libctru/lib\libctru.a(shaderProgram.o)
                0x0010a3f8                shaderProgramInit
 .text.shaderProgramFree
                0x0010a414       0x74 C:/devkitPro/libctru/lib\libctru.a(shaderProgram.o)
                0x0010a414                shaderProgramFree
 .text.shaderProgramSetVsh
                0x0010a488       0x94 C:/devkitPro/libctru/lib\libctru.a(shaderProgram.o)
                0x0010a488                shaderProgramSetVsh
 .text.shaderProgramConfigure
                0x0010a51c      0x8d0 C:/devkitPro/libctru/lib\libctru.a(shaderProgram.o)
                0x0010a51c                shaderProgramConfigure
 .text.DVLE_GenerateOutmap.part.0
                0x0010adec      0x1dc C:/devkitPro/libctru/lib\libctru.a(shbin.o)
 .text.DVLB_ParseFile
                0x0010afc8      0x1ac C:/devkitPro/libctru/lib\libctru.a(shbin.o)
                0x0010afc8                DVLB_ParseFile
 .text.DVLB_Free
                0x0010b174       0x50 C:/devkitPro/libctru/lib\libctru.a(shbin.o)
                0x0010b174                DVLB_Free
 .text.DVLE_GetUniformRegister
                0x0010b1c4       0x74 C:/devkitPro/libctru/lib\libctru.a(shbin.o)
                0x0010b1c4                DVLE_GetUniformRegister
 .text.aptConvertScreenForCapture
                0x0010b238      0x180 C:/devkitPro/libctru/lib\libctru.a(apt.o)
 .text.aptDspSleep
                0x0010b3b8        0x8 C:/devkitPro/libctru/lib\libctru.a(apt.o)
                0x0010b3b8                aptDspSleep
 .text.aptDspWakeup
                0x0010b3c0        0x4 C:/devkitPro/libctru/lib\libctru.a(apt.o)
                0x0010b3c0                aptDspWakeup
 .text.aptDspCancel
                0x0010b3c4        0x4 C:/devkitPro/libctru/lib\libctru.a(apt.o)
                0x0010b3c4                aptDspCancel
 .text.aptSendCommand
                0x0010b3c8      0x138 C:/devkitPro/libctru/lib\libctru.a(apt.o)
                0x0010b3c8                aptSendCommand
 .text.aptExitProcess
                0x0010b500       0x44 C:/devkitPro/libctru/lib\libctru.a(apt.o)
 .text.aptExit  0x0010b544      0x394 C:/devkitPro/libctru/lib\libctru.a(apt.o)
                0x0010b544                aptExit
 .text.aptHandleSleep
                0x0010b8d8       0xd8 C:/devkitPro/libctru/lib\libctru.a(apt.o)
                0x0010b8d8                aptHandleSleep
 .text.aptHook  0x0010b9b0       0x34 C:/devkitPro/libctru/lib\libctru.a(apt.o)
                0x0010b9b0                aptHook
 .text.aptUnhook
                0x0010b9e4       0x30 C:/devkitPro/libctru/lib\libctru.a(apt.o)
                0x0010b9e4                aptUnhook
 .text.aptSetMessageCallback
                0x0010ba14       0x1c C:/devkitPro/libctru/lib\libctru.a(apt.o)
                0x0010ba14                aptSetMessageCallback
 .text.APT_SleepIfShellClosed
                0x0010ba30       0x84 C:/devkitPro/libctru/lib\libctru.a(apt.o)
                0x0010ba30                APT_SleepIfShellClosed
 .text.aptSetSleepAllowed
                0x0010bab4       0x78 C:/devkitPro/libctru/lib\libctru.a(apt.o)
                0x0010bab4                aptSetSleepAllowed
 .text.APT_UnlockTransition
                0x0010bb2c       0x84 C:/devkitPro/libctru/lib\libctru.a(apt.o)
                0x0010bb2c                APT_UnlockTransition
 .text.aptEventHandler
                0x0010bbb0      0x470 C:/devkitPro/libctru/lib\libctru.a(apt.o)
 .text.APT_ReceiveParameter
                0x0010c020       0xbc C:/devkitPro/libctru/lib\libctru.a(apt.o)
                0x0010c020                APT_ReceiveParameter
 .text.aptReceiveParameter.constprop.0
                0x0010c0dc       0xb0 C:/devkitPro/libctru/lib\libctru.a(apt.o)
 *fill*         0x0010c18c        0x4 
 .text.aptScreenTransfer
                0x0010c190      0x294 C:/devkitPro/libctru/lib\libctru.a(apt.o)
 .text.aptWaitForWakeUp.isra.0
                0x0010c424      0x2d0 C:/devkitPro/libctru/lib\libctru.a(apt.o)
 .text.aptLaunchLibraryApplet
                0x0010c6f4      0x114 C:/devkitPro/libctru/lib\libctru.a(apt.o)
                0x0010c6f4                aptLaunchLibraryApplet
 .text.aptJumpToHomeMenu
                0x0010c808       0xf4 C:/devkitPro/libctru/lib\libctru.a(apt.o)
                0x0010c808                aptJumpToHomeMenu
 .text.aptMainLoop
                0x0010c8fc       0x58 C:/devkitPro/libctru/lib\libctru.a(apt.o)
                0x0010c8fc                aptMainLoop
 .text.aptInit  0x0010c954      0x240 C:/devkitPro/libctru/lib\libctru.a(apt.o)
                0x0010c954                aptInit
 .text.APT_SendParameter
                0x0010cb94       0x5c C:/devkitPro/libctru/lib\libctru.a(apt.o)
                0x0010cb94                APT_SendParameter
 .text.APT_CheckNew3DS
                0x0010cbf0       0x90 C:/devkitPro/libctru/lib\libctru.a(apt.o)
                0x0010cbf0                APT_CheckNew3DS
 .text.APT_GetSharedFont
                0x0010cc80       0x48 C:/devkitPro/libctru/lib\libctru.a(apt.o)
                0x0010cc80                APT_GetSharedFont
 .text.fsInit   0x0010ccc8      0x104 C:/devkitPro/libctru/lib\libctru.a(fs.o)
                0x0010ccc8                fsInit
 .text.fsExit   0x0010cdcc       0x3c C:/devkitPro/libctru/lib\libctru.a(fs.o)
                0x0010cdcc                fsExit
 .text.fsExemptFromSession
                0x0010ce08       0x68 C:/devkitPro/libctru/lib\libctru.a(fs.o)
                0x0010ce08                fsExemptFromSession
 .text.fsUnexemptFromSession
                0x0010ce70       0x50 C:/devkitPro/libctru/lib\libctru.a(fs.o)
                0x0010ce70                fsUnexemptFromSession
 .text.FSUSER_OpenFile
                0x0010cec0       0xcc C:/devkitPro/libctru/lib\libctru.a(fs.o)
                0x0010cec0                FSUSER_OpenFile
 .text.FSUSER_OpenFileDirectly
                0x0010cf8c       0xcc C:/devkitPro/libctru/lib\libctru.a(fs.o)
                0x0010cf8c                FSUSER_OpenFileDirectly
 .text.FSUSER_DeleteFile
                0x0010d058       0xb8 C:/devkitPro/libctru/lib\libctru.a(fs.o)
                0x0010d058                FSUSER_DeleteFile
 .text.FSUSER_RenameFile
                0x0010d110       0xf4 C:/devkitPro/libctru/lib\libctru.a(fs.o)
                0x0010d110                FSUSER_RenameFile
 .text.FSUSER_DeleteDirectory
                0x0010d204       0xb8 C:/devkitPro/libctru/lib\libctru.a(fs.o)
                0x0010d204                FSUSER_DeleteDirectory
 .text.FSUSER_CreateFile
                0x0010d2bc       0xd0 C:/devkitPro/libctru/lib\libctru.a(fs.o)
                0x0010d2bc                FSUSER_CreateFile
 .text.FSUSER_CreateDirectory
                0x0010d38c       0xc0 C:/devkitPro/libctru/lib\libctru.a(fs.o)
                0x0010d38c                FSUSER_CreateDirectory
 .text.FSUSER_RenameDirectory
                0x0010d44c       0xf4 C:/devkitPro/libctru/lib\libctru.a(fs.o)
                0x0010d44c                FSUSER_RenameDirectory
 .text.FSUSER_OpenDirectory
                0x0010d540       0xb4 C:/devkitPro/libctru/lib\libctru.a(fs.o)
                0x0010d540                FSUSER_OpenDirectory
 .text.FSUSER_OpenArchive
                0x0010d5f4       0x90 C:/devkitPro/libctru/lib\libctru.a(fs.o)
                0x0010d5f4                FSUSER_OpenArchive
 .text.FSUSER_CloseArchive
                0x0010d684       0x8c C:/devkitPro/libctru/lib\libctru.a(fs.o)
                0x0010d684                FSUSER_CloseArchive
 .text.FSUSER_GetSdmcArchiveResource
                0x0010d710       0x74 C:/devkitPro/libctru/lib\libctru.a(fs.o)
                0x0010d710                FSUSER_GetSdmcArchiveResource
 .text.FSUSER_IsSdmcWritable
                0x0010d784       0x64 C:/devkitPro/libctru/lib\libctru.a(fs.o)
                0x0010d784                FSUSER_IsSdmcWritable
 .text.FSFILE_Read
                0x0010d7e8       0x64 C:/devkitPro/libctru/lib\libctru.a(fs.o)
                0x0010d7e8                FSFILE_Read
 .text.FSFILE_Write
                0x0010d84c       0x6c C:/devkitPro/libctru/lib\libctru.a(fs.o)
                0x0010d84c                FSFILE_Write
 .text.FSFILE_GetSize
                0x0010d8b8       0x44 C:/devkitPro/libctru/lib\libctru.a(fs.o)
                0x0010d8b8                FSFILE_GetSize
 .text.FSFILE_SetSize
                0x0010d8fc       0x28 C:/devkitPro/libctru/lib\libctru.a(fs.o)
                0x0010d8fc                FSFILE_SetSize
 .text.FSFILE_Close
                0x0010d924       0x3c C:/devkitPro/libctru/lib\libctru.a(fs.o)
                0x0010d924                FSFILE_Close
 .text.FSFILE_Flush
                0x0010d960       0x24 C:/devkitPro/libctru/lib\libctru.a(fs.o)
                0x0010d960                FSFILE_Flush
 .text.FSDIR_Read
                0x0010d984       0x60 C:/devkitPro/libctru/lib\libctru.a(fs.o)
                0x0010d984                FSDIR_Read
 .text.FSDIR_Close
                0x0010d9e4       0x3c C:/devkitPro/libctru/lib\libctru.a(fs.o)
                0x0010d9e4                FSDIR_Close
 .text.gspHardwareInit
                0x0010da20      0xc70 C:/devkitPro/libctru/lib\libctru.a(gspgpu.o)
 .text.gspInit  0x0010e690      0x280 C:/devkitPro/libctru/lib\libctru.a(gspgpu.o)
                0x0010e690                gspInit
 .text.gspExit  0x0010e910      0x110 C:/devkitPro/libctru/lib\libctru.a(gspgpu.o)
                0x0010e910                gspExit
 .text.gspHasGpuRight
                0x0010ea20       0x10 C:/devkitPro/libctru/lib\libctru.a(gspgpu.o)
                0x0010ea20                gspHasGpuRight
 .text.gspPresentBuffer
                0x0010ea30       0xa4 C:/devkitPro/libctru/lib\libctru.a(gspgpu.o)
                0x0010ea30                gspPresentBuffer
 .text.gspSetEventCallback
                0x0010ead4       0x30 C:/devkitPro/libctru/lib\libctru.a(gspgpu.o)
                0x0010ead4                gspSetEventCallback
 .text.gspWaitForEvent
                0x0010eb04       0x50 C:/devkitPro/libctru/lib\libctru.a(gspgpu.o)
                0x0010eb04                gspWaitForEvent
 .text.gspWaitForAnyEvent
                0x0010eb54       0x4c C:/devkitPro/libctru/lib\libctru.a(gspgpu.o)
                0x0010eb54                gspWaitForAnyEvent
 .text.gspEventThreadMain
                0x0010eba0      0x154 C:/devkitPro/libctru/lib\libctru.a(gspgpu.o)
 .text.gspSubmitGxCommand
                0x0010ecf4      0x12c C:/devkitPro/libctru/lib\libctru.a(gspgpu.o)
                0x0010ecf4                gspSubmitGxCommand
 .text.GSPGPU_FlushDataCache
                0x0010ee20       0x50 C:/devkitPro/libctru/lib\libctru.a(gspgpu.o)
                0x0010ee20                GSPGPU_FlushDataCache
 .text.GSPGPU_SetLcdForceBlack
                0x0010ee70       0x34 C:/devkitPro/libctru/lib\libctru.a(gspgpu.o)
                0x0010ee70                GSPGPU_SetLcdForceBlack
 .text.GSPGPU_AcquireRight
                0x0010eea4       0x80 C:/devkitPro/libctru/lib\libctru.a(gspgpu.o)
                0x0010eea4                GSPGPU_AcquireRight
 .text.GSPGPU_ReleaseRight
                0x0010ef24       0x5c C:/devkitPro/libctru/lib\libctru.a(gspgpu.o)
                0x0010ef24                GSPGPU_ReleaseRight
 .text.GSPGPU_ImportDisplayCaptureInfo
                0x0010ef80       0x7c C:/devkitPro/libctru/lib\libctru.a(gspgpu.o)
                0x0010ef80                GSPGPU_ImportDisplayCaptureInfo
 .text.GSPGPU_SaveVramSysArea
                0x0010effc       0x2c C:/devkitPro/libctru/lib\libctru.a(gspgpu.o)
                0x0010effc                GSPGPU_SaveVramSysArea
 .text.GSPGPU_RestoreVramSysArea
                0x0010f028       0x2c C:/devkitPro/libctru/lib\libctru.a(gspgpu.o)
                0x0010f028                GSPGPU_RestoreVramSysArea
 .text.hidShouldUseIrrst
                0x0010f054       0x24 C:/devkitPro/libctru/lib\libctru.a(hid.o)
                0x0010f054                hidShouldUseIrrst
 .text.hidInit  0x0010f078      0x1cc C:/devkitPro/libctru/lib\libctru.a(hid.o)
                0x0010f078                hidInit
 .text.hidExit  0x0010f244       0xe8 C:/devkitPro/libctru/lib\libctru.a(hid.o)
                0x0010f244                hidExit
 .text.hidScanInput
                0x0010f32c      0x2a0 C:/devkitPro/libctru/lib\libctru.a(hid.o)
                0x0010f32c                hidScanInput
 .text.hidKeysDown
                0x0010f5cc       0x10 C:/devkitPro/libctru/lib\libctru.a(hid.o)
                0x0010f5cc                hidKeysDown
 .text.hidTouchRead
                0x0010f5dc       0x18 C:/devkitPro/libctru/lib\libctru.a(hid.o)
                0x0010f5dc                hidTouchRead
 .text.irrstInit
                0x0010f5f4      0x1a4 C:/devkitPro/libctru/lib\libctru.a(irrst.o)
                0x0010f5f4                irrstInit
 .text.irrstExit
                0x0010f798       0xdc C:/devkitPro/libctru/lib\libctru.a(irrst.o)
                0x0010f798                irrstExit
 .text.irrstScanInput
                0x0010f874       0xb4 C:/devkitPro/libctru/lib\libctru.a(irrst.o)
                0x0010f874                irrstScanInput
 .text.irrstKeysHeld
                0x0010f928       0x24 C:/devkitPro/libctru/lib\libctru.a(irrst.o)
                0x0010f928                irrstKeysHeld
 .text.ptmSysmInit
                0x0010f94c       0x78 C:/devkitPro/libctru/lib\libctru.a(ptmsysm.o)
                0x0010f94c                ptmSysmInit
 .text.ptmSysmExit
                0x0010f9c4       0x3c C:/devkitPro/libctru/lib\libctru.a(ptmsysm.o)
                0x0010f9c4                ptmSysmExit
 .text.PTMSYSM_ConfigureNew3DSCPU
                0x0010fa00       0x34 C:/devkitPro/libctru/lib\libctru.a(ptmsysm.o)
                0x0010fa00                PTMSYSM_ConfigureNew3DSCPU
 .text.swkbdMessageCallback
                0x0010fa34      0x190 C:/devkitPro/libctru/lib\libctru.a(swkbd.o)
 .text.swkbdInit
                0x0010fbc4       0x84 C:/devkitPro/libctru/lib\libctru.a(swkbd.o)
                0x0010fbc4                swkbdInit
 .text.swkbdSetHintText
                0x0010fc48       0x64 C:/devkitPro/libctru/lib\libctru.a(swkbd.o)
                0x0010fc48                swkbdSetHintText
 .text.swkbdSetButton
                0x0010fcac       0x88 C:/devkitPro/libctru/lib\libctru.a(swkbd.o)
                0x0010fcac                swkbdSetButton
 .text.swkbdInputText
                0x0010fd34      0x3a8 C:/devkitPro/libctru/lib\libctru.a(swkbd.o)
                0x0010fd34                swkbdInputText
 .text.rbtree_find
                0x001100dc       0x74 C:/devkitPro/libctru/lib\libctru.a(rbtree_find.o)
                0x001100dc                rbtree_find
 .text.rbtree_init
                0x00110150       0x10 C:/devkitPro/libctru/lib\libctru.a(rbtree_init.o)
                0x00110150                rbtree_init
 .text.do_insert
                0x00110160      0x198 C:/devkitPro/libctru/lib\libctru.a(rbtree_insert.o)
 .text.rbtree_insert
                0x001102f8        0x8 C:/devkitPro/libctru/lib\libctru.a(rbtree_insert.o)
                0x001102f8                rbtree_insert
 .text.rbtree_remove
                0x00110300      0x310 C:/devkitPro/libctru/lib\libctru.a(rbtree_remove.o)
                0x00110300                rbtree_remove
 .text.rbtree_rotate
                0x00110610       0x90 C:/devkitPro/libctru/lib\libctru.a(rbtree_rotate.o)
                0x00110610                rbtree_rotate
 .text.decode_utf8
                0x001106a0      0x140 C:/devkitPro/libctru/lib\libctru.a(decode_utf8.o)
                0x001106a0                decode_utf8
 .text.utf16_to_utf8
                0x001107e0       0xe8 C:/devkitPro/libctru/lib\libctru.a(utf16_to_utf8.o)
                0x001107e0                utf16_to_utf8
 .text.utf8_to_utf16
                0x001108c8       0xc0 C:/devkitPro/libctru/lib\libctru.a(utf8_to_utf16.o)
                0x001108c8                utf8_to_utf16
 .text.__system_allocateHeaps
                0x00110988      0x1e8 C:/devkitPro/libctru/lib\libctru.a(allocateHeaps.o)
                0x00110988                __system_allocateHeaps
 .text.__libctru_init
                0x00110b70       0x38 C:/devkitPro/libctru/lib\libctru.a(ctru_init.o)
                0x00110b70                __libctru_init
 .text.__system_initArgv
                0x00110ba8      0x16c C:/devkitPro/libctru/lib\libctru.a(initArgv.o)
                0x00110ba8                __system_initArgv
 .text.__syscall_getreent
                0x00110d14       0x30 C:/devkitPro/libctru/lib\libctru.a(syscalls.o)
                0x00110d14                __syscall_getreent
 .text.__syscall_gettod_r
                0x00110d44       0x64 C:/devkitPro/libctru/lib\libctru.a(syscalls.o)
                0x00110d44                __syscall_gettod_r
 .text.__syscall_lock_acquire
                0x00110da8        0x4 C:/devkitPro/libctru/lib\libctru.a(syscalls.o)
                0x00110da8                __syscall_lock_acquire
 .text.__syscall_lock_release
                0x00110dac        0x4 C:/devkitPro/libctru/lib\libctru.a(syscalls.o)
                0x00110dac                __syscall_lock_release
 .text.__syscall_lock_acquire_recursive
                0x00110db0        0x4 C:/devkitPro/libctru/lib\libctru.a(syscalls.o)
                0x00110db0                __syscall_lock_acquire_recursive
 .text.__syscall_lock_release_recursive
                0x00110db4        0x4 C:/devkitPro/libctru/lib\libctru.a(syscalls.o)
                0x00110db4                __syscall_lock_release_recursive
 .text.__syscall_exit
                0x00110db8        0x4 C:/devkitPro/libctru/lib\libctru.a(syscalls.o)
                0x00110db8                __syscall_exit
 .text.initThreadVars
                0x00110dbc       0x54 C:/devkitPro/libctru/lib\libctru.a(syscalls.o)
                0x00110dbc                initThreadVars
 .text.__system_initSyscalls
                0x00110e10       0x80 C:/devkitPro/libctru/lib\libctru.a(syscalls.o)
                0x00110e10                __system_initSyscalls
 .text.svcControlMemory
                0x00110e90       0x20 C:/devkitPro/libctru/lib\libctru.a(svc.o)
                0x00110e90                svcControlMemory
 .text.svcQueryMemory
                0x00110eb0       0x30 C:/devkitPro/libctru/lib\libctru.a(svc.o)
                0x00110eb0                svcQueryMemory
 .text.svcExitProcess
                0x00110ee0        0x8 C:/devkitPro/libctru/lib\libctru.a(svc.o)
                0x00110ee0                svcExitProcess
 .text.svcCreateThread
                0x00110ee8       0x20 C:/devkitPro/libctru/lib\libctru.a(svc.o)
                0x00110ee8                svcCreateThread
 .text.svcExitThread
                0x00110f08        0x8 C:/devkitPro/libctru/lib\libctru.a(svc.o)
                0x00110f08                svcExitThread
 .text.svcSleepThread
                0x00110f10        0x8 C:/devkitPro/libctru/lib\libctru.a(svc.o)
                0x00110f10                svcSleepThread
 .text.svcReleaseMutex
                0x00110f18        0x8 C:/devkitPro/libctru/lib\libctru.a(svc.o)
                0x00110f18                svcReleaseMutex
 .text.svcCreateEvent
                0x00110f20       0x14 C:/devkitPro/libctru/lib\libctru.a(svc.o)
                0x00110f20                svcCreateEvent
 .text.svcSignalEvent
                0x00110f34        0x8 C:/devkitPro/libctru/lib\libctru.a(svc.o)
                0x00110f34                svcSignalEvent
 .text.svcClearEvent
                0x00110f3c        0x8 C:/devkitPro/libctru/lib\libctru.a(svc.o)
                0x00110f3c                svcClearEvent
 .text.svcCreateMemoryBlock
                0x00110f44       0x18 C:/devkitPro/libctru/lib\libctru.a(svc.o)
                0x00110f44                svcCreateMemoryBlock
 .text.svcMapMemoryBlock
                0x00110f5c        0x8 C:/devkitPro/libctru/lib\libctru.a(svc.o)
                0x00110f5c                svcMapMemoryBlock
 .text.svcUnmapMemoryBlock
                0x00110f64        0x8 C:/devkitPro/libctru/lib\libctru.a(svc.o)
                0x00110f64                svcUnmapMemoryBlock
 .text.svcCreateAddressArbiter
                0x00110f6c       0x14 C:/devkitPro/libctru/lib\libctru.a(svc.o)
                0x00110f6c                svcCreateAddressArbiter
 .text.svcArbitrateAddressNoTimeout
                0x00110f80        0x8 C:/devkitPro/libctru/lib\libctru.a(svc.o)
                0x00110f80                svcArbitrateAddressNoTimeout
 .text.svcCloseHandle
                0x00110f88        0x8 C:/devkitPro/libctru/lib\libctru.a(svc.o)
                0x00110f88                svcCloseHandle
 .text.svcWaitSynchronization
                0x00110f90        0x8 C:/devkitPro/libctru/lib\libctru.a(svc.o)
                0x00110f90                svcWaitSynchronization
 .text.svcWaitSynchronizationN
                0x00110f98       0x28 C:/devkitPro/libctru/lib\libctru.a(svc.o)
                0x00110f98                svcWaitSynchronizationN
 .text.svcDuplicateHandle
                0x00110fc0       0x14 C:/devkitPro/libctru/lib\libctru.a(svc.o)
                0x00110fc0                svcDuplicateHandle
 .text.svcGetSystemTick
                0x00110fd4        0x8 C:/devkitPro/libctru/lib\libctru.a(svc.o)
                0x00110fd4                svcGetSystemTick
 .text.svcConnectToPort
                0x00110fdc       0x14 C:/devkitPro/libctru/lib\libctru.a(svc.o)
                0x00110fdc                svcConnectToPort
 .text.svcSendSyncRequest
                0x00110ff0        0x8 C:/devkitPro/libctru/lib\libctru.a(svc.o)
                0x00110ff0                svcSendSyncRequest
 .text.svcGetResourceLimit
                0x00110ff8       0x14 C:/devkitPro/libctru/lib\libctru.a(svc.o)
                0x00110ff8                svcGetResourceLimit
 .text.svcGetResourceLimitLimitValues
                0x0011100c        0x8 C:/devkitPro/libctru/lib\libctru.a(svc.o)
                0x0011100c                svcGetResourceLimitLimitValues
 .text.svcGetResourceLimitCurrentValues
                0x00111014        0x8 C:/devkitPro/libctru/lib\libctru.a(svc.o)
                0x00111014                svcGetResourceLimitCurrentValues
 .text.svcBreak
                0x0011101c        0x8 C:/devkitPro/libctru/lib\libctru.a(svc.o)
                0x0011101c                svcBreak
 .text.__aeabi_read_tp
                0x00111024        0xc C:/devkitPro/libctru/lib\libctru.a(readtp.o)
                0x00111024                __aeabi_read_tp
 .text.initSystem
                0x00111030       0x50 C:/devkitPro/libctru/lib\libctru.a(stack_adjust.o)
                0x00111030                initSystem
 .text.__ctru_exit
                0x00111080       0x14 C:/devkitPro/libctru/lib\libctru.a(stack_adjust.o)
                0x00111080                __ctru_exit
 .text.envGetHandle
                0x00111094       0x8c C:/devkitPro/libctru/lib\libctru.a(env.o)
                0x00111094                envGetHandle
 .text.envDestroyHandles
                0x00111120       0x50 C:/devkitPro/libctru/lib\libctru.a(env.o)
                0x00111120                envDestroyHandles
 .text.srvInit  0x00111170      0x164 C:/devkitPro/libctru/lib\libctru.a(srv.o)
                0x00111170                srvInit
 .text.srvExit  0x001112d4       0x64 C:/devkitPro/libctru/lib\libctru.a(srv.o)
                0x001112d4                srvExit
 .text.srvEnableNotification
                0x00111338       0x60 C:/devkitPro/libctru/lib\libctru.a(srv.o)
                0x00111338                srvEnableNotification
 .text.srvGetServiceHandleDirect
                0x00111398       0xa0 C:/devkitPro/libctru/lib\libctru.a(srv.o)
                0x00111398                srvGetServiceHandleDirect
 .text.srvGetServiceHandle
                0x00111438       0x48 C:/devkitPro/libctru/lib\libctru.a(srv.o)
                0x00111438                srvGetServiceHandle
 .text.srvSubscribe
                0x00111480       0x34 C:/devkitPro/libctru/lib\libctru.a(srv.o)
                0x00111480                srvSubscribe
 .text.srvReceiveNotification
                0x001114b4       0x60 C:/devkitPro/libctru/lib\libctru.a(srv.o)
                0x001114b4                srvReceiveNotification
 .text.srvPublishToSubscriber
                0x00111514       0x38 C:/devkitPro/libctru/lib\libctru.a(srv.o)
                0x00111514                srvPublishToSubscriber
 .text.__sync_init
                0x0011154c        0xc C:/devkitPro/libctru/lib\libctru.a(synchronization.o)
                0x0011154c                __sync_init
 .text.__sync_fini
                0x00111558       0x18 C:/devkitPro/libctru/lib\libctru.a(synchronization.o)
                0x00111558                __sync_fini
 .text.syncArbitrateAddress
                0x00111570       0x28 C:/devkitPro/libctru/lib\libctru.a(synchronization.o)
                0x00111570                syncArbitrateAddress
 .text.LightLock_Lock
                0x00111598       0xac C:/devkitPro/libctru/lib\libctru.a(synchronization.o)
                0x00111598                LightLock_Lock
 .text.LightLock_Unlock
                0x00111644       0x40 C:/devkitPro/libctru/lib\libctru.a(synchronization.o)
                0x00111644                LightLock_Unlock
 .text.RecursiveLock_Lock
                0x00111684       0x54 C:/devkitPro/libctru/lib\libctru.a(synchronization.o)
                0x00111684                RecursiveLock_Lock
 .text.RecursiveLock_Unlock
                0x001116d8       0x54 C:/devkitPro/libctru/lib\libctru.a(synchronization.o)
                0x001116d8                RecursiveLock_Unlock
 .text.LightEvent_Init
                0x0011172c       0x44 C:/devkitPro/libctru/lib\libctru.a(synchronization.o)
                0x0011172c                LightEvent_Init
 .text.LightEvent_Clear
                0x00111770       0xb8 C:/devkitPro/libctru/lib\libctru.a(synchronization.o)
                0x00111770                LightEvent_Clear
 .text.LightEvent_Signal
                0x00111828       0xdc C:/devkitPro/libctru/lib\libctru.a(synchronization.o)
                0x00111828                LightEvent_Signal
 .text.LightEvent_TryWait
                0x00111904       0x50 C:/devkitPro/libctru/lib\libctru.a(synchronization.o)
                0x00111904                LightEvent_TryWait
 .text.LightEvent_Wait
                0x00111954       0xac C:/devkitPro/libctru/lib\libctru.a(synchronization.o)
                0x00111954                LightEvent_Wait
 .text.threadCreate
                0x00111a00      0x1fc C:/devkitPro/libctru/lib\libctru.a(thread.o)
                0x00111a00                threadCreate
 .text.threadFree
                0x00111bfc       0x38 C:/devkitPro/libctru/lib\libctru.a(thread.o)
                0x00111bfc                threadFree
 .text.threadJoin
                0x00111c34       0x24 C:/devkitPro/libctru/lib\libctru.a(thread.o)
                0x00111c34                threadJoin
 .text.threadGetCurrent
                0x00111c58       0x30 C:/devkitPro/libctru/lib\libctru.a(thread.o)
                0x00111c58                threadGetCurrent
 .text.threadExit
                0x00111c88       0x40 C:/devkitPro/libctru/lib\libctru.a(thread.o)
                0x00111c88                threadExit
 .text._thread_begin
                0x00111cc8       0x20 C:/devkitPro/libctru/lib\libctru.a(thread.o)
 .text.mappableFindAddressWithin
                0x00111ce8       0x90 C:/devkitPro/libctru/lib\libctru.a(mappable.o)
 .text.mappableInit
                0x00111d78       0x28 C:/devkitPro/libctru/lib\libctru.a(mappable.o)
                0x00111d78                mappableInit
 .text.mappableAlloc
                0x00111da0       0x7c C:/devkitPro/libctru/lib\libctru.a(mappable.o)
                0x00111da0                mappableAlloc
 .text.mappableFree
                0x00111e1c        0x4 C:/devkitPro/libctru/lib\libctru.a(mappable.o)
                0x00111e1c                mappableFree
 .text.srvPmGetSessionHandle
                0x00111e20        0xc C:/devkitPro/libctru/lib\libctru.a(srvpm.o)
                0x00111e20                srvPmGetSessionHandle
 .text.rbtree_node_next
                0x00111e2c       0x60 C:/devkitPro/libctru/lib\libctru.a(rbtree_iterator.o)
                0x00111e2c                rbtree_node_next
 .text.decode_utf16
                0x00111e8c       0x54 C:/devkitPro/libctru/lib\libctru.a(decode_utf16.o)
                0x00111e8c                decode_utf16
 .text.encode_utf16
                0x00111ee0       0x54 C:/devkitPro/libctru/lib\libctru.a(encode_utf16.o)
                0x00111ee0                encode_utf16
 .text.encode_utf8
                0x00111f34       0xe0 C:/devkitPro/libctru/lib\libctru.a(encode_utf8.o)
                0x00111f34                encode_utf8
 .text.__appExit
                0x00112014       0x30 C:/devkitPro/libctru/lib\libctru.a(appExit.o)
                0x00112014                __appExit
 .text.__appInit
                0x00112044       0x30 C:/devkitPro/libctru/lib\libctru.a(appInit.o)
                0x00112044                __appInit
 .text.__libctru_exit
                0x00112074       0x90 C:/devkitPro/libctru/lib\libctru.a(ctru_exit.o)
                0x00112074                __libctru_exit
 .text.archive_link
                0x00112104       0x14 C:/devkitPro/libctru/lib\libctru.a(archive_dev.o)
 .text.archive_dirreset
                0x00112118       0x14 C:/devkitPro/libctru/lib\libctru.a(archive_dev.o)
 .text.archive_chmod
                0x0011212c       0x14 C:/devkitPro/libctru/lib\libctru.a(archive_dev.o)
 .text.error_cmp
                0x00112140       0x24 C:/devkitPro/libctru/lib\libctru.a(archive_dev.o)
 .text.archive_translate_error
                0x00112164       0x50 C:/devkitPro/libctru/lib\libctru.a(archive_dev.o)
 .text.archive_seek
                0x001121b4       0xc0 C:/devkitPro/libctru/lib\libctru.a(archive_dev.o)
 .text._archiveInit.part.0
                0x00112274       0x78 C:/devkitPro/libctru/lib\libctru.a(archive_dev.o)
 .text.archiveFindDevice.part.0
                0x001122ec       0xd4 C:/devkitPro/libctru/lib\libctru.a(archive_dev.o)
 .text.archive_utf16path
                0x001123c0      0x298 C:/devkitPro/libctru/lib\libctru.a(archive_dev.o)
 .text._archiveUnmountDeviceStruct.part.0
                0x00112658       0x98 C:/devkitPro/libctru/lib\libctru.a(archive_dev.o)
 .text.archive_statvfs
                0x001126f0       0x14 C:/devkitPro/libctru/lib\libctru.a(archive_dev.o)
 .text.archive_fchmod
                0x00112704       0x14 C:/devkitPro/libctru/lib\libctru.a(archive_dev.o)
 .text._archiveMountDevice
                0x00112718      0x178 C:/devkitPro/libctru/lib\libctru.a(archive_dev.o)
 .text.archive_diropen
                0x00112890       0xf8 C:/devkitPro/libctru/lib\libctru.a(archive_dev.o)
 .text.archive_fstat
                0x00112988       0xac C:/devkitPro/libctru/lib\libctru.a(archive_dev.o)
 .text.archive_fsync
                0x00112a34       0x74 C:/devkitPro/libctru/lib\libctru.a(archive_dev.o)
 .text.archive_close
                0x00112aa8       0x74 C:/devkitPro/libctru/lib\libctru.a(archive_dev.o)
 .text.archive_dirclose
                0x00112b1c       0x78 C:/devkitPro/libctru/lib\libctru.a(archive_dev.o)
 .text.sdmc_statvfs
                0x00112b94       0xec C:/devkitPro/libctru/lib\libctru.a(archive_dev.o)
 .text.archive_chdir
                0x00112c80       0xf8 C:/devkitPro/libctru/lib\libctru.a(archive_dev.o)
 .text.archive_ftruncate
                0x00112d78       0x8c C:/devkitPro/libctru/lib\libctru.a(archive_dev.o)
 .text.archive_read
                0x00112e04       0xbc C:/devkitPro/libctru/lib\libctru.a(archive_dev.o)
 .text.archive_unlink
                0x00112ec0       0xa8 C:/devkitPro/libctru/lib\libctru.a(archive_dev.o)
 .text.archive_rmdir
                0x00112f68       0xc0 C:/devkitPro/libctru/lib\libctru.a(archive_dev.o)
 .text.archive_mkdir
                0x00113028       0xd8 C:/devkitPro/libctru/lib\libctru.a(archive_dev.o)
 .text.archive_stat
                0x00113100      0x1a0 C:/devkitPro/libctru/lib\libctru.a(archive_dev.o)
 .text.archive_dirnext
                0x001132a0      0x164 C:/devkitPro/libctru/lib\libctru.a(archive_dev.o)
 .text.archive_write
                0x00113404      0x13c C:/devkitPro/libctru/lib\libctru.a(archive_dev.o)
 .text.archive_open
                0x00113540      0x254 C:/devkitPro/libctru/lib\libctru.a(archive_dev.o)
 .text.archive_rename
                0x00113794      0x270 C:/devkitPro/libctru/lib\libctru.a(archive_dev.o)
 .text.archiveMountSdmc
                0x00113a04      0x1c8 C:/devkitPro/libctru/lib\libctru.a(archive_dev.o)
                0x00113a04                archiveMountSdmc
 .text.archiveUnmountAll
                0x00113bcc       0x54 C:/devkitPro/libctru/lib\libctru.a(archive_dev.o)
                0x00113bcc                archiveUnmountAll
 .text.ceilf    0x00113c20       0xc0 C:/devkitPro/devkitARM/bin/../lib/gcc/arm-none-eabi/15.1.0/../../../../arm-none-eabi/lib/armv6k/fpu\libm.a(libm_a-sf_ceil.o)
                0x00113c20                ceilf
 .text.__fixdfdi
                0x00113ce0       0x2c C:/devkitPro/devkitARM/bin/../lib/gcc/arm-none-eabi/15.1.0/armv6k/fpu\libgcc.a(_fixdfdi.o)
                0x00113ce0                __fixdfdi
                0x00113ce0                __aeabi_d2lz
 *fill*         0x00113d0c        0x4 
 .text.__fixunsdfdi
                0x00113d10       0x40 C:/devkitPro/devkitARM/bin/../lib/gcc/arm-none-eabi/15.1.0/armv6k/fpu\libgcc.a(_fixunsdfdi.o)
                0x00113d10                __fixunsdfdi
                0x00113d10                __aeabi_d2ulz
 .text.__udivmoddi4
                0x00113d50      0x130 C:/devkitPro/devkitARM/bin/../lib/gcc/arm-none-eabi/15.1.0/armv6k/fpu\libgcc.a(_udivmoddi4.o)
                0x00113d50                __udivmoddi4
 .text.strncmp  0x00113e80       0xd8 C:/devkitPro/devkitARM/bin/../lib/gcc/arm-none-eabi/15.1.0/../../../../arm-none-eabi/lib/armv6k/fpu\libg.a(libc_a-strncmp.o)
                0x00113e80                strncmp
 .text.strchr   0x00113f58      0x140 C:/devkitPro/devkitARM/bin/../lib/gcc/arm-none-eabi/15.1.0/../../../../arm-none-eabi/lib/armv6k/fpu\libg.a(libc_a-strchr.o)
                0x00113f58                strchr
 .text.srand    0x00114098       0x1c C:/devkitPro/devkitARM/bin/../lib/gcc/arm-none-eabi/15.1.0/../../../../arm-none-eabi/lib/armv6k/fpu\libg.a(libc_a-rand.o)
                0x00114098                srand
 .text.rand     0x001140b4       0x44 C:/devkitPro/devkitARM/bin/../lib/gcc/arm-none-eabi/15.1.0/../../../../arm-none-eabi/lib/armv6k/fpu\libg.a(libc_a-rand.o)
                0x001140b4                rand
 .text._fgets_r
                0x001140f8      0x198 C:/devkitPro/devkitARM/bin/../lib/gcc/arm-none-eabi/15.1.0/../../../../arm-none-eabi/lib/armv6k/fpu\libg.a(libc_a-fgets.o)
                0x001140f8                _fgets_r
 .text.fgets    0x00114290       0x30 C:/devkitPro/devkitARM/bin/../lib/gcc/arm-none-eabi/15.1.0/../../../../arm-none-eabi/lib/armv6k/fpu\libg.a(libc_a-fgets.o)
                0x00114290                fgets
 .text._fclose_r
                0x001142c0      0x144 C:/devkitPro/devkitARM/bin/../lib/gcc/arm-none-eabi/15.1.0/../../../../arm-none-eabi/lib/armv6k/fpu\libg.a(libc_a-fclose.o)
                0x001142c0                _fclose_r
 .text.strlen   0x00114404       0x8c C:/devkitPro/devkitARM/bin/../lib/gcc/arm-none-eabi/15.1.0/../../../../arm-none-eabi/lib/armv6k/fpu\libg.a(libc_a-strlen.o)
                0x00114404                strlen
 .text.sprintf  0x00114490       0x68 C:/devkitPro/devkitARM/bin/../lib/gcc/arm-none-eabi/15.1.0/../../../../arm-none-eabi/lib/armv6k/fpu\libg.a(libc_a-sprintf.o)
                0x00114490                sprintf
 .text.memcmp   0x001144f8       0xd8 C:/devkitPro/devkitARM/bin/../lib/gcc/arm-none-eabi/15.1.0/../../../../arm-none-eabi/lib/armv6k/fpu\libg.a(libc_a-memcmp.o)
                0x001144f8                memcmp
 .text.stdio_exit_handler
                0x001145d0       0x1c C:/devkitPro/devkitARM/bin/../lib/gcc/arm-none-eabi/15.1.0/../../../../arm-none-eabi/lib/armv6k/fpu\libg.a(libc_a-findfp.o)
 .text.cleanup_stdio
                0x001145ec       0x5c C:/devkitPro/devkitARM/bin/../lib/gcc/arm-none-eabi/15.1.0/../../../../arm-none-eabi/lib/armv6k/fpu\libg.a(libc_a-findfp.o)
 .text.global_stdio_init.part.0
                0x00114648      0x154 C:/devkitPro/devkitARM/bin/../lib/gcc/arm-none-eabi/15.1.0/../../../../arm-none-eabi/lib/armv6k/fpu\libg.a(libc_a-findfp.o)
 .text.__sfp    0x0011479c      0x138 C:/devkitPro/devkitARM/bin/../lib/gcc/arm-none-eabi/15.1.0/../../../../arm-none-eabi/lib/armv6k/fpu\libg.a(libc_a-findfp.o)
                0x0011479c                __sfp
 .text.__sinit  0x001148d4       0x5c C:/devkitPro/devkitARM/bin/../lib/gcc/arm-none-eabi/15.1.0/../../../../arm-none-eabi/lib/armv6k/fpu\libg.a(libc_a-findfp.o)
                0x001148d4                __sinit
 .text.__sfp_lock_acquire
                0x00114930        0xc C:/devkitPro/devkitARM/bin/../lib/gcc/arm-none-eabi/15.1.0/../../../../arm-none-eabi/lib/armv6k/fpu\libg.a(libc_a-findfp.o)
                0x00114930                __sfp_lock_acquire
 .text.__sfp_lock_release
                0x0011493c        0xc C:/devkitPro/devkitARM/bin/../lib/gcc/arm-none-eabi/15.1.0/../../../../arm-none-eabi/lib/armv6k/fpu\libg.a(libc_a-findfp.o)
                0x0011493c                __sfp_lock_release
 .text._strtoul_l.isra.0
                0x00114948      0x1ec C:/devkitPro/devkitARM/bin/../lib/gcc/arm-none-eabi/15.1.0/../../../../arm-none-eabi/lib/armv6k/fpu\libg.a(libc_a-strtoul.o)
 .text._strtoul_r
                0x00114b34       0x38 C:/devkitPro/devkitARM/bin/../lib/gcc/arm-none-eabi/15.1.0/../../../../arm-none-eabi/lib/armv6k/fpu\libg.a(libc_a-strtoul.o)
                0x00114b34                _strtoul_r
 .text.strtoul  0x00114b6c       0x3c C:/devkitPro/devkitARM/bin/../lib/gcc/arm-none-eabi/15.1.0/../../../../arm-none-eabi/lib/armv6k/fpu\libg.a(libc_a-strtoul.o)
                0x00114b6c                strtoul
 .text.__libc_init_array
                0x00114ba8       0x84 C:/devkitPro/devkitARM/bin/../lib/gcc/arm-none-eabi/15.1.0/../../../../arm-none-eabi/lib/armv6k/fpu\libg.a(libc_a-init.o)
                0x00114ba8                __libc_init_array
 .text.strncat  0x00114c2c       0x9c C:/devkitPro/devkitARM/bin/../lib/gcc/arm-none-eabi/15.1.0/../../../../arm-none-eabi/lib/armv6k/fpu\libg.a(libc_a-strncat.o)
                0x00114c2c                strncat
 .text._fwalk_sglue
                0x00114cc8       0x70 C:/devkitPro/devkitARM/bin/../lib/gcc/arm-none-eabi/15.1.0/../../../../arm-none-eabi/lib/armv6k/fpu\libg.a(libc_a-fwalk.o)
                0x00114cc8                _fwalk_sglue
 .text.bsearch  0x00114d38       0x78 C:/devkitPro/devkitARM/bin/../lib/gcc/arm-none-eabi/15.1.0/../../../../arm-none-eabi/lib/armv6k/fpu\libg.a(libc_a-bsearch.o)
                0x00114d38                bsearch
 .text.__errno  0x00114db0        0xc C:/devkitPro/devkitARM/bin/../lib/gcc/arm-none-eabi/15.1.0/../../../../arm-none-eabi/lib/armv6k/fpu\libg.a(libc_a-errno.o)
                0x00114db0                __errno
 .text.calloc   0x00114dbc       0x28 C:/devkitPro/devkitARM/bin/../lib/gcc/arm-none-eabi/15.1.0/../../../../arm-none-eabi/lib/armv6k/fpu\libg.a(libc_a-calloc.o)
                0x00114dbc                calloc
 .text.qsort    0x00114de4      0x8e8 C:/devkitPro/devkitARM/bin/../lib/gcc/arm-none-eabi/15.1.0/../../../../arm-none-eabi/lib/armv6k/fpu\libg.a(libc_a-qsort.o)
                0x00114de4                qsort
 .text._calloc_r
                0x001156cc       0xd8 C:/devkitPro/devkitARM/bin/../lib/gcc/arm-none-eabi/15.1.0/../../../../arm-none-eabi/lib/armv6k/fpu\libg.a(libc_a-callocr.o)
                0x001156cc                _calloc_r
 .text.realloc  0x001157a4       0x28 C:/devkitPro/devkitARM/bin/../lib/gcc/arm-none-eabi/15.1.0/../../../../arm-none-eabi/lib/armv6k/fpu\libg.a(libc_a-realloc.o)
                0x001157a4                realloc
 .text._fseek_r
                0x001157cc       0x1c C:/devkitPro/devkitARM/bin/../lib/gcc/arm-none-eabi/15.1.0/../../../../arm-none-eabi/lib/armv6k/fpu\libg.a(libc_a-fseek.o)
                0x001157cc                _fseek_r
 .text.memalign
                0x001157e8       0x28 C:/devkitPro/devkitARM/bin/../lib/gcc/arm-none-eabi/15.1.0/../../../../arm-none-eabi/lib/armv6k/fpu\libg.a(libc_a-malign.o)
                0x001157e8                memalign
 .text._malloc_r
                0x00115810      0x82c C:/devkitPro/devkitARM/bin/../lib/gcc/arm-none-eabi/15.1.0/../../../../arm-none-eabi/lib/armv6k/fpu\libg.a(libc_a-mallocr.o)
                0x00115810                _malloc_r
 .text.memchr   0x0011603c       0xe8 C:/devkitPro/devkitARM/bin/../lib/gcc/arm-none-eabi/15.1.0/../../../../arm-none-eabi/lib/armv6k/fpu\libg.a(libc_a-memchr-stub.o)
                0x0011603c                memchr
 .text._malloc_trim_r
                0x00116124      0x114 C:/devkitPro/devkitARM/bin/../lib/gcc/arm-none-eabi/15.1.0/../../../../arm-none-eabi/lib/armv6k/fpu\libg.a(libc_a-freer.o)
                0x00116124                _malloc_trim_r
 .text._free_r  0x00116238      0x314 C:/devkitPro/devkitARM/bin/../lib/gcc/arm-none-eabi/15.1.0/../../../../arm-none-eabi/lib/armv6k/fpu\libg.a(libc_a-freer.o)
                0x00116238                _free_r
 .text.get_arg  0x0011654c      0x5e0 C:/devkitPro/devkitARM/bin/../lib/gcc/arm-none-eabi/15.1.0/../../../../arm-none-eabi/lib/armv6k/fpu\libg.a(libc_a-svfprintf.o)
 *fill*         0x00116b2c        0x4 
 .text._svfprintf_r
                0x00116b30     0x345c C:/devkitPro/devkitARM/bin/../lib/gcc/arm-none-eabi/15.1.0/../../../../arm-none-eabi/lib/armv6k/fpu\libg.a(libc_a-svfprintf.o)
                0x00116b30                _svfprintf_r
 .text.strnlen  0x00119f8c       0x3c C:/devkitPro/devkitARM/bin/../lib/gcc/arm-none-eabi/15.1.0/../../../../arm-none-eabi/lib/armv6k/fpu\libg.a(libc_a-strnlen.o)
                0x00119f8c                strnlen
 .text.malloc   0x00119fc8       0x40 C:/devkitPro/devkitARM/bin/../lib/gcc/arm-none-eabi/15.1.0/../../../../arm-none-eabi/lib/armv6k/fpu\libg.a(libc_a-malloc.o)
                0x00119fc8                malloc
 .text.free     0x0011a008       0x20 C:/devkitPro/devkitARM/bin/../lib/gcc/arm-none-eabi/15.1.0/../../../../arm-none-eabi/lib/armv6k/fpu\libg.a(libc_a-malloc.o)
                0x0011a008                free
 .text.__sflush_r
                0x0011a028      0x22c C:/devkitPro/devkitARM/bin/../lib/gcc/arm-none-eabi/15.1.0/../../../../arm-none-eabi/lib/armv6k/fpu\libg.a(libc_a-fflush.o)
                0x0011a028                __sflush_r
 .text._fflush_r
                0x0011a254       0xc4 C:/devkitPro/devkitARM/bin/../lib/gcc/arm-none-eabi/15.1.0/../../../../arm-none-eabi/lib/armv6k/fpu\libg.a(libc_a-fflush.o)
                0x0011a254                _fflush_r
 .text.time     0x0011a318       0x48 C:/devkitPro/devkitARM/bin/../lib/gcc/arm-none-eabi/15.1.0/../../../../arm-none-eabi/lib/armv6k/fpu\libg.a(libc_a-time.o)
                0x0011a318                time
 .text.lflush   0x0011a360       0x38 C:/devkitPro/devkitARM/bin/../lib/gcc/arm-none-eabi/15.1.0/../../../../arm-none-eabi/lib/armv6k/fpu\libg.a(libc_a-refill.o)
 .text.__srefill_r
                0x0011a398      0x1a8 C:/devkitPro/devkitARM/bin/../lib/gcc/arm-none-eabi/15.1.0/../../../../arm-none-eabi/lib/armv6k/fpu\libg.a(libc_a-refill.o)
                0x0011a398                __srefill_r
 .text.__smakebuf_r
                0x0011a540      0x164 C:/devkitPro/devkitARM/bin/../lib/gcc/arm-none-eabi/15.1.0/../../../../arm-none-eabi/lib/armv6k/fpu\libg.a(libc_a-makebuf.o)
                0x0011a540                __smakebuf_r
 .text.memset   0x0011a6a4       0xe4 C:/devkitPro/devkitARM/bin/../lib/gcc/arm-none-eabi/15.1.0/../../../../arm-none-eabi/lib/armv6k/fpu\libg.a(libc_a-memset.o)
                0x0011a6a4                memset
 .text._realloc_r
                0x0011a788      0x4f0 C:/devkitPro/devkitARM/bin/../lib/gcc/arm-none-eabi/15.1.0/../../../../arm-none-eabi/lib/armv6k/fpu\libg.a(libc_a-reallocr.o)
                0x0011a788                _realloc_r
 .text.__malloc_lock
                0x0011ac78        0xc C:/devkitPro/devkitARM/bin/../lib/gcc/arm-none-eabi/15.1.0/../../../../arm-none-eabi/lib/armv6k/fpu\libg.a(libc_a-mlock.o)
                0x0011ac78                __malloc_lock
 .text.__malloc_unlock
                0x0011ac84        0xc C:/devkitPro/devkitARM/bin/../lib/gcc/arm-none-eabi/15.1.0/../../../../arm-none-eabi/lib/armv6k/fpu\libg.a(libc_a-mlock.o)
                0x0011ac84                __malloc_unlock
 .text.__call_exitprocs
                0x0011ac90        0x4 C:/devkitPro/devkitARM/bin/../lib/gcc/arm-none-eabi/15.1.0/../../../../arm-none-eabi/lib/armv6k/fpu\libg.a(libc_a-exit.o)
                0x0011ac90                __call_exitprocs
 .text.exit     0x0011ac94       0x30 C:/devkitPro/devkitARM/bin/../lib/gcc/arm-none-eabi/15.1.0/../../../../arm-none-eabi/lib/armv6k/fpu\libg.a(libc_a-exit.o)
                0x0011ac94                exit
 .text._fopen_r
                0x0011acc4      0x134 C:/devkitPro/devkitARM/bin/../lib/gcc/arm-none-eabi/15.1.0/../../../../arm-none-eabi/lib/armv6k/fpu\libg.a(libc_a-fopen.o)
                0x0011acc4                _fopen_r
 .text.fopen    0x0011adf8       0x28 C:/devkitPro/devkitARM/bin/../lib/gcc/arm-none-eabi/15.1.0/../../../../arm-none-eabi/lib/armv6k/fpu\libg.a(libc_a-fopen.o)
                0x0011adf8                fopen
 .text.strncpy  0x0011ae20       0xd4 C:/devkitPro/devkitARM/bin/../lib/gcc/arm-none-eabi/15.1.0/../../../../arm-none-eabi/lib/armv6k/fpu\libg.a(libc_a-strncpy.o)
                0x0011ae20                strncpy
 .text.memcpy   0x0011aef4      0x12c C:/devkitPro/devkitARM/bin/../lib/gcc/arm-none-eabi/15.1.0/../../../../arm-none-eabi/lib/armv6k/fpu\libg.a(libc_a-memcpy-stub.o)
                0x0011aef4                memcpy
 .text._wcsrtombs_r
                0x0011b020       0x28 C:/devkitPro/devkitARM/bin/../lib/gcc/arm-none-eabi/15.1.0/../../../../arm-none-eabi/lib/armv6k/fpu\libg.a(libc_a-wcsrtombs.o)
                0x0011b020                _wcsrtombs_r
 .text.sscanf   0x0011b048       0x78 C:/devkitPro/devkitARM/bin/../lib/gcc/arm-none-eabi/15.1.0/../../../../arm-none-eabi/lib/armv6k/fpu\libg.a(libc_a-sscanf.o)
                0x0011b048                sscanf
 .text.frexp    0x0011b0c0       0x88 C:/devkitPro/devkitARM/bin/../lib/gcc/arm-none-eabi/15.1.0/../../../../arm-none-eabi/lib/armv6k/fpu\libg.a(libm_a-s_frexp.o)
                0x0011b0c0                frexp
 .text.__sread  0x0011b148       0x44 C:/devkitPro/devkitARM/bin/../lib/gcc/arm-none-eabi/15.1.0/../../../../arm-none-eabi/lib/armv6k/fpu\libg.a(libc_a-stdio.o)
                0x0011b148                __sread
 .text.__seofread
                0x0011b18c        0x8 C:/devkitPro/devkitARM/bin/../lib/gcc/arm-none-eabi/15.1.0/../../../../arm-none-eabi/lib/armv6k/fpu\libg.a(libc_a-stdio.o)
                0x0011b18c                __seofread
 .text.__swrite
                0x0011b194       0x68 C:/devkitPro/devkitARM/bin/../lib/gcc/arm-none-eabi/15.1.0/../../../../arm-none-eabi/lib/armv6k/fpu\libg.a(libc_a-stdio.o)
                0x0011b194                __swrite
 .text.__sseek  0x0011b1fc       0x40 C:/devkitPro/devkitARM/bin/../lib/gcc/arm-none-eabi/15.1.0/../../../../arm-none-eabi/lib/armv6k/fpu\libg.a(libc_a-stdio.o)
                0x0011b1fc                __sseek
 .text.__sclose
                0x0011b23c        0x8 C:/devkitPro/devkitARM/bin/../lib/gcc/arm-none-eabi/15.1.0/../../../../arm-none-eabi/lib/armv6k/fpu\libg.a(libc_a-stdio.o)
                0x0011b23c                __sclose
 .text.memmove  0x0011b244      0x16c C:/devkitPro/devkitARM/bin/../lib/gcc/arm-none-eabi/15.1.0/../../../../arm-none-eabi/lib/armv6k/fpu\libg.a(libc_a-memmove.o)
                0x0011b244                memmove
 .text.__locale_mb_cur_max
                0x0011b3b0       0x24 C:/devkitPro/devkitARM/bin/../lib/gcc/arm-none-eabi/15.1.0/../../../../arm-none-eabi/lib/armv6k/fpu\libg.a(libc_a-locale.o)
                0x0011b3b0                __locale_mb_cur_max
 .text.__ssprint_r
                0x0011b3d4       0xa4 C:/devkitPro/devkitARM/bin/../lib/gcc/arm-none-eabi/15.1.0/../../../../arm-none-eabi/lib/armv6k/fpu\libg.a(libc_a-ssprint_r.o)
                0x0011b3d4                __ssprint_r
 .text._memalign_r
                0x0011b478      0x16c C:/devkitPro/devkitARM/bin/../lib/gcc/arm-none-eabi/15.1.0/../../../../arm-none-eabi/lib/armv6k/fpu\libg.a(libc_a-malignr.o)
                0x0011b478                _memalign_r
 .text._wcsnrtombs_l
                0x0011b5e4      0x15c C:/devkitPro/devkitARM/bin/../lib/gcc/arm-none-eabi/15.1.0/../../../../arm-none-eabi/lib/armv6k/fpu\libg.a(libc_a-wcsnrtombs.o)
                0x0011b5e4                _wcsnrtombs_l
 .text._wcsnrtombs_r
                0x0011b740       0x64 C:/devkitPro/devkitARM/bin/../lib/gcc/arm-none-eabi/15.1.0/../../../../arm-none-eabi/lib/armv6k/fpu\libg.a(libc_a-wcsnrtombs.o)
                0x0011b740                _wcsnrtombs_r
 .text.__utf8_mbtowc
                0x0011b7a4      0x340 C:/devkitPro/devkitARM/bin/../lib/gcc/arm-none-eabi/15.1.0/../../../../arm-none-eabi/lib/armv6k/fpu\libg.a(libc_a-mbtowc_r.o)
                0x0011b7a4                __utf8_mbtowc
 .text._fseeko_r
                0x0011bae4      0x588 C:/devkitPro/devkitARM/bin/../lib/gcc/arm-none-eabi/15.1.0/../../../../arm-none-eabi/lib/armv6k/fpu\libg.a(libc_a-fseeko.o)
                0x0011bae4                _fseeko_r
 .text._localeconv_r
                0x0011c06c       0x24 C:/devkitPro/devkitARM/bin/../lib/gcc/arm-none-eabi/15.1.0/../../../../arm-none-eabi/lib/armv6k/fpu\libg.a(libc_a-localeconv.o)
                0x0011c06c                _localeconv_r
 .text.quorem   0x0011c090      0x1c0 C:/devkitPro/devkitARM/bin/../lib/gcc/arm-none-eabi/15.1.0/../../../../arm-none-eabi/lib/armv6k/fpu\libg.a(libc_a-dtoa.o)
 .text._dtoa_r  0x0011c250     0x13f0 C:/devkitPro/devkitARM/bin/../lib/gcc/arm-none-eabi/15.1.0/../../../../arm-none-eabi/lib/armv6k/fpu\libg.a(libc_a-dtoa.o)
                0x0011c250                _dtoa_r
 .text._wcrtomb_r
                0x0011d640       0xa0 C:/devkitPro/devkitARM/bin/../lib/gcc/arm-none-eabi/15.1.0/../../../../arm-none-eabi/lib/armv6k/fpu\libg.a(libc_a-wcrtomb.o)
                0x0011d640                _wcrtomb_r
 .text.__sflags
                0x0011d6e0       0xb8 C:/devkitPro/devkitARM/bin/../lib/gcc/arm-none-eabi/15.1.0/../../../../arm-none-eabi/lib/armv6k/fpu\libg.a(libc_a-flags.o)
                0x0011d6e0                __sflags
 .text._strtol_l.part.0
                0x0011d798      0x384 C:/devkitPro/devkitARM/bin/../lib/gcc/arm-none-eabi/15.1.0/../../../../arm-none-eabi/lib/armv6k/fpu\libg.a(libc_a-strtol.o)
 .text._strtol_r
                0x0011db1c       0x6c C:/devkitPro/devkitARM/bin/../lib/gcc/arm-none-eabi/15.1.0/../../../../arm-none-eabi/lib/armv6k/fpu\libg.a(libc_a-strtol.o)
                0x0011db1c                _strtol_r
 .text.__libc_fini_array
                0x0011db88       0x3c C:/devkitPro/devkitARM/bin/../lib/gcc/arm-none-eabi/15.1.0/../../../../arm-none-eabi/lib/armv6k/fpu\libg.a(libc_a-fini.o)
                0x0011db88                __libc_fini_array
 .text.__ssputs_r
                0x0011dbc4      0x12c C:/devkitPro/devkitARM/bin/../lib/gcc/arm-none-eabi/15.1.0/../../../../arm-none-eabi/lib/armv6k/fpu\libg.a(libc_a-ssputs_r.o)
                0x0011dbc4                __ssputs_r
 .text.get_arg  0x0011dcf0       0x50 C:/devkitPro/devkitARM/bin/../lib/gcc/arm-none-eabi/15.1.0/../../../../arm-none-eabi/lib/armv6k/fpu\libg.a(libc_a-svfscanf.o)
 .text.__ssvfscanf_r
                0x0011dd40     0x2b88 C:/devkitPro/devkitARM/bin/../lib/gcc/arm-none-eabi/15.1.0/../../../../arm-none-eabi/lib/armv6k/fpu\libg.a(libc_a-svfscanf.o)
                0x0011dd40                __ssvfscanf_r
 .text.__utf8_wctomb
                0x001208c8       0xf8 C:/devkitPro/devkitARM/bin/../lib/gcc/arm-none-eabi/15.1.0/../../../../arm-none-eabi/lib/armv6k/fpu\libg.a(libc_a-wctomb_r.o)
                0x001208c8                __utf8_wctomb
 .text._strtoull_l.isra.0
                0x001209c0      0x264 C:/devkitPro/devkitARM/bin/../lib/gcc/arm-none-eabi/15.1.0/../../../../arm-none-eabi/lib/armv6k/fpu\libg.a(libc_a-strtoull.o)
 .text._strtoull_r
                0x00120c24       0x38 C:/devkitPro/devkitARM/bin/../lib/gcc/arm-none-eabi/15.1.0/../../../../arm-none-eabi/lib/armv6k/fpu\libg.a(libc_a-strtoull.o)
                0x00120c24                _strtoull_r
 .text._mbrtowc_r
                0x00120c5c       0xc4 C:/devkitPro/devkitARM/bin/../lib/gcc/arm-none-eabi/15.1.0/../../../../arm-none-eabi/lib/armv6k/fpu\libg.a(libc_a-mbrtowc.o)
                0x00120c5c                _mbrtowc_r
 .text.nanf     0x00120d20        0xc C:/devkitPro/devkitARM/bin/../lib/gcc/arm-none-eabi/15.1.0/../../../../arm-none-eabi/lib/armv6k/fpu\libg.a(libm_a-sf_nan.o)
                0x00120d20                nanf
 .text.__assert_func
                0x00120d2c       0x5c C:/devkitPro/devkitARM/bin/../lib/gcc/arm-none-eabi/15.1.0/../../../../arm-none-eabi/lib/armv6k/fpu\libg.a(libc_a-assert.o)
                0x00120d2c                __assert_func
 .text._Balloc  0x00120d88       0x88 C:/devkitPro/devkitARM/bin/../lib/gcc/arm-none-eabi/15.1.0/../../../../arm-none-eabi/lib/armv6k/fpu\libg.a(libc_a-mprec.o)
                0x00120d88                _Balloc
 .text._Bfree   0x00120e10       0x1c C:/devkitPro/devkitARM/bin/../lib/gcc/arm-none-eabi/15.1.0/../../../../arm-none-eabi/lib/armv6k/fpu\libg.a(libc_a-mprec.o)
                0x00120e10                _Bfree
 .text.__multadd
                0x00120e2c       0xf4 C:/devkitPro/devkitARM/bin/../lib/gcc/arm-none-eabi/15.1.0/../../../../arm-none-eabi/lib/armv6k/fpu\libg.a(libc_a-mprec.o)
                0x00120e2c                __multadd
 .text.__s2b    0x00120f20      0x10c C:/devkitPro/devkitARM/bin/../lib/gcc/arm-none-eabi/15.1.0/../../../../arm-none-eabi/lib/armv6k/fpu\libg.a(libc_a-mprec.o)
                0x00120f20                __s2b
 .text.__hi0bits
                0x0012102c       0x80 C:/devkitPro/devkitARM/bin/../lib/gcc/arm-none-eabi/15.1.0/../../../../arm-none-eabi/lib/armv6k/fpu\libg.a(libc_a-mprec.o)
                0x0012102c                __hi0bits
 .text.__lo0bits
                0x001210ac       0xf0 C:/devkitPro/devkitARM/bin/../lib/gcc/arm-none-eabi/15.1.0/../../../../arm-none-eabi/lib/armv6k/fpu\libg.a(libc_a-mprec.o)
                0x001210ac                __lo0bits
 .text.__i2b    0x0012119c       0xa4 C:/devkitPro/devkitARM/bin/../lib/gcc/arm-none-eabi/15.1.0/../../../../arm-none-eabi/lib/armv6k/fpu\libg.a(libc_a-mprec.o)
                0x0012119c                __i2b
 .text.__multiply
                0x00121240      0x230 C:/devkitPro/devkitARM/bin/../lib/gcc/arm-none-eabi/15.1.0/../../../../arm-none-eabi/lib/armv6k/fpu\libg.a(libc_a-mprec.o)
                0x00121240                __multiply
 .text.__pow5mult
                0x00121470      0x130 C:/devkitPro/devkitARM/bin/../lib/gcc/arm-none-eabi/15.1.0/../../../../arm-none-eabi/lib/armv6k/fpu\libg.a(libc_a-mprec.o)
                0x00121470                __pow5mult
 .text.__lshift
                0x001215a0      0x138 C:/devkitPro/devkitARM/bin/../lib/gcc/arm-none-eabi/15.1.0/../../../../arm-none-eabi/lib/armv6k/fpu\libg.a(libc_a-mprec.o)
                0x001215a0                __lshift
 .text.__mcmp   0x001216d8       0x58 C:/devkitPro/devkitARM/bin/../lib/gcc/arm-none-eabi/15.1.0/../../../../arm-none-eabi/lib/armv6k/fpu\libg.a(libc_a-mprec.o)
                0x001216d8                __mcmp
 .text.__mdiff  0x00121730      0x218 C:/devkitPro/devkitARM/bin/../lib/gcc/arm-none-eabi/15.1.0/../../../../arm-none-eabi/lib/armv6k/fpu\libg.a(libc_a-mprec.o)
                0x00121730                __mdiff
 .text.__ulp    0x00121948       0x68 C:/devkitPro/devkitARM/bin/../lib/gcc/arm-none-eabi/15.1.0/../../../../arm-none-eabi/lib/armv6k/fpu\libg.a(libc_a-mprec.o)
                0x00121948                __ulp
 .text.__b2d    0x001219b0       0xd4 C:/devkitPro/devkitARM/bin/../lib/gcc/arm-none-eabi/15.1.0/../../../../arm-none-eabi/lib/armv6k/fpu\libg.a(libc_a-mprec.o)
                0x001219b0                __b2d
 .text.__d2b    0x00121a84      0x120 C:/devkitPro/devkitARM/bin/../lib/gcc/arm-none-eabi/15.1.0/../../../../arm-none-eabi/lib/armv6k/fpu\libg.a(libc_a-mprec.o)
                0x00121a84                __d2b
 .text.__ratio  0x00121ba4       0x78 C:/devkitPro/devkitARM/bin/../lib/gcc/arm-none-eabi/15.1.0/../../../../arm-none-eabi/lib/armv6k/fpu\libg.a(libc_a-mprec.o)
                0x00121ba4                __ratio
 .text.__copybits
                0x00121c1c       0x8c C:/devkitPro/devkitARM/bin/../lib/gcc/arm-none-eabi/15.1.0/../../../../arm-none-eabi/lib/armv6k/fpu\libg.a(libc_a-mprec.o)
                0x00121c1c                __copybits
 .text.__any_on
                0x00121ca8       0x5c C:/devkitPro/devkitARM/bin/../lib/gcc/arm-none-eabi/15.1.0/../../../../arm-none-eabi/lib/armv6k/fpu\libg.a(libc_a-mprec.o)
                0x00121ca8                __any_on
 .text._strtoll_l.isra.0
                0x00121d04      0x47c C:/devkitPro/devkitARM/bin/../lib/gcc/arm-none-eabi/15.1.0/../../../../arm-none-eabi/lib/armv6k/fpu\libg.a(libc_a-strtoll.o)
 .text._strtoll_r
                0x00122180       0x38 C:/devkitPro/devkitARM/bin/../lib/gcc/arm-none-eabi/15.1.0/../../../../arm-none-eabi/lib/armv6k/fpu\libg.a(libc_a-strtoll.o)
                0x00122180                _strtoll_r
 .text.sulp     0x001221b8       0x60 C:/devkitPro/devkitARM/bin/../lib/gcc/arm-none-eabi/15.1.0/../../../../arm-none-eabi/lib/armv6k/fpu\libg.a(libc_a-strtod.o)
 .text._strtod_l
                0x00122218     0x1428 C:/devkitPro/devkitARM/bin/../lib/gcc/arm-none-eabi/15.1.0/../../../../arm-none-eabi/lib/armv6k/fpu\libg.a(libc_a-strtod.o)
                0x00122218                _strtod_l
 .text._strtod_r
                0x00123640       0x44 C:/devkitPro/devkitARM/bin/../lib/gcc/arm-none-eabi/15.1.0/../../../../arm-none-eabi/lib/armv6k/fpu\libg.a(libc_a-strtod.o)
                0x00123640                _strtod_r
 .text.fiprintf
                0x00123684       0x3c C:/devkitPro/devkitARM/bin/../lib/gcc/arm-none-eabi/15.1.0/../../../../arm-none-eabi/lib/armv6k/fpu\libg.a(libc_a-fiprintf.o)
                0x00123684                fiprintf
 .text._sungetc_r
                0x001236c0       0xe4 C:/devkitPro/devkitARM/bin/../lib/gcc/arm-none-eabi/15.1.0/../../../../arm-none-eabi/lib/armv6k/fpu\libg.a(libc_a-svfiscanf.o)
                0x001236c0                _sungetc_r
 .text.__ssrefill_r
                0x001237a4       0x6c C:/devkitPro/devkitARM/bin/../lib/gcc/arm-none-eabi/15.1.0/../../../../arm-none-eabi/lib/armv6k/fpu\libg.a(libc_a-svfiscanf.o)
                0x001237a4                __ssrefill_r
 .text._sfread_r
                0x00123810       0xb4 C:/devkitPro/devkitARM/bin/../lib/gcc/arm-none-eabi/15.1.0/../../../../arm-none-eabi/lib/armv6k/fpu\libg.a(libc_a-svfiscanf.o)
                0x00123810                _sfread_r
 .text.rshift   0x001238c4       0xf4 C:/devkitPro/devkitARM/bin/../lib/gcc/arm-none-eabi/15.1.0/../../../../arm-none-eabi/lib/armv6k/fpu\libg.a(libc_a-gdtoa-gethex.o)
 .text.__gethex
                0x001239b8      0x8b4 C:/devkitPro/devkitARM/bin/../lib/gcc/arm-none-eabi/15.1.0/../../../../arm-none-eabi/lib/armv6k/fpu\libg.a(libc_a-gdtoa-gethex.o)
                0x001239b8                __gethex
 .text.iswspace
                0x0012426c        0x8 C:/devkitPro/devkitARM/bin/../lib/gcc/arm-none-eabi/15.1.0/../../../../arm-none-eabi/lib/armv6k/fpu\libg.a(libc_a-iswspace.o)
                0x0012426c                iswspace
 .text.abort    0x00124274       0x14 C:/devkitPro/devkitARM/bin/../lib/gcc/arm-none-eabi/15.1.0/../../../../arm-none-eabi/lib/armv6k/fpu\libg.a(libc_a-abort.o)
                0x00124274                abort
 .text.__sccl   0x00124288       0xf8 C:/devkitPro/devkitARM/bin/../lib/gcc/arm-none-eabi/15.1.0/../../../../arm-none-eabi/lib/armv6k/fpu\libg.a(libc_a-sccl.o)
                0x00124288                __sccl
 .text.stpncpy  0x00124380       0xdc C:/devkitPro/devkitARM/bin/../lib/gcc/arm-none-eabi/15.1.0/../../../../arm-none-eabi/lib/armv6k/fpu\libg.a(libc_a-stpncpy.o)
                0x00124380                stpncpy
 .text.__match  0x0012445c       0x70 C:/devkitPro/devkitARM/bin/../lib/gcc/arm-none-eabi/15.1.0/../../../../arm-none-eabi/lib/armv6k/fpu\libg.a(libc_a-gdtoa-hexnan.o)
                0x0012445c                __match
 .text.__hexnan
                0x001244cc      0x2a8 C:/devkitPro/devkitARM/bin/../lib/gcc/arm-none-eabi/15.1.0/../../../../arm-none-eabi/lib/armv6k/fpu\libg.a(libc_a-gdtoa-hexnan.o)
                0x001244cc                __hexnan
 *fill*         0x00124774        0x4 
 .text.nan      0x00124778       0x10 C:/devkitPro/devkitARM/bin/../lib/gcc/arm-none-eabi/15.1.0/../../../../arm-none-eabi/lib/armv6k/fpu\libg.a(libm_a-s_nan.o)
                0x00124778                nan
 .text._raise_r
                0x00124788       0x9c C:/devkitPro/devkitARM/bin/../lib/gcc/arm-none-eabi/15.1.0/../../../../arm-none-eabi/lib/armv6k/fpu\libg.a(libc_a-signal.o)
                0x00124788                _raise_r
 .text.raise    0x00124824       0x20 C:/devkitPro/devkitARM/bin/../lib/gcc/arm-none-eabi/15.1.0/../../../../arm-none-eabi/lib/armv6k/fpu\libg.a(libc_a-signal.o)
                0x00124824                raise
 .text.iswspace_l
                0x00124844       0x38 C:/devkitPro/devkitARM/bin/../lib/gcc/arm-none-eabi/15.1.0/../../../../arm-none-eabi/lib/armv6k/fpu\libg.a(libc_a-iswspace_l.o)
                0x00124844                iswspace_l
 .text.__submore
                0x0012487c       0xb8 C:/devkitPro/devkitARM/bin/../lib/gcc/arm-none-eabi/15.1.0/../../../../arm-none-eabi/lib/armv6k/fpu\libg.a(libc_a-ungetc.o)
                0x0012487c                __submore
 .text.get_arg  0x00124934      0x5e0 C:/devkitPro/devkitARM/bin/../lib/gcc/arm-none-eabi/15.1.0/../../../../arm-none-eabi/lib/armv6k/fpu\libg.a(libc_a-vfiprintf.o)
 .text._vfiprintf_r
                0x00124f14     0x22f8 C:/devkitPro/devkitARM/bin/../lib/gcc/arm-none-eabi/15.1.0/../../../../arm-none-eabi/lib/armv6k/fpu\libg.a(libc_a-vfiprintf.o)
                0x00124f14                _vfiprintf_r
 .text.__sbprintf
                0x0012720c       0xb4 C:/devkitPro/devkitARM/bin/../lib/gcc/arm-none-eabi/15.1.0/../../../../arm-none-eabi/lib/armv6k/fpu\libg.a(libc_a-vfiprintf.o)
 .text.__sprint_r