         w __deregister_frame_info
         w __register_frame_info
         w userAppExit
         w userAppInit
00000000 00000802 B __ctru_dev_utf16_buf
00000000 A __sync_synchronize
00000000 b _TLS_MODULE_BASE_
00000000 a shift
00000000 a shift
00000804 00000401 B __ctru_dev_path_buf
00100000 A __start__
00100000 T _start
00100008 T __service_ptr
0010000c T __apt_appid
00100010 T __heap_size
00100014 T __linear_heap_size
00100018 T __system_arglist
0010001c T __system_runflags
00100020 t startup
00100058 t ClearMem
0010006c t ClrLoop
00100094 T _init
001000ac t .udivsi3_skip_div0_test
001000ac T __aeabi_uidiv
001000ac 000001ec T __udivsi3
00100298 00000020 T __aeabi_uidivmod
001002b8 T __aeabi_idiv
001002b8 00000220 T __divsi3
001002c0 t .divsi3_skip_div0_test
001004d8 00000020 T __aeabi_idivmod
001004f8 00000004 W __aeabi_idiv0
001004f8 00000004 W __aeabi_ldiv0
001004fc T __aeabi_drsub
00100504 000002b0 T __aeabi_dsub
00100504 000002b0 T __subdf3
00100508 000002ac T __adddf3
00100508 000002ac T __aeabi_dadd
001007b4 00000024 T __aeabi_ui2d
001007b4 00000024 T __floatunsidf
001007d8 00000028 T __aeabi_i2d
001007d8 00000028 T __floatsidf
00100800 00000048 T __aeabi_f2d
00100800 00000048 T __extendsfdf2
00100848 00000074 T __aeabi_ul2d
00100848 00000074 T __floatundidf
0010085c 00000060 T __aeabi_l2d
0010085c 00000060 T __floatdidf
001008bc T __aeabi_ldivmod
00100990 T __aeabi_uldivmod
001009e8 00000390 T strcmp
00100d70 t __do_global_dtors_aux
00100dc0 t frame_dummy
00100dec 00000034 T abrirPalabrasTXT
00100e20 00000048 T getNumPalabrasArchivo
00100e68 00000148 T escogerPalabrasPartida
00100fb0 00000094 T crearImpostores
00101044 00000090 T crearTextoTarjeta
001010d4 00000534 T crearMenuGameplayArriba
00101608 00001eb8 T main
001034c0 00000044 t C2Di_FrameEndHook
00103508 0000036c T C2D_Init
00103874 0000004c T C2D_Fini
001038c0 000000b8 T C2D_Prepare
00103978 00000048 T C2D_Flush
001039c0 00000104 T C2D_SceneSize
00103ac4 00000058 T C2D_CreateScreenTarget
00103b1c 00000064 T C2D_TargetClear
00103b80 00000058 T C2Di_AppendQuad
00103bd8 00000040 T C2Di_AppendVtx
00103c18 00000550 T C2Di_Update
00104168 00000158 T C2D_DrawRectangle
001042c0 00000018 t C2Di_GlyphComp
001042d8 00000140 t C2Di_CalcLineWidths
00104418 000001dc T C2D_TextBufNew
001045f4 0000000c T C2D_TextBufClear
00104600 000001c8 T C2D_TextFontParseLine
001047c8 000000a8 T C2D_TextFontParse
00104870 00000014 T C2D_TextParse
00104884 00000030 T C2D_TextOptimize
001048b4 00000f6c T C2D_DrawText
00105820 00000044 T C2D_FontGlyphIndexFromCodePoint
00105864 00000078 T C2D_FontCalcGlyphPos
001058dc 00000028 T AttrInfo_Init
00105904 00000094 T AttrInfo_AddLoader
00105998 00000054 T C3D_SetAttrInfo
001059ec 00000080 T C3Di_AttrInfoBind
00105a6c 00000004 W C3Di_LightEnvUpdate
00105a70 00000004 W C3Di_LightEnvDirty
00105a74 000000b4 t C3Di_AptEventHook
00105b28 00000004 W C3Di_GasUpdate
00105b2c 000001d0 T C3D_Init
00105cfc 00000098 T C3D_SetViewport
00105d94 000004e8 T C3Di_UpdateContext
0010627c 000000e0 T C3Di_SplitFrame
0010635c 00000044 T C3D_Fini
001063a0 00000194 T C3D_BindProgram
00106534 00000024 T BufInfo_Init
00106558 00000080 T BufInfo_Add
001065d8 0000003c T C3D_SetBufInfo
00106614 00000048 T C3Di_BufInfoBind
0010665c 0000021c T C3D_DrawElements
00106878 00000040 T C3D_DepthMap
001068b8 0000001c T C3D_CullFace
001068d4 00000040 T C3D_StencilTest
00106914 00000024 T C3D_StencilOp
00106938 0000001c T C3D_BlendingColor
00106954 00000024 T C3D_EarlyDepthTest
00106978 0000002c T C3D_DepthTest
001069a4 0000002c T C3D_AlphaTest
001069d0 00000050 T C3D_AlphaBlend
00106a20 00000030 T C3D_FragOpMode
00106a50 00000044 T C3D_FragOpShadow
00106a94 000001ac T C3Di_EffectBind
00106c40 0000001c T C3D_CalcColorBufSize
00106c5c 0000001c T C3D_CalcDepthBufSize
00106c78 00000044 T C3D_SetFrameBuf
00106cbc 0000016c T C3Di_FrameBufBind
00106e28 000000c8 T C3D_FrameBufClear
00106ef0 00000044 T C3D_FrameBufTransfer
00106f34 000000a8 T C3D_ImmSendAttrib
00106fdc 00000070 T C3D_ProcTexInit
0010704c 00000054 T C3D_ProcTexBind
001070a0 0000005c T C3D_ProcTexLutBind
001070fc 000000a4 T ProcTexLut_FromArray
001071a0 00000178 T C3Di_ProcTexUpdate
00107318 00000068 T C3Di_ProcTexDirty
00107380 0000004c t onVBlank0
001073cc 0000004c t onVBlank1
00107418 00000080 t C3Di_RenderTargetDestroy
00107498 000000f4 t onQueueFinish
0010758c 00000038 T C3Di_RenderQueueEnableVBlank
001075c4 00000030 T C3Di_RenderQueueDisableVBlank
001075f4 00000060 T C3Di_RenderQueueInit
00107654 000000b4 T C3Di_RenderQueueExit
00107708 00000034 T C3Di_RenderQueueWaitDone
0010773c 000000e8 T C3D_FrameBegin
00107824 00000048 T C3D_FrameDrawOn
0010786c 00000058 T C3D_FrameSplit
001078c4 000001d0 T C3D_FrameEnd
00107a94 0000001c T C3D_FrameEndHook
00107ab0 00000170 T C3D_RenderTargetCreate
00107c20 000000a8 T C3D_RenderTargetSetOutput
00107cc8 00000034 T C3D_GetTexEnv
00107cfc 00000024 T C3Di_TexEnvBind
00107d20 00000044 T C3D_TexBind
00107d64 0000014c T C3Di_SetTex
00107eb0 00000290 T C3D_UpdateUniforms
00108140 000000c0 T C3Di_DirtyUniforms
00108200 000000d8 T C3Di_LoadShaderUniforms
001082d8 00000028 T C3Di_ClearShaderUniforms
00108300 000000cc T Mtx_Ortho
001083cc 000000cc T Mtx_OrthoTilt
00108498 00000024 t addrMapNodeComparator(rbtree_node const*, rbtree_node const*)
001084bc 00000004 t addrMapNodeDestructor(rbtree_node*)
001084c0 0000012c T linearMemAlign
001085ec 00000008 T linearAlloc
001085f4 0000005c T linearFree
00108650 00000088 T MemPool::CoalesceRight(MemBlock*)
001086d8 00000178 T MemPool::Allocate(MemChunk&, unsigned long, int)
00108850 00000118 T MemPool::Deallocate(MemChunk const&)
00108968 00000030 T MemPool::GetFreeSpace()
00108998 00000024 t addrMapNodeComparator(rbtree_node const*, rbtree_node const*)
001089bc 00000004 t addrMapNodeDestructor(rbtree_node*)
001089c0 00000248 T vramMemAlignAt
00108c08 0000000c T vramAlloc
00108c14 0000000c T vramAllocAt
00108c20 00000094 T vramFree
00108cb4 0000009c T fontEnsureMapped
00108d50 00000100 T fontGlyphIndexFromCodePoint
00108e50 00000214 T fontCalcGlyphPos
00109064 000000cc t gfxPresentFramebuffer
00109130 0000001c T gfxIsWide
0010914c 000000f8 T gfxSetScreenFormat
00109244 000000d8 T gfxInit
0010931c 00000010 T gfxInitDefault
0010932c 000000b8 T gfxExit
001093e4 000000a0 T gfxGetFramebuffer
00109484 00000028 T gfxScreenSwapBuffers
001094ac 00000074 T osConvertVirtToPhys
00109520 00000054 T osGetTimeRef
00109574 000000ec T osGetTime
00109660 00000034 T __ctru_speedup_config
00109694 00000008 t romfs_close
0010969c 000000ac t romfs_seek
00109748 00000024 t romfs_dirreset
0010976c 000000c0 t fill_dir
0010982c 000002ac t romfs_dirnext
00109ad8 00000074 t romfs_free
00109b4c 000000d0 t searchForFile.constprop.0
00109c1c 000000d4 t searchForDir.constprop.0
00109cf0 000001c0 t navigateToDir.constprop.0
00109eb0 00000114 t romfs_open
00109fc4 0000004c t romfs_chdir
0010a010 00000068 t romfs_diropen
0010a078 00000178 t romfs_stat
0010a1f0 00000008 t romfs_dirclose
0010a1f8 0000007c t romfs_fstat
0010a274 000000d0 t romfs_read
0010a344 0000028c T romfsMountFromFile
0010a5d0 00000098 T romfsMountFromCurrentProcess
0010a668 00000258 T romfsMountSelf
0010a8c0 0000013c T GPUCMD_Add
0010a9fc 000000b0 T GPUCMD_Split
0010aaac 00000034 T f32tof16
0010aae0 00000034 T f32tof24
0010ab14 00000038 T f32tof31
0010ab4c 00000010 T GX_BindQueue
0010ab5c 0000007c T GX_ProcessCommandList
0010abd8 00000074 T GX_MemoryFill
0010ac4c 00000074 T GX_DisplayTransfer
0010acc0 00000064 t gxCmdQueueDoCommands.part.0
0010ad24 000000e4 T gxCmdQueueInterrupt
0010ae08 00000068 T gxCmdQueueClear
0010ae70 00000108 T gxCmdQueueAdd
0010af78 00000080 T gxCmdQueueRun
0010aff8 00000064 T gxCmdQueueStop
0010b05c 0000008c T gxCmdQueueWait
0010b0e8 000001e0 T shaderInstanceInit
0010b2c8 00000018 T shaderInstanceGetUniformLocation
0010b2e0 0000001c T shaderProgramInit
0010b2fc 00000074 T shaderProgramFree
0010b370 00000094 T shaderProgramSetVsh
0010b404 000008d0 T shaderProgramConfigure
0010bcd4 000001dc t DVLE_GenerateOutmap.part.0
0010beb0 000001ac T DVLB_ParseFile
0010c05c 00000050 T DVLB_Free
0010c0ac 00000074 T DVLE_GetUniformRegister
0010c120 00000180 t aptConvertScreenForCapture
0010c2a0 00000008 W aptDspSleep
0010c2a8 00000004 W aptDspWakeup
0010c2ac 00000004 W aptDspCancel
0010c2b0 00000138 T aptSendCommand
0010c3e8 00000044 t aptExitProcess
0010c42c 00000394 T aptExit
0010c7c0 000000d8 T aptHandleSleep
0010c898 00000034 T aptHook
0010c8cc 00000030 T aptUnhook
0010c8fc 0000001c T aptSetMessageCallback
0010c918 00000084 T APT_SleepIfShellClosed
0010c99c 00000078 T aptSetSleepAllowed
0010ca14 00000084 T APT_UnlockTransition
0010ca98 00000470 t aptEventHandler
0010cf08 000000bc T APT_ReceiveParameter
0010cfc4 000000b0 t aptReceiveParameter.constprop.0
0010d078 00000294 t aptScreenTransfer
0010d30c 000002d0 t aptWaitForWakeUp.isra.0
0010d5dc 00000114 T aptLaunchLibraryApplet
0010d6f0 000000f4 T aptJumpToHomeMenu
0010d7e4 00000058 T aptMainLoop
0010d83c 00000240 T aptInit
0010da7c 0000005c T APT_SendParameter
0010dad8 00000090 T APT_CheckNew3DS
0010db68 00000048 T APT_GetSharedFont
0010dbb0 00000104 T fsInit
0010dcb4 0000003c T fsExit
0010dcf0 00000068 T fsExemptFromSession
0010dd58 00000050 T fsUnexemptFromSession
0010dda8 000000cc T FSUSER_OpenFile
0010de74 000000cc T FSUSER_OpenFileDirectly
0010df40 000000b8 T FSUSER_DeleteFile
0010dff8 000000f4 T FSUSER_RenameFile
0010e0ec 000000b8 T FSUSER_DeleteDirectory
0010e1a4 000000d0 T FSUSER_CreateFile
0010e274 000000c0 T FSUSER_CreateDirectory
0010e334 000000f4 T FSUSER_RenameDirectory
0010e428 000000b4 T FSUSER_OpenDirectory
0010e4dc 00000090 T FSUSER_OpenArchive
0010e56c 0000008c T FSUSER_CloseArchive
0010e5f8 00000074 T FSUSER_GetSdmcArchiveResource
0010e66c 00000064 T FSUSER_IsSdmcWritable
0010e6d0 00000064 T FSFILE_Read
0010e734 0000006c T FSFILE_Write
0010e7a0 00000044 T FSFILE_GetSize
0010e7e4 00000028 T FSFILE_SetSize
0010e80c 0000003c T FSFILE_Close
0010e848 00000024 T FSFILE_Flush
0010e86c 00000060 T FSDIR_Read
0010e8cc 0000003c T FSDIR_Close
0010e908 00000c70 t gspHardwareInit
0010f578 00000280 T gspInit
0010f7f8 00000110 T gspExit
0010f908 00000010 T gspHasGpuRight
0010f918 000000a4 T gspPresentBuffer
0010f9bc 00000030 T gspSetEventCallback
0010f9ec 00000050 T gspWaitForEvent
0010fa3c 0000004c T gspWaitForAnyEvent
0010fa88 00000154 t gspEventThreadMain
0010fbdc 0000012c T gspSubmitGxCommand
0010fd08 00000050 T GSPGPU_FlushDataCache
0010fd58 00000034 T GSPGPU_SetLcdForceBlack
0010fd8c 00000080 T GSPGPU_AcquireRight
0010fe0c 0000005c T GSPGPU_ReleaseRight
0010fe68 0000007c T GSPGPU_ImportDisplayCaptureInfo
0010fee4 0000002c T GSPGPU_SaveVramSysArea
0010ff10 0000002c T GSPGPU_RestoreVramSysArea
0010ff3c 00000024 W hidShouldUseIrrst
0010ff60 000001cc T hidInit
0011012c 000000e8 T hidExit
00110214 000002a0 T hidScanInput
001104b4 00000010 T hidKeysDown
001104c4 00000018 T hidTouchRead
001104dc 000001a4 T irrstInit
00110680 000000dc T irrstExit
0011075c 000000b4 T irrstScanInput
00110810 00000024 T irrstKeysHeld
00110834 00000078 T ptmSysmInit
001108ac 0000003c T ptmSysmExit
001108e8 00000034 T PTMSYSM_ConfigureNew3DSCPU
0011091c 00000190 t swkbdMessageCallback
00110aac 00000084 T swkbdInit
00110b30 00000064 T swkbdSetHintText
00110b94 00000088 T swkbdSetButton
00110c1c 000003a8 T swkbdInputText
00110fc4 00000074 T rbtree_find
00111038 00000010 T rbtree_init
00111048 00000198 t do_insert
001111e0 00000008 T rbtree_insert
001111e8 00000310 T rbtree_remove
001114f8 00000090 T rbtree_rotate
00111588 00000140 T decode_utf8
001116c8 000000e8 T utf16_to_utf8
001117b0 000000c0 T utf8_to_utf16
00111870 000001e8 W __system_allocateHeaps
00111a58 00000038 W __libctru_init
00111a90 0000016c W __system_initArgv
00111bfc 00000030 T __syscall_getreent
00111c2c 00000064 T __syscall_gettod_r
00111c90 00000004 T __syscall_lock_acquire
00111c94 00000004 T __syscall_lock_release
00111c98 00000004 T __syscall_lock_acquire_recursive
00111c9c 00000004 T __syscall_lock_release_recursive
00111ca0 00000004 T __syscall_exit
00111ca4 00000054 T initThreadVars
00111cf8 00000080 T __system_initSyscalls
00111d78 T svcControlMemory
00111d98 T svcQueryMemory
00111dc8 T svcExitProcess
00111dd0 T svcCreateThread
00111df0 T svcExitThread
00111df8 T svcSleepThread
00111e00 T svcReleaseMutex
00111e08 T svcCreateEvent
00111e1c T svcSignalEvent
00111e24 T svcClearEvent
00111e2c T svcCreateMemoryBlock
00111e44 T svcMapMemoryBlock
00111e4c T svcUnmapMemoryBlock
00111e54 T svcCreateAddressArbiter
00111e68 T svcArbitrateAddressNoTimeout
00111e70 T svcCloseHandle
00111e78 T svcWaitSynchronization
00111e80 T svcWaitSynchronizationN
00111ea8 T svcDuplicateHandle
00111ebc T svcGetSystemTick
00111ec4 T svcConnectToPort
00111ed8 T svcSendSyncRequest
00111ee0 T svcGetResourceLimit
00111ef4 T svcGetResourceLimitLimitValues
00111efc T svcGetResourceLimitCurrentValues
00111f04 T svcBreak
00111f0c T __aeabi_read_tp
00111f18 W initSystem
00111f68 W __ctru_exit
00111f7c 0000008c W envGetHandle
00112008 00000050 W envDestroyHandles
00112058 00000164 T srvInit
001121bc 00000064 T srvExit
00112220 00000060 T srvEnableNotification
00112280 000000a0 T srvGetServiceHandleDirect
00112320 00000048 T srvGetServiceHandle
00112368 00000034 T srvSubscribe
0011239c 00000060 T srvReceiveNotification
001123fc 00000038 T srvPublishToSubscriber
00112434 0000000c T __sync_init
00112440 00000018 T __sync_fini
00112458 00000028 T syncArbitrateAddress
00112480 000000ac T LightLock_Lock
0011252c 00000040 T LightLock_Unlock
0011256c 00000054 T RecursiveLock_Lock
001125c0 00000054 T RecursiveLock_Unlock
00112614 00000044 T LightEvent_Init
00112658 000000b8 T LightEvent_Clear
00112710 000000dc T LightEvent_Signal
001127ec 00000050 T LightEvent_TryWait
0011283c 000000ac T LightEvent_Wait
001128e8 000001fc T threadCreate
00112ae4 00000038 T threadFree
00112b1c 00000024 T threadJoin
00112b40 00000030 T threadGetCurrent
00112b70 00000040 T threadExit
00112bb0 00000020 t _thread_begin
00112bd0 00000090 t mappableFindAddressWithin
00112c60 00000028 T mappableInit
00112c88 0000007c T mappableAlloc
00112d04 00000004 T mappableFree
00112d08 0000000c T srvPmGetSessionHandle
00112d14 00000060 T rbtree_node_next
00112d74 00000054 T decode_utf16
00112dc8 00000054 T encode_utf16
00112e1c 000000e0 T encode_utf8
00112efc 00000030 W __appExit
00112f2c 00000030 W __appInit
00112f5c 00000090 W __libctru_exit
00112fec 00000014 t archive_link
00113000 00000014 t archive_dirreset
00113014 00000014 t archive_chmod
00113028 00000024 t error_cmp
0011304c 00000050 t archive_translate_error
0011309c 000000c0 t archive_seek
0011315c 00000078 t _archiveInit.part.0
001131d4 000000d4 t archiveFindDevice.part.0
001132a8 00000298 t archive_utf16path
00113540 00000098 t _archiveUnmountDeviceStruct.part.0
001135d8 00000014 t archive_statvfs
001135ec 00000014 t archive_fchmod
00113600 00000178 t _archiveMountDevice
00113778 000000f8 t archive_diropen
00113870 000000ac t archive_fstat
0011391c 00000074 t archive_fsync
00113990 00000074 t archive_close
00113a04 00000078 t archive_dirclose
00113a7c 000000ec t sdmc_statvfs
00113b68 000000f8 t archive_chdir
00113c60 0000008c t archive_ftruncate
00113cec 000000bc t archive_read
00113da8 000000a8 t archive_unlink
00113e50 000000c0 t archive_rmdir
00113f10 000000d8 t archive_mkdir
00113fe8 000001a0 t archive_stat
00114188 00000164 t archive_dirnext
001142ec 0000013c t archive_write
00114428 00000254 t archive_open
0011467c 00000270 t archive_rename
001148ec 000001c8 T archiveMountSdmc
00114ab4 00000054 T archiveUnmountAll
00114b08 000000c0 T ceilf
00114bc8 0000002c T __aeabi_d2lz
00114bc8 0000002c T __fixdfdi
00114bf8 00000040 T __aeabi_d2ulz
00114bf8 00000040 T __fixunsdfdi
00114c38 00000130 T __udivmoddi4
00114d68 000000d8 T strncmp
00114e40 00000140 T strchr
00114f80 0000001c T srand
00114f9c 00000044 T rand
00114fe0 00000198 T _fgets_r
00115178 00000030 T fgets
001151a8 00000144 T _fclose_r
001152ec 00000020 T fclose
0011530c 0000008c T strlen
00115398 00000068 T sprintf
00115400 000000d8 T memcmp
001154d8 0000001c t stdio_exit_handler
001154f4 0000005c t cleanup_stdio
00115550 00000154 t global_stdio_init.part.0
001156a4 00000138 T __sfp
001157dc 0000005c T __sinit
00115838 0000000c T __sfp_lock_acquire
00115844 0000000c T __sfp_lock_release
00115850 000001ec t _strtoul_l.isra.0
00115a3c 00000038 T _strtoul_r
00115a74 0000003c T strtoul
00115ab0 00000084 T __libc_init_array
00115b34 0000009c T strncat
00115bd0 00000070 T _fwalk_sglue
00115c40 00000078 T bsearch
00115cb8 0000000c T __errno
00115cc4 00000028 T calloc
00115cec 000008e8 T qsort
001165d4 000000d8 T _calloc_r
001166ac 00000028 T realloc
001166d4 0000001c T _fseek_r
001166f0 00000028 T memalign
00116718 0000082c T _malloc_r
00116f44 000000e8 T memchr
0011702c 000000f0 T strcpy
0011711c 00000114 T _malloc_trim_r
00117230 00000314 T _free_r
00117544 000005e0 t get_arg
00117b28 0000345c T _svfprintf_r
0011af84 0000003c T strnlen
0011afc0 00000040 T malloc
0011b000 00000020 T free
0011b020 0000022c T __sflush_r
0011b24c 000000c4 T _fflush_r
0011b310 00000048 T time
0011b358 00000038 t lflush
0011b390 000001a8 T __srefill_r
0011b538 00000164 T __smakebuf_r
0011b69c 000000e4 T memset
0011b780 000004f0 T _realloc_r
0011bc70 0000000c T __malloc_lock
0011bc7c 0000000c T __malloc_unlock
0011bc88 00000004 W __call_exitprocs
0011bc8c 00000030 T exit
0011bcbc 00000134 T _fopen_r
0011bdf0 00000028 T fopen
0011be18 000000d4 T strncpy
0011beec 0000012c T memcpy
0011c018 00000028 T _wcsrtombs_r
0011c040 00000078 T sscanf
0011c0b8 00000088 T frexp
0011c140 00000044 T __sread
0011c184 00000008 T __seofread
0011c18c 00000068 T __swrite
0011c1f4 00000040 T __sseek
0011c234 00000008 T __sclose
0011c23c 0000016c T memmove
0011c3a8 00000024 T __locale_mb_cur_max
0011c3cc 000000a4 T __ssprint_r
0011c470 0000016c T _memalign_r
0011c5dc 0000015c T _wcsnrtombs_l
0011c738 00000064 T _wcsnrtombs_r
0011c79c 00000340 T __utf8_mbtowc
0011cadc 00000588 T _fseeko_r
0011d064 00000024 T _localeconv_r
0011d088 000001c0 t quorem
0011d248 000013f0 T _dtoa_r
0011e638 000000a0 T _wcrtomb_r
0011e6d8 000000b8 T __sflags
0011e790 00000384 t _strtol_l.part.0
0011eb14 0000006c T _strtol_r
0011eb80 0000003c T __libc_fini_array
0011ebbc 0000012c T __ssputs_r
0011ece8 00000050 t get_arg
0011ed38 00002b88 T __ssvfscanf_r
001218c0 000000f8 T __utf8_wctomb
001219b8 00000264 t _strtoull_l.isra.0
00121c1c 00000038 T _strtoull_r
00121c54 000000c4 T _mbrtowc_r
00121d18 0000000c T nanf
00121d24 0000005c T __assert_func
00121d80 00000088 T _Balloc
00121e08 0000001c T _Bfree
00121e24 000000f4 T __multadd
00121f18 0000010c T __s2b
00122024 00000080 T __hi0bits
001220a4 000000f0 T __lo0bits
00122194 000000a4 T __i2b
00122238 00000230 T __multiply
00122468 00000130 T __pow5mult
00122598 00000138 T __lshift
001226d0 00000058 T __mcmp
00122728 00000218 T __mdiff
00122940 00000068 T __ulp
001229a8 000000d4 T __b2d
00122a7c 00000120 T __d2b
00122b9c 00000078 T __ratio
00122c14 0000008c T __copybits
00122ca0 0000005c T __any_on
00122cfc 0000047c t _strtoll_l.isra.0
00123178 00000038 T _strtoll_r
001231b0 00000060 t sulp
00123210 00001428 T _strtod_l
00124638 00000044 T _strtod_r
0012467c 0000003c T fiprintf
001246b8 000000e4 T _sungetc_r
0012479c 0000006c T __ssrefill_r
00124808 000000b4 T _sfread_r
001248bc 000000f4 t rshift
001249b0 000008b4 T __gethex
00125264 00000008 T iswspace
0012526c 00000014 T abort
00125280 000000f8 T __sccl
00125378 000000dc T stpncpy
00125454 00000070 T __match
001254c4 000002a8 T __hexnan
00125770 00000010 T nan
00125780 0000009c T _raise_r
0012581c 00000020 T raise
0012583c 00000038 T iswspace_l
00125874 000000b8 T __submore
0012592c 000005e0 t get_arg
00125f0c 000022f8 T _vfiprintf_r
00128204 000000b4 t __sbprintf
001282b8 00000030 T __sprint_r
001282e8 00000090 T category
00128378 00000140 T __swsetup_r
001284b8 000004a4 T __sfvwrite_r
0012895c 00000020 T _exit
0012897c 00000140 T chdir
00128abc 000001c8 T _concatenate_path
00128c84 0000009c T _fstat_r
00128d20 00000014 T _getpid_r
00128d34 0000002c T __getreent
00128d60 00000030 T _gettimeofday_r
00128d90 000000a0 T __release_handle
00128e30 000000b0 T __alloc_handle
00128ee0 00000058 T __get_handle
00128f38 00000110 T _close_r
00129048 00000008 t null_write
00129050 00000018 T setDefaultDevice
00129068 000000c4 T FindDevice
0012912c 00000028 T RemoveDevice
00129154 00000098 T AddDevice
001291ec 00000020 T GetDeviceOpTab
0012920c 00000008 T _isatty_r
00129214 00000014 T _kill_r
00129228 00000094 T _lseek_r
001292bc 000000c0 T _open_r
0012937c 00000094 T _read_r
00129410 00000078 W _sbrk_r
00129488 0000001c T __libc_lock_acquire
001294a4 0000001c T __libc_lock_release
001294c0 0000001c T __libc_lock_acquire_recursive
001294dc 0000001c T __libc_lock_release_recursive
001294f8 00000094 T _write_r
0012958c 00000048 T strrchr
001295d4 T _fini
0012a19c r .LC2
0012a5c8 R render2d_shbin
0012a754 R render2d_shbin_end
0012a754 R render2d_shbin_size
0012a758 00000004 r depthFmtSizes
0012a75c 00000005 r colorFmtSizes
0012a764 00000010 r CSWTCH.11
0012a774 00000080 r romFS_devoptab
0012a81c 00000008 r morton_y.2
0012a824 00000008 r morton_x.3
0012a82c 00000008 r s_sleepWakeEvents.4
0012a834 0000000c r serviceNameTable.5
0012a840 00000030 r error_table
0012a870 00000080 r archive_devoptab
0012aa1c 00000010 r zeroes.0
0012aa2c 00000010 r blanks.1
0012aa3c 00000101 R _ctype_
0012ab40 0000006c R __action_table
0012abac 0000006c R __state_table
0012ac18 00000100 R __chclass
0012ae34 00000022 r basefix.0
0012ae58 0000000c r p05.0
0012ae68 00000028 R __mprec_bigtens
0012ae90 000000c8 R __mprec_tens
0012afbc 00000014 r fpinan.0
0012afd0 00000014 r fpi.1
0012afe8 00000028 r tinytens
0012b010 00000100 R __hexdig
0012b1fc 00000010 r zeroes.0
0012b20c 00000010 r blanks.1
0012b21c 000035dc r categories
0012e7f8 00000080 R dotab_stdnull
0012e878 R __tdata_align
0012e87c r __EH_FRAME_BEGIN__
0012e87c R __exidx_end
0012e87c R __exidx_start
0012f000 00000018 D IDimpostores
0012f018 00000032 D textoTarjeta
0012f04c 00000004 D numJugadores
0012f050 00000004 D numImpostores
0012f054 00000004 D viendoPalabra
0012f058 00000008 d framerateCounter
0012f060 00000004 d framerate
0012f064 00000004 d queueLock
0012f068 00000004 d aptChainloadDeliverArgSize
0012f06c 00000004 d kCount
0012f070 00000004 d kInterval
0012f074 00000004 d kDelay
0012f078 W __stacksize__
0012f07c 0000000c D __sglue
0012f088 00000004 D __malloc_sbrk_base
0012f08c 00000004 D __malloc_trim_threshold
0012f090 00000408 D __malloc_av_
0012f498 00000004 D _impure_ptr
0012f4a0 00000140 D _impure_data
0012f5e0 0000016c D __global_locale
0012f74c 00000400 d _current_working_directory
0012fb50 00001000 d handles
00130b50 0000000c d __stderr_handle
00130b5c 0000000c d __stdout_handle
00130b68 0000000c d __stdin_handle
00130b74 0000008c D devoptab_list
00130c00 00000004 d defaultDevice
00130c0c d _GLOBAL_OFFSET_TABLE_
00130c18 d __frame_dummy_init_array_entry
00130c18 D __init_array_start
00130c18 B __preinit_array_end
00130c18 B __preinit_array_start
00130c18 D __tdata_lma
00130c18 D __tdata_lma_end
00130c1c d __do_global_dtors_aux_fini_array_entry
00130c1c D __fini_array_start
00130c1c D __init_array_end
00130c20 D __bss_start__
00130c20 D __fini_array_end
00130c20 00000004 B palabrasTXT
00130c24 00000008 B botonSeleccionado
00130c2c 00000004 B g_staticBuf
00130c30 00000004 B g_dynamicBuf
00130c34 00000284 B g_staticText
00130eb8 00000004 B menuActivo
00130ebc 000001dc B g_dynamicText
00131098 00000004 B jugadorComienza
001310a0 00000008 B tickInicial
001310a8 00000008 B tiempoTranscurrido
001310b0 00000008 B contadorTiempo
001310b8 0000000c B palabraVistaJugador
001310c4 00000004 B id
001310c8 00000004 B numPalabrasVistas
001310cc 00000001 B partidaTerminada
001310cd b completed.1
001310d0 b object.0
001310e8 000005a8 B __C2Di_Context
00131690 00000040 b s_projBot
001316d0 00000040 b s_projTop
00131710 00000004 b uLoc_mdlvMtx
00131714 00000004 b uLoc_projMtx
00131718 00000004 b s_glyphSheets
0013171c 00000004 b s_textScale
00131720 0000000c b hookCookie
00131730 000002d0 B __C3D_Context
00131a00 00000004 b frameEndCbData
00131a04 00000004 b frameEndCb
00131a08 00000008 b frameCounter
00131a10 00000001 b isTopStereo
00131a11 00000001 b needSwapBot
00131a12 00000001 b needSwapTop
00131a13 00000001 b measureGpuTime
00131a14 00000001 b inSafeTransfer
00131a15 00000001 b inFrame
00131a18 00000010 b cpuTime
00131a28 00000010 b gpuTime
00131a38 0000000c b linkedTarget
00131a44 00000004 b lastTarget
00131a48 00000004 b firstTarget
00131a4c 00000008 b C3Di_IVUnifEverDirty
00131a54 000000c0 b C3Di_FVUnifEverDirty
00131b14 00000018 b C3Di_ShaderFVecData
00131b2c 00000002 B C3D_BoolUnifsDirty
00131b30 00000008 B C3D_IVUnifDirty
00131b38 000000c0 B C3D_FVUnifDirty
00131bf8 00000004 B C3D_BoolUnifs
00131bfc 00000020 B C3D_IVUnif
00131c1c 00000c00 B C3D_FVUnif
00132820 00000008 b sLinearPool
00132828 0000000c b sAddrMap
00132838 00000008 b sVramPoolB
00132840 00000008 b sVramPoolA
00132848 0000000c b sAddrMap
00132854 00000004 b sharedFontAddr
00132858 00000004 B g_sharedFont
0013285c 00000004 b screenAlloc
00132860 00000004 b screenFree
00132864 00000002 b gfxIsDoubleBuf
00132868 00000002 b gfxCurBuf
0013286a 00000001 b gfxIsVram
0013286b 00000001 b gfxTopMode
0013286c 00000002 b gfxFramebufferFormats
00132870 00000004 b gfxBottomFramebufferMaxSize
00132874 00000004 b gfxTopFramebufferMaxSize
00132878 00000008 b gfxBottomFramebuffers
00132880 00000008 b gfxTopFramebuffers
00132888 00000001 V __ctru_speedup
0013288c 00000004 b romfs_mount_list
00132890 00000004 V __romfs_path
00132894 00000004 B gpuCmdBufOffset
00132898 00000004 B gpuCmdBufSize
0013289c 00000004 B gpuCmdBuf
001328a0 00000004 b boundQueue
001328a4 00000001 b shouldStop
001328a5 00000001 b isRunning
001328a6 00000001 b isActive
001328a8 00000004 b curQueue
001328ac 00000001 b flagValue.0
001328ad 00000001 b flagInit.1
001328b0 00000004 b serviceName.6
001328b4 00000001 b aptChainloadFlags
001328b5 00000001 b aptChainloadMediatype
001328b8 00000020 b aptChainloadHmac
001328d8 00000300 b aptChainloadDeliverArg
00132bd8 00000008 b aptChainloadTid
00132be0 00001000 b aptParameters
00133be0 00000004 b aptFlags
00133be4 00000001 b aptHomeButtonState
00133be8 00000004 b aptMessageFuncData
00133bec 00000004 b aptMessageFunc
00133bf0 0000000c b aptFirstHook
00133bfc 00000001 b aptEventHandlerThreadQuit
00133c00 00000004 b aptEventHandlerThread
00133c04 00000008 b aptSleepEvent
00133c0c 00000008 b aptReceiveEvent
00133c14 00000008 b aptEvents
00133c1c 00000004 b aptLockHandle
00133c20 00000004 b aptRefCount
00133c28 00000080 b fsExemptArchives
00133ca8 00000004 b fsuRefCount
00133cac 00000004 b fsuHandle
00133cb0 00000007 b gspEventCbOneShot
00133cb8 0000001c b gspEventCbData
00133cd4 0000001c b gspEventCb
00133cf0 00000038 b gspEvents
00133d28 00000004 b gspLastEvent
00133d2c 00000001 b gspRunEvents
00133d30 00000004 b gspEventThread
00133d34 00000004 b gspEvent
00133d38 00000001 b gspGpuRight
00133d39 00000001 b gspThreadId
00133d3c 00000004 b gspSharedMem
00133d40 00000004 b gspSharedMemHandle
00133d44 00000004 b gspRefCount
00133d48 00000004 b gspGpuHandle
00133d4c 00000001 b usingIrrst
00133d50 00000004 b hidRefCount
00133d54 00000006 b gRate
00133d5c 00000006 b aVec
00133d64 00000004 b cPos
00133d68 00000004 b tPos
00133d6c 00000004 b kRepeat
00133d70 00000004 b kUp
00133d74 00000004 b kDown
00133d78 00000004 b kHeld
00133d7c 00000004 b kOld
00133d80 00000004 B hidSharedMem
00133d84 00000014 B hidEvents
00133d98 00000004 B hidMemHandle
00133d9c 00000004 B hidHandle
00133da0 00000004 b irrstRefCount
00133da4 00000004 b csPos
00133da8 00000004 b kHeld
00133dac 00000004 B irrstSharedMem
00133db0 00000004 B irrstEvent
00133db4 00000004 B irrstMemHandle
00133db8 00000004 B irrstHandle
00133dbc 00000004 b ptmSysmRefCount
00133dc0 00000004 b ptmSysmHandle
00133dc4 00000004 b swkbdSharedMemHandle
00133dc8 00000004 b swkbdSharedMem
00133dcc 00000004 V __ctru_linear_heap_size
00133dd0 00000004 V __ctru_heap_size
00133dd4 00000004 B __ctru_linear_heap
00133dd8 00000004 B __ctru_heap
00133ddc 00000004 B __system_retAddr
00133de0 00000004 B __system_argv
00133de4 00000004 B __system_argc
00133de8 b saved_stack
00133df0 00000004 B __3dslink_host
00133df4 00000004 b srvRefCount
00133df8 00000004 b srvHandle
00133dfc 00000004 b arbiter
00133e00 00000004 b currentAddr
00133e04 00000004 b maxAddr
00133e08 00000004 b minAddr
00133e0c 00000004 b srvPmHandle
00133e10 000005c0 b archive_devices
001343d0 00000004 b archive_device_cwd
001343d4 00000001 b archive_initialized
001343d8 0000000c b __sfp_recursive_mutex
001343e8 00000168 B __sf
00134550 00000004 B __stdio_exit_handler
00134554 00000028 B __malloc_current_mallinfo
0013457c 00000004 B __malloc_max_total_mem
00134580 00000004 B __malloc_max_sbrked_mem
00134584 00000004 B __malloc_top_pad
00134588 0000000c b __malloc_recursive_mutex
00134594 00000400 b temp_cwd
00134994 00000004 b __hndl_lock
00134998 00000004 B fake_heap_start
0013499c 00000004 B fake_heap_end
001349a0 00000004 b heap_start.0
001349a4 B __tls_start
001355ac B __bss_end__
001355ac A __end__
001355ac B __tls_end
