Archive member included to satisfy reference by file (symbol)

C:/devkitPro/libctru/lib\libcitro2d.a(base.o)
                              main.o (C2D_Init)
C:/devkitPro/libctru/lib\libcitro2d.a(text.o)
                              main.o (C2D_TextBufNew)
C:/devkitPro/libctru/lib\libcitro2d.a(font.o)
                              C:/devkitPro/libctru/lib\libcitro2d.a(text.o) (C2D_FontGlyphIndexFromCodePoint)
C:/devkitPro/libctru/lib\libcitro2d.a(render2d.shbin.o)
                              C:/devkitPro/libctru/lib\libcitro2d.a(base.o) (render2d_shbin)
C:/devkitPro/libctru/lib\libcitro3d.a(attribs.o)
                              C:/devkitPro/libctru/lib\libcitro2d.a(base.o) (AttrInfo_Init)
C:/devkitPro/libctru/lib\libcitro3d.a(base.o)
                              C:/devkitPro/libctru/lib\libcitro3d.a(attribs.o) (__C3D_Context)
C:/devkitPro/libctru/lib\libcitro3d.a(buffers.o)
                              C:/devkitPro/libctru/lib\libcitro2d.a(base.o) (BufInfo_Init)
C:/devkitPro/libctru/lib\libcitro3d.a(drawElements.o)
                              C:/devkitPro/libctru/lib\libcitro2d.a(base.o) (C3D_DrawElements)
C:/devkitPro/libctru/lib\libcitro3d.a(effect.o)
                              C:/devkitPro/libctru/lib\libcitro3d.a(base.o) (C3D_DepthMap)
C:/devkitPro/libctru/lib\libcitro3d.a(framebuffer.o)
                              C:/devkitPro/libctru/lib\libcitro3d.a(base.o) (C3Di_FrameBufBind)
C:/devkitPro/libctru/lib\libcitro3d.a(immediate.o)
                              C:/devkitPro/libctru/lib\libcitro3d.a(base.o) (C3D_ImmSendAttrib)
C:/devkitPro/libctru/lib\libcitro3d.a(proctex.o)
                              C:/devkitPro/libctru/lib\libcitro2d.a(base.o) (C3D_ProcTexInit)
C:/devkitPro/libctru/lib\libcitro3d.a(renderqueue.o)
                              C:/devkitPro/libctru/lib\libcitro3d.a(base.o) (C3Di_RenderQueueEnableVBlank)
C:/devkitPro/libctru/lib\libcitro3d.a(texenv.o)
                              C:/devkitPro/libctru/lib\libcitro2d.a(base.o) (C3D_GetTexEnv)
C:/devkitPro/libctru/lib\libcitro3d.a(texture.o)
                              C:/devkitPro/libctru/lib\libcitro2d.a(base.o) (C3D_TexBind)
C:/devkitPro/libctru/lib\libcitro3d.a(uniforms.o)
                              C:/devkitPro/libctru/lib\libcitro3d.a(base.o) (C3D_UpdateUniforms)
C:/devkitPro/libctru/lib\libcitro3d.a(mtx_multiply.o)
                              C:/devkitPro/libctru/lib\libcitro2d.a(base.o) (Mtx_Multiply)
C:/devkitPro/libctru/lib\libcitro3d.a(mtx_ortho.o)
                              C:/devkitPro/libctru/lib\libcitro2d.a(base.o) (Mtx_Ortho)
C:/devkitPro/libctru/lib\libcitro3d.a(mtx_orthotilt.o)
                              C:/devkitPro/libctru/lib\libcitro2d.a(base.o) (Mtx_OrthoTilt)
C:/devkitPro/libctru/lib\libcitro3d.a(mtx_rotatez.o)
                              C:/devkitPro/libctru/lib\libcitro2d.a(base.o) (Mtx_RotateZ)
C:/devkitPro/libctru/lib\libcitro3d.a(mtx_scale.o)
                              C:/devkitPro/libctru/lib\libcitro2d.a(base.o) (Mtx_Scale)
C:/devkitPro/libctru/lib\libcitro3d.a(mtx_translate.o)
                              C:/devkitPro/libctru/lib\libcitro2d.a(base.o) (Mtx_Translate)
C:/devkitPro/libctru/lib\libctru.a(linear.o)
                              C:/devkitPro/libctru/lib\libcitro2d.a(base.o) (linearAlloc)
C:/devkitPro/libctru/lib\libctru.a(mem_pool.o)
                              C:/devkitPro/libctru/lib\libctru.a(linear.o) (MemPool::Allocate(MemChunk&, unsigned long, int))
C:/devkitPro/libctru/lib\libctru.a(vram.o)
                              C:/devkitPro/libctru/lib\libcitro3d.a(renderqueue.o) (vramAlloc)
C:/devkitPro/libctru/lib\libctru.a(font.o)
                              C:/devkitPro/libctru/lib\libcitro2d.a(text.o) (fontEnsureMapped)
C:/devkitPro/libctru/lib\libctru.a(gfx.o)
                              C:/devkitPro/libctru/lib\libcitro2d.a(base.o) (gfxIsWide)
C:/devkitPro/libctru/lib\libctru.a(os.o)
                              C:/devkitPro/libctru/lib\libcitro3d.a(buffers.o) (osConvertVirtToPhys)
C:/devkitPro/libctru/lib\libctru.a(romfs_dev.o)
                              main.o (romfsMountSelf)
C:/devkitPro/libctru/lib\libctru.a(gpu.o)
                              C:/devkitPro/libctru/lib\libcitro3d.a(renderqueue.o) (gpuCmdBuf)
C:/devkitPro/libctru/lib\libctru.a(gx.o)
                              C:/devkitPro/libctru/lib\libcitro3d.a(renderqueue.o) (GX_BindQueue)
C:/devkitPro/libctru/lib\libctru.a(gxqueue.o)
                              C:/devkitPro/libctru/lib\libcitro3d.a(renderqueue.o) (gxCmdQueueClear)
C:/devkitPro/libctru/lib\libctru.a(shaderProgram.o)
                              C:/devkitPro/libctru/lib\libcitro2d.a(base.o) (shaderInstanceGetUniformLocation)
C:/devkitPro/libctru/lib\libctru.a(shbin.o)
                              C:/devkitPro/libctru/lib\libcitro2d.a(base.o) (DVLB_ParseFile)
C:/devkitPro/libctru/lib\libctru.a(apt.o)
[...]
Memory Configuration

Name             Origin             Length             Attributes
*default*        0x00000000         0xffffffff

Linker script and memory map

                0x00000000                        __sync_synchronize = __sync_synchronize_dmb
                0x00100000                        PROVIDE (__start__ = 0x100000)
                0x00100000                        . = __start__

.text           0x00100000    0x295ec
 *(.crt0)
 .crt0          0x00100000       0x94 C:/devkitPro/devkitARM/bin/../lib/gcc/arm-none-eabi/15.1.0/../../../../arm-none-eabi/lib/armv6k/fpu/3dsx_crt0.o
                0x00100000                _start
                0x00100008                __service_ptr
                0x0010000c                __apt_appid
                0x00100010                __heap_size
                0x00100014                __linear_heap_size
                0x00100018                __system_arglist
                0x0010001c                __system_runflags
 *(.init)
 .init          0x00100094        0xc C:/devkitPro/devkitARM/bin/../lib/gcc/arm-none-eabi/15.1.0/armv6k/fpu/crti.o
                0x00100094                _init
 .init          0x001000a0        0xc C:/devkitPro/devkitARM/bin/../lib/gcc/arm-none-eabi/15.1.0/armv6k/fpu/crtn.o
                0x001000ac                        . = ALIGN (0x4)
 *(.text)
 .text          0x001000ac      0x20c C:/devkitPro/devkitARM/bin/../lib/gcc/arm-none-eabi/15.1.0/armv6k/fpu\libgcc.a(_udivsi3.o)
                0x001000ac                __aeabi_uidiv
                0x001000ac                __udivsi3
                0x00100298                __aeabi_uidivmod
 .text          0x001002b8      0x240 C:/devkitPro/devkitARM/bin/../lib/gcc/arm-none-eabi/15.1.0/armv6k/fpu\libgcc.a(_divsi3.o)
                0x001002b8                __divsi3
                0x001002b8                __aeabi_idiv
                0x001004d8                __aeabi_idivmod
 .text          0x001004f8        0x4 C:/devkitPro/devkitARM/bin/../lib/gcc/arm-none-eabi/15.1.0/armv6k/fpu\libgcc.a(_dvmd_tls.o)
                0x001004f8                __aeabi_idiv0
                0x001004f8                __aeabi_ldiv0
 .text          0x001004fc      0x3c0 C:/devkitPro/devkitARM/bin/../lib/gcc/arm-none-eabi/15.1.0/armv6k/fpu\libgcc.a(_arm_addsubdf3.o)
                0x001004fc                __aeabi_drsub
                0x00100504                __aeabi_dsub
                0x00100504                __subdf3
                0x00100508                __aeabi_dadd
                0x00100508                __adddf3
                0x001007b4                __floatunsidf
                0x001007b4                __aeabi_ui2d
                0x001007d8                __floatsidf
                0x001007d8                __aeabi_i2d
                0x00100800                __aeabi_f2d
                0x00100800                __extendsfdf2
                0x00100848                __floatundidf
                0x00100848                __aeabi_ul2d
                0x0010085c                __floatdidf
                0x0010085c                __aeabi_l2d
 .text          0x001008bc       0xd4 C:/devkitPro/devkitARM/bin/../lib/gcc/arm-none-eabi/15.1.0/armv6k/fpu\libgcc.a(_aeabi_ldivmod.o)
                0x001008bc                __aeabi_ldivmod
 .text          0x00100990       0x3c C:/devkitPro/devkitARM/bin/../lib/gcc/arm-none-eabi/15.1.0/armv6k/fpu\libgcc.a(_aeabi_uldivmod.o)
                0x00100990                __aeabi_uldivmod
 *fill*         0x001009cc       0x14 
 .text          0x001009e0      0x390 C:/devkitPro/devkitARM/bin/../lib/gcc/arm-none-eabi/15.1.0/../../../../arm-none-eabi/lib/armv6k/fpu\libg.a(libc_a-strcmp.o)
                0x001009e8                strcmp
 *(.text.*)
 .text.__do_global_dtors_aux
                0x00100d70       0x50 C:/devkitPro/devkitARM/bin/../lib/gcc/arm-none-eabi/15.1.0/armv6k/fpu/crtbegin.o
 .text.frame_dummy
                0x00100dc0       0x2c C:/devkitPro/devkitARM/bin/../lib/gcc/arm-none-eabi/15.1.0/armv6k/fpu/crtbegin.o
 .text.abrirPalabrasTXT
                0x00100dec       0x34 main.o
                0x00100dec                abrirPalabrasTXT
 .text.getNumPalabrasArchivo
                0x00100e20       0x48 main.o
                0x00100e20                getNumPalabrasArchivo
 .text.escogerPalabrasPartida
                0x00100e68      0x148 main.o
                0x00100e68                escogerPalabrasPartida
 .text.crearImpostores
                0x00100fb0       0x94 main.o
                0x00100fb0                crearImpostores
 .text.crearTextoTarjeta
                0x00101044       0x90 main.o
                0x00101044                crearTextoTarjeta
 .text.crearMenuGameplayArriba
                0x001010d4      0x534 main.o
                0x001010d4                crearMenuGameplayArriba
 .text.startup.main
                0x00101608     0x1eb8 main.o
                0x00101608                main
 .text.C2Di_FrameEndHook
                0x001034c0       0x44 C:/devkitPro/libctru/lib\libcitro2d.a(base.o)
 *fill*         0x00103504        0x4 
 .text.C2D_Init
                0x00103508      0x36c C:/devkitPro/libctru/lib\libcitro2d.a(base.o)
                0x00103508                C2D_Init
 .text.C2D_Fini
                0x00103874       0x4c C:/devkitPro/libctru/lib\libcitro2d.a(base.o)
                0x00103874                C2D_Fini
 .text.C2D_Prepare
                0x001038c0       0xb8 C:/devkitPro/libctru/lib\libcitro2d.a(base.o)
                0x001038c0                C2D_Prepare
 .text.C2D_Flush
                0x00103978       0x48 C:/devkitPro/libctru/lib\libcitro2d.a(base.o)
                0x00103978                C2D_Flush
 .text.C2D_SceneSize
                0x001039c0      0x104 C:/devkitPro/libctru/lib\libcitro2d.a(base.o)
                0x001039c0                C2D_SceneSize
 .text.C2D_CreateScreenTarget
                0x00103ac4       0x58 C:/devkitPro/libctru/lib\libcitro2d.a(base.o)
                0x00103ac4                C2D_CreateScreenTarget
 .text.C2D_TargetClear
                0x00103b1c       0x64 C:/devkitPro/libctru/lib\libcitro2d.a(base.o)
                0x00103b1c                C2D_TargetClear
 .text.C2Di_AppendQuad
                0x00103b80       0x58 C:/devkitPro/libctru/lib\libcitro2d.a(base.o)
                0x00103b80                C2Di_AppendQuad
 .text.C2Di_AppendVtx
                0x00103bd8       0x40 C:/devkitPro/libctru/lib\libcitro2d.a(base.o)
                0x00103bd8                C2Di_AppendVtx
 .text.C2Di_Update
                0x00103c18      0x550 C:/devkitPro/libctru/lib\libcitro2d.a(base.o)
                0x00103c18                C2Di_Update
 .text.C2D_DrawRectangle
                0x00104168      0x158 C:/devkitPro/libctru/lib\libcitro2d.a(base.o)
                0x00104168                C2D_DrawRectangle
 .text.C2Di_GlyphComp
                0x001042c0       0x18 C:/devkitPro/libctru/lib\libcitro2d.a(text.o)
 .text.C2Di_CalcLineWidths
                0x001042d8      0x140 C:/devkitPro/libctru/lib\libcitro2d.a(text.o)
 .text.C2D_TextBufNew
                0x00104418      0x1dc C:/devkitPro/libctru/lib\libcitro2d.a(text.o)
                0x00104418                C2D_TextBufNew
 .text.C2D_TextBufClear
                0x001045f4        0xc C:/devkitPro/libctru/lib\libcitro2d.a(text.o)
                0x001045f4                C2D_TextBufClear
 .text.C2D_TextFontParseLine
                0x00104600      0x1c8 C:/devkitPro/libctru/lib\libcitro2d.a(text.o)
                0x00104600                C2D_TextFontParseLine
 .text.C2D_TextFontParse
                0x001047c8       0xa8 C:/devkitPro/libctru/lib\libcitro2d.a(text.o)
                0x001047c8                C2D_TextFontParse
 .text.C2D_TextParse
                0x00104870       0x14 C:/devkitPro/libctru/lib\libcitro2d.a(text.o)
                0x00104870                C2D_TextParse
 .text.C2D_TextOptimize
                0x00104884       0x30 C:/devkitPro/libctru/lib\libcitro2d.a(text.o)
                0x00104884                C2D_TextOptimize
 .text.C2D_DrawText
                0x001048b4      0xf6c C:/devkitPro/libctru/lib\libcitro2d.a(text.o)
                0x001048b4                C2D_DrawText
 .text.C2D_FontGlyphIndexFromCodePoint
                0x00105820       0x44 C:/devkitPro/libctru/lib\libcitro2d.a(font.o)
                0x00105820                C2D_FontGlyphIndexFromCodePoint
 .text.C2D_FontCalcGlyphPos
                0x00105864       0x78 C:/devkitPro/libctru/lib\libcitro2d.a(font.o)
                0x00105864                C2D_FontCalcGlyphPos
 .text.AttrInfo_Init
                0x001058dc       0x28 C:/devkitPro/libctru/lib\libcitro3d.a(attribs.o)
                0x001058dc                AttrInfo_Init
 .text.AttrInfo_AddLoader
                0x00105904       0x94 C:/devkitPro/libctru/lib\libcitro3d.a(attribs.o)
                0x00105904                AttrInfo_AddLoader
 .text.C3D_SetAttrInfo
                0x00105998       0x54 C:/devkitPro/libctru/lib\libcitro3d.a(attribs.o)
                0x00105998                C3D_SetAttrInfo
 .text.C3Di_AttrInfoBind
                0x001059ec       0x80 C:/devkitPro/libctru/lib\libcitro3d.a(attribs.o)
                0x001059ec                C3Di_AttrInfoBind
 .text.C3Di_LightEnvUpdate
                0x00105a6c        0x4 C:/devkitPro/libctru/lib\libcitro3d.a(base.o)
                0x00105a6c                C3Di_LightEnvUpdate
 .text.C3Di_LightEnvDirty
                0x00105a70        0x4 C:/devkitPro/libctru/lib\libcitro3d.a(base.o)
                0x00105a70                C3Di_LightEnvDirty
 .text.C3Di_AptEventHook
                0x00105a74       0xb4 C:/devkitPro/libctru/lib\libcitro3d.a(base.o)
 .text.C3Di_GasUpdate
                0x00105b28        0x4 C:/devkitPro/libctru/lib\libcitro3d.a(base.o)
                0x00105b28                C3Di_GasUpdate
 .text.C3D_Init
                0x00105b2c      0x1d0 C:/devkitPro/libctru/lib\libcitro3d.a(base.o)
                0x00105b2c                C3D_Init
 .text.C3D_SetViewport
                0x00105cfc       0x98 C:/devkitPro/libctru/lib\libcitro3d.a(base.o)
                0x00105cfc                C3D_SetViewport
 .text.C3Di_UpdateContext
                0x00105d94      0x4e8 C:/devkitPro/libctru/lib\libcitro3d.a(base.o)
                0x00105d94                C3Di_UpdateContext
 .text.C3Di_SplitFrame
                0x0010627c       0xe0 C:/devkitPro/libctru/lib\libcitro3d.a(base.o)
                0x0010627c                C3Di_SplitFrame
 .text.C3D_Fini
                0x0010635c       0x44 C:/devkitPro/libctru/lib\libcitro3d.a(base.o)
                0x0010635c                C3D_Fini
 .text.C3D_BindProgram
                0x001063a0      0x194 C:/devkitPro/libctru/lib\libcitro3d.a(base.o)
                0x001063a0                C3D_BindProgram
 .text.BufInfo_Init
                0x00106534       0x24 C:/devkitPro/libctru/lib\libcitro3d.a(buffers.o)
                0x00106534                BufInfo_Init
 .text.BufInfo_Add
                0x00106558       0x80 C:/devkitPro/libctru/lib\libcitro3d.a(buffers.o)
                0x00106558                BufInfo_Add
 .text.C3D_SetBufInfo
                0x001065d8       0x3c C:/devkitPro/libctru/lib\libcitro3d.a(buffers.o)
                0x001065d8                C3D_SetBufInfo
 .text.C3Di_BufInfoBind
                0x00106614       0x48 C:/devkitPro/libctru/lib\libcitro3d.a(buffers.o)
                0x00106614                C3Di_BufInfoBind
 .text.C3D_DrawElements
                0x0010665c      0x21c C:/devkitPro/libctru/lib\libcitro3d.a(drawElements.o)
                0x0010665c                C3D_DrawElements
 .text.C3D_DepthMap
                0x00106878       0x40 C:/devkitPro/libctru/lib\libcitro3d.a(effect.o)
                0x00106878                C3D_DepthMap
 .text.C3D_CullFace
                0x001068b8       0x1c C:/devkitPro/libctru/lib\libcitro3d.a(effect.o)
                0x001068b8                C3D_CullFace
 .text.C3D_StencilTest
                0x001068d4       0x40 C:/devkitPro/libctru/lib\libcitro3d.a(effect.o)
                0x001068d4                C3D_StencilTest
 .text.C3D_StencilOp
                0x00106914       0x24 C:/devkitPro/libctru/lib\libcitro3d.a(effect.o)
                0x00106914                C3D_StencilOp
 .text.C3D_BlendingColor
                0x00106938       0x1c C:/devkitPro/libctru/lib\libcitro3d.a(effect.o)
                0x00106938                C3D_BlendingColor
 .text.C3D_EarlyDepthTest
                0x00106954       0x24 C:/devkitPro/libctru/lib\libcitro3d.a(effect.o)
                0x00106954                C3D_EarlyDepthTest
 .text.C3D_DepthTest
                0x00106978       0x2c C:/devkitPro/libctru/lib\libcitro3d.a(effect.o)
                0x00106978                C3D_DepthTest
 .text.C3D_AlphaTest
                0x001069a4       0x2c C:/devkitPro/libctru/lib\libcitro3d.a(effect.o)
                0x001069a4                C3D_AlphaTest
 .text.C3D_AlphaBlend
                0x001069d0       0x50 C:/devkitPro/libctru/lib\libcitro3d.a(effect.o)
                0x001069d0                C3D_AlphaBlend
 .text.C3D_FragOpMode
                0x00106a20       0x30 C:/devkitPro/libctru/lib\libcitro3d.a(effect.o)
                0x00106a20                C3D_FragOpMode
 .text.C3D_FragOpShadow
                0x00106a50       0x44 C:/devkitPro/libctru/lib\libcitro3d.a(effect.o)
                0x00106a50                C3D_FragOpShadow
 .text.C3Di_EffectBind
                0x00106a94      0x1ac C:/devkitPro/libctru/lib\libcitro3d.a(effect.o)
                0x00106a94                C3Di_EffectBind
 .text.C3D_CalcColorBufSize
                0x00106c40       0x1c C:/devkitPro/libctru/lib\libcitro3d.a(framebuffer.o)
                0x00106c40                C3D_CalcColorBufSize
 .text.C3D_CalcDepthBufSize
                0x00106c5c       0x1c C:/devkitPro/libctru/lib\libcitro3d.a(framebuffer.o)
                0x00106c5c                C3D_CalcDepthBufSize
 .text.C3D_SetFrameBuf
                0x00106c78       0x44 C:/devkitPro/libctru/lib\libcitro3d.a(framebuffer.o)
                0x00106c78                C3D_SetFrameBuf
 .text.C3Di_FrameBufBind
                0x00106cbc      0x16c C:/devkitPro/libctru/lib\libcitro3d.a(framebuffer.o)
                0x00106cbc                C3Di_FrameBufBind
 .text.C3D_FrameBufClear
                0x00106e28       0xc8 C:/devkitPro/libctru/lib\libcitro3d.a(framebuffer.o)
                0x00106e28                C3D_FrameBufClear
 .text.C3D_FrameBufTransfer
                0x00106ef0       0x44 C:/devkitPro/libctru/lib\libcitro3d.a(framebuffer.o)
                0x00106ef0                C3D_FrameBufTransfer
 .text.C3D_ImmSendAttrib
                0x00106f34       0xa8 C:/devkitPro/libctru/lib\libcitro3d.a(immediate.o)
                0x00106f34                C3D_ImmSendAttrib
 .text.C3D_ProcTexInit
                0x00106fdc       0x70 C:/devkitPro/libctru/lib\libcitro3d.a(proctex.o)
                0x00106fdc                C3D_ProcTexInit
 .text.C3D_ProcTexBind
                0x0010704c       0x54 C:/devkitPro/libctru/lib\libcitro3d.a(proctex.o)
                0x0010704c                C3D_ProcTexBind
 .text.C3D_ProcTexLutBind
                0x001070a0       0x5c C:/devkitPro/libctru/lib\libcitro3d.a(proctex.o)
                0x001070a0                C3D_ProcTexLutBind
 .text.ProcTexLut_FromArray
                0x001070fc       0xa4 C:/devkitPro/libctru/lib\libcitro3d.a(proctex.o)
                0x001070fc                ProcTexLut_FromArray
 .text.C3Di_ProcTexUpdate
                0x001071a0      0x178 C:/devkitPro/libctru/lib\libcitro3d.a(proctex.o)
                0x001071a0                C3Di_ProcTexUpdate
 .text.C3Di_ProcTexDirty
                0x00107318       0x68 C:/devkitPro/libctru/lib\libcitro3d.a(proctex.o)
                0x00107318                C3Di_ProcTexDirty
 .text.onVBlank0
                0x00107380       0x4c C:/devkitPro/libctru/lib\libcitro3d.a(renderqueue.o)
 .text.onVBlank1
                0x001073cc       0x4c C:/devkitPro/libctru/lib\libcitro3d.a(renderqueue.o)
 .text.C3Di_RenderTargetDestroy
                0x00107418       0x80 C:/devkitPro/libctru/lib\libcitro3d.a(renderqueue.o)
 .text.onQueueFinish
                0x00107498       0xf4 C:/devkitPro/libctru/lib\libcitro3d.a(renderqueue.o)
 .text.C3Di_RenderQueueEnableVBlank
                0x0010758c       0x38 C:/devkitPro/libctru/lib\libcitro3d.a(renderqueue.o)
                0x0010758c                C3Di_RenderQueueEnableVBlank
 .text.C3Di_RenderQueueDisableVBlank
                0x001075c4       0x30 C:/devkitPro/libctru/lib\libcitro3d.a(renderqueue.o)
                0x001075c4                C3Di_RenderQueueDisableVBlank
 .text.C3Di_RenderQueueInit
                0x001075f4       0x60 C:/devkitPro/libctru/lib\libcitro3d.a(renderqueue.o)
                0x001075f4                C3Di_RenderQueueInit
 .text.C3Di_RenderQueueExit
                0x00107654       0xb4 C:/devkitPro/libctru/lib\libcitro3d.a(renderqueue.o)
                0x00107654                C3Di_RenderQueueExit
 .text.C3Di_RenderQueueWaitDone
                0x00107708       0x34 C:/devkitPro/libctru/lib\libcitro3d.a(renderqueue.o)
                0x00107708                C3Di_RenderQueueWaitDone
 .text.C3D_FrameBegin
                0x0010773c       0xe8 C:/devkitPro/libctru/lib\libcitro3d.a(renderqueue.o)
                0x0010773c                C3D_FrameBegin
 .text.C3D_FrameDrawOn
                0x00107824       0x48 C:/devkitPro/libctru/lib\libcitro3d.a(renderqueue.o)
                0x00107824                C3D_FrameDrawOn
 .text.C3D_FrameSplit
                0x0010786c       0x58 C:/devkitPro/libctru/lib\libcitro3d.a(renderqueue.o)
                0x0010786c                C3D_FrameSplit
 .text.C3D_FrameEnd
                0x001078c4      0x1d0 C:/devkitPro/libctru/lib\libcitro3d.a(renderqueue.o)
                0x001078c4                C3D_FrameEnd
 .text.C3D_FrameEndHook
                0x00107a94       0x1c C:/devkitPro/libctru/lib\libcitro3d.a(renderqueue.o)
                0x00107a94                C3D_FrameEndHook
 .text.C3D_RenderTargetCreate
                0x00107ab0      0x170 C:/devkitPro/libctru/lib\libcitro3d.a(renderqueue.o)
                0x00107ab0                C3D_RenderTargetCreate
 .text.C3D_RenderTargetSetOutput
                0x00107c20       0xa8 C:/devkitPro/libctru/lib\libcitro3d.a(renderqueue.o)
                0x00107c20                C3D_RenderTargetSetOutput
 .text.C3D_GetTexEnv
                0x00107cc8       0x34 C:/devkitPro/libctru/lib\libcitro3d.a(texenv.o)
                0x00107cc8                C3D_GetTexEnv
 .text.C3Di_TexEnvBind
                0x00107cfc       0x24 C:/devkitPro/libctru/lib\libcitro3d.a(texenv.o)
                0x00107cfc                C3Di_TexEnvBind
 .text.C3D_TexBind
                0x00107d20       0x44 C:/devkitPro/libctru/lib\libcitro3d.a(texture.o)
                0x00107d20                C3D_TexBind
 .text.C3Di_SetTex
                0x00107d64      0x14c C:/devkitPro/libctru/lib\libcitro3d.a(texture.o)
                0x00107d64                C3Di_SetTex
 .text.C3D_UpdateUniforms
                0x00107eb0      0x290 C:/devkitPro/libctru/lib\libcitro3d.a(uniforms.o)
                0x00107eb0                C3D_UpdateUniforms
 .text.C3Di_DirtyUniforms
                0x00108140       0xc0 C:/devkitPro/libctru/lib\libcitro3d.a(uniforms.o)
                0x00108140                C3Di_DirtyUniforms
 .text.C3Di_LoadShaderUniforms
                0x00108200       0xd8 C:/devkitPro/libctru/lib\libcitro3d.a(uniforms.o)
                0x00108200                C3Di_LoadShaderUniforms
 .text.C3Di_ClearShaderUniforms
                0x001082d8       0x28 C:/devkitPro/libctru/lib\libcitro3d.a(uniforms.o)
                0x001082d8                C3Di_ClearShaderUniforms
 .text.Mtx_Ortho
                0x00108300       0xcc C:/devkitPro/libctru/lib\libcitro3d.a(mtx_ortho.o)
                0x00108300                Mtx_Ortho
 .text.Mtx_OrthoTilt
                0x001083cc       0xcc C:/devkitPro/libctru/lib\libcitro3d.a(mtx_orthotilt.o)
                0x001083cc                Mtx_OrthoTilt
 .text._ZL21addrMapNodeComparatorPK11rbtree_nodeS1_
                0x00108498       0x24 C:/devkitPro/libctru/lib\libctru.a(linear.o)
 .text._ZL21addrMapNodeDestructorP11rbtree_node
                0x001084bc        0x4 C:/devkitPro/libctru/lib\libctru.a(linear.o)
 .text.linearMemAlign
                0x001084c0      0x12c C:/devkitPro/libctru/lib\libctru.a(linear.o)
                0x001084c0                linearMemAlign
 .text.linearAlloc
                0x001085ec        0x8 C:/devkitPro/libctru/lib\libctru.a(linear.o)
                0x001085ec                linearAlloc
 .text.linearFree
                0x001085f4       0x5c C:/devkitPro/libctru/lib\libctru.a(linear.o)
                0x001085f4                linearFree
 .text._ZN7MemPool13CoalesceRightEP8MemBlock
                0x00108650       0x88 C:/devkitPro/libctru/lib\libctru.a(mem_pool.o)
                0x00108650                MemPool::CoalesceRight(MemBlock*)
 .text._ZN7MemPool8AllocateER8MemChunkmi
                0x001086d8      0x178 C:/devkitPro/libctru/lib\libctru.a(mem_pool.o)
                0x001086d8                MemPool::Allocate(MemChunk&, unsigned long, int)
 .text._ZN7MemPool10DeallocateERK8MemChunk
                0x00108850      0x118 C:/devkitPro/libctru/lib\libctru.a(mem_pool.o)
                0x00108850                MemPool::Deallocate(MemChunk const&)
 .text._ZN7MemPool12GetFreeSpaceEv
                0x00108968       0x30 C:/devkitPro/libctru/lib\libctru.a(mem_pool.o)
                0x00108968                MemPool::GetFreeSpace()
 .text._ZL21addrMapNodeComparatorPK11rbtree_nodeS1_
                0x00108998       0x24 C:/devkitPro/libctru/lib\libctru.a(vram.o)
 .text._ZL21addrMapNodeDestructorP11rbtree_node
                0x001089bc        0x4 C:/devkitPro/libctru/lib\libctru.a(vram.o)
 .text.vramMemAlignAt
                0x001089c0      0x248 C:/devkitPro/libctru/lib\libctru.a(vram.o)
                0x001089c0                vramMemAlignAt
 .text.vramAlloc
                0x00108c08        0xc C:/devkitPro/libctru/lib\libctru.a(vram.o)
                0x00108c08                vramAlloc
 .text.vramAllocAt
                0x00108c14        0xc C:/devkitPro/libctru/lib\libctru.a(vram.o)
                0x00108c14                vramAllocAt
 .text.vramFree
                0x00108c20       0x94 C:/devkitPro/libctru/lib\libctru.a(vram.o)
                0x00108c20                vramFree
 .text.fontEnsureMapped
                0x00108cb4       0x9c C:/devkitPro/libctru/lib\libctru.a(font.o)
                0x00108cb4                fontEnsureMapped
 .text.fontGlyphIndexFromCodePoint
                0x00108d50      0x100 C:/devkitPro/libctru/lib\libctru.a(font.o)
                0x00108d50                fontGlyphIndexFromCodePoint
 .text.fontCalcGlyphPos
                0x00108e50      0x214 C:/devkitPro/libctru/lib\libctru.a(font.o)
                0x00108e50                fontCalcGlyphPos
 .text.gfxPresentFramebuffer
                0x00109064       0xcc C:/devkitPro/libctru/lib\libctru.a(gfx.o)
 .text.gfxIsWide
                0x00109130       0x1c C:/devkitPro/libctru/lib\libctru.a(gfx.o)
                0x00109130                gfxIsWide
 .text.gfxSetScreenFormat
                0x0010914c       0xf8 C:/devkitPro/libctru/lib\libctru.a(gfx.o)
                0x0010914c                gfxSetScreenFormat
 .text.gfxInit  0x00109244       0xd8 C:/devkitPro/libctru/lib\libctru.a(gfx.o)
                0x00109244                gfxInit
 .text.gfxInitDefault
                0x0010931c       0x10 C:/devkitPro/libctru/lib\libctru.a(gfx.o)
                0x0010931c                gfxInitDefault
 .text.gfxExit  0x0010932c       0xb8 C:/devkitPro/libctru/lib\libctru.a(gfx.o)
                0x0010932c                gfxExit
 .text.gfxGetFramebuffer
                0x001093e4       0xa0 C:/devkitPro/libctru/lib\libctru.a(gfx.o)
                0x001093e4                gfxGetFramebuffer
 .text.gfxScreenSwapBuffers
                0x00109484       0x28 C:/devkitPro/libctru/lib\libctru.a(gfx.o)
                0x00109484                gfxScreenSwapBuffers
 .text.osConvertVirtToPhys
                0x001094ac       0x74 C:/devkitPro/libctru/lib\libctru.a(os.o)
                0x001094ac                osConvertVirtToPhys
 .text.osGetTimeRef
                0x00109520       0x54 C:/devkitPro/libctru/lib\libctru.a(os.o)
                0x00109520                osGetTimeRef
 .text.osGetTime
                0x00109574       0xec C:/devkitPro/libctru/lib\libctru.a(os.o)
                0x00109574                osGetTime
 .text.__ctru_speedup_config
                0x00109660       0x34 C:/devkitPro/libctru/lib\libctru.a(os.o)
                0x00109660                __ctru_speedup_config
 .text.romfs_close
                0x00109694        0x8 C:/devkitPro/libctru/lib\libctru.a(romfs_dev.o)
 .text.romfs_seek
                0x0010969c       0xac C:/devkitPro/libctru/lib\libctru.a(romfs_dev.o)
 .text.romfs_dirreset
                0x00109748       0x24 C:/devkitPro/libctru/lib\libctru.a(romfs_dev.o)
 .text.fill_dir
                0x0010976c       0xc0 C:/devkitPro/libctru/lib\libctru.a(romfs_dev.o)
 .text.romfs_dirnext
                0x0010982c      0x2ac C:/devkitPro/libctru/lib\libctru.a(romfs_dev.o)
 .text.romfs_free
                0x00109ad8       0x74 C:/devkitPro/libctru/lib\libctru.a(romfs_dev.o)
 .text.searchForFile.constprop.0
                0x00109b4c       0xd0 C:/devkitPro/libctru/lib\libctru.a(romfs_dev.o)
 .text.searchForDir.constprop.0
                0x00109c1c       0xd4 C:/devkitPro/libctru/lib\libctru.a(romfs_dev.o)
 .text.navigateToDir.constprop.0
                0x00109cf0      0x1c0 C:/devkitPro/libctru/lib\libctru.a(romfs_dev.o)
 .text.romfs_open
                0x00109eb0      0x114 C:/devkitPro/libctru/lib\libctru.a(romfs_dev.o)
 .text.romfs_chdir
                0x00109fc4       0x4c C:/devkitPro/libctru/lib\libctru.a(romfs_dev.o)
 .text.romfs_diropen
                0x0010a010       0x68 C:/devkitPro/libctru/lib\libctru.a(romfs_dev.o)
 .text.romfs_stat
                0x0010a078      0x178 C:/devkitPro/libctru/lib\libctru.a(romfs_dev.o)
 .text.romfs_dirclose
                0x0010a1f0        0x8 C:/devkitPro/libctru/lib\libctru.a(romfs_dev.o)
 .text.romfs_fstat
                0x0010a1f8       0x7c C:/devkitPro/libctru/lib\libctru.a(romfs_dev.o)
 .text.romfs_read
                0x0010a274       0xd0 C:/devkitPro/libctru/lib\libctru.a(romfs_dev.o)
 .text.romfsMountFromFile
                0x0010a344      0x28c C:/devkitPro/libctru/lib\libctru.a(romfs_dev.o)
                0x0010a344                romfsMountFromFile
 .text.romfsMountFromCurrentProcess
                0x0010a5d0       0x98 C:/devkitPro/libctru/lib\libctru.a(romfs_dev.o)
                0x0010a5d0                romfsMountFromCurrentProcess
 .text.romfsMountSelf
                0x0010a668      0x258 C:/devkitPro/libctru/lib\libctru.a(romfs_dev.o)
                0x0010a668                romfsMountSelf
 .text.GPUCMD_Add
                0x0010a8c0      0x13c C:/devkitPro/libctru/lib\libctru.a(gpu.o)
                0x0010a8c0                GPUCMD_Add
 .text.GPUCMD_Split
                0x0010a9fc       0xb0 C:/devkitPro/libctru/lib\libctru.a(gpu.o)
                0x0010a9fc                GPUCMD_Split
 .text.f32tof16
                0x0010aaac       0x34 C:/devkitPro/libctru/lib\libctru.a(gpu.o)
                0x0010aaac                f32tof16
 .text.f32tof24
                0x0010aae0       0x34 C:/devkitPro/libctru/lib\libctru.a(gpu.o)
                0x0010aae0                f32tof24
 .text.f32tof31
                0x0010ab14       0x38 C:/devkitPro/libctru/lib\libctru.a(gpu.o)
                0x0010ab14                f32tof31
 .text.GX_BindQueue
                0x0010ab4c       0x10 C:/devkitPro/libctru/lib\libctru.a(gx.o)
                0x0010ab4c                GX_BindQueue
 .text.GX_ProcessCommandList
                0x0010ab5c       0x7c C:/devkitPro/libctru/lib\libctru.a(gx.o)
                0x0010ab5c                GX_ProcessCommandList
 .text.GX_MemoryFill
                0x0010abd8       0x74 C:/devkitPro/libctru/lib\libctru.a(gx.o)
                0x0010abd8                GX_MemoryFill
 .text.GX_DisplayTransfer
                0x0010ac4c       0x74 C:/devkitPro/libctru/lib\libctru.a(gx.o)
                0x0010ac4c                GX_DisplayTransfer
 .text.gxCmdQueueDoCommands.part.0
                0x0010acc0       0x64 C:/devkitPro/libctru/lib\libctru.a(gxqueue.o)
 .text.gxCmdQueueInterrupt
                0x0010ad24       0xe4 C:/devkitPro/libctru/lib\libctru.a(gxqueue.o)
                0x0010ad24                gxCmdQueueInterrupt
 .text.gxCmdQueueClear
                0x0010ae08       0x68 C:/devkitPro/libctru/lib\libctru.a(gxqueue.o)
                0x0010ae08                gxCmdQueueClear
 .text.gxCmdQueueAdd
                0x0010ae70      0x108 C:/devkitPro/libctru/lib\libctru.a(gxqueue.o)
                0x0010ae70                gxCmdQueueAdd
 .text.gxCmdQueueRun
                0x0010af78       0x80 C:/devkitPro/libctru/lib\libctru.a(gxqueue.o)
                0x0010af78                gxCmdQueueRun
 .text.gxCmdQueueStop
                0x0010aff8       0x64 C:/devkitPro/libctru/lib\libctru.a(gxqueue.o)
                0x0010aff8                gxCmdQueueStop
 .text.gxCmdQueueWait
                0x0010b05c       0x8c C:/devkitPro/libctru/lib\libctru.a(gxqueue.o)
                0x0010b05c                gxCmdQueueWait
 .text.shaderInstanceInit
                0x0010b0e8      0x1e0 C:/devkitPro/libctru/lib\libctru.a(shaderProgram.o)
                0x0010b0e8                shaderInstanceInit
 .text.shaderInstanceGetUniformLocation
                0x0010b2c8       0x18 C:/devkitPro/libctru/lib\libctru.a(shaderProgram.o)
                0x0010b2c8                shaderInstanceGetUniformLocation
 .text.shaderProgramInit
                0x0010b2e0       0x1c C:/devkitPro/libctru/lib\libctru.a(shaderProgram.o)
                0x0010b2e0                shaderProgramInit
 .text.shaderProgramFree
                0x0010b2fc       0x74 C:/devkitPro/libctru/lib\libctru.a(shaderProgram.o)
                0x0010b2fc                shaderProgramFree
 .text.shaderProgramSetVsh
                0x0010b370       0x94 C:/devkitPro/libctru/lib\libctru.a(shaderProgram.o)
                0x0010b370                shaderProgramSetVsh
 .text.shaderProgramConfigure
                0x0010b404      0x8d0 C:/devkitPro/libctru/lib\libctru.a(shaderProgram.o)
                0x0010b404                shaderProgramConfigure
 .text.DVLE_GenerateOutmap.part.0
                0x0010bcd4      0x1dc C:/devkitPro/libctru/lib\libctru.a(shbin.o)
 .text.DVLB_ParseFile
                0x0010beb0      0x1ac C:/devkitPro/libctru/lib\libctru.a(shbin.o)
                0x0010beb0                DVLB_ParseFile
 .text.DVLB_Free
                0x0010c05c       0x50 C:/devkitPro/libctru/lib\libctru.a(shbin.o)
                0x0010c05c                DVLB_Free
 .text.DVLE_GetUniformRegister
                0x0010c0ac       0x74 C:/devkitPro/libctru/lib\libctru.a(shbin.o)
                0x0010c0ac                DVLE_GetUniformRegister
 .text.aptConvertScreenForCapture
                0x0010c120      0x180 C:/devkitPro/libctru/lib\libctru.a(apt.o)
 .text.aptDspSleep
                0x0010c2a0        0x8 C:/devkitPro/libctru/lib\libctru.a(apt.o)
                0x0010c2a0                aptDspSleep
 .text.aptDspWakeup
                0x0010c2a8        0x4 C:/devkitPro/libctru/lib\libctru.a(apt.o)
                0x0010c2a8                aptDspWakeup
 .text.aptDspCancel
                0x0010c2ac        0x4 C:/devkitPro/libctru/lib\libctru.a(apt.o)
                0x0010c2ac                aptDspCancel
 .text.aptSendCommand
                0x0010c2b0      0x138 C:/devkitPro/libctru/lib\libctru.a(apt.o)
                0x0010c2b0                aptSendCommand
 .text.aptExitProcess
                0x0010c3e8       0x44 C:/devkitPro/libctru/lib\libctru.a(apt.o)
 .text.aptExit  0x0010c42c      0x394 C:/devkitPro/libctru/lib\libctru.a(apt.o)
                0x0010c42c                aptExit
 .text.aptHandleSleep
                0x0010c7c0       0xd8 C:/devkitPro/libctru/lib\libctru.a(apt.o)
                0x0010c7c0                aptHandleSleep
 .text.aptHook  0x0010c898       0x34 C:/devkitPro/libctru/lib\libctru.a(apt.o)
                0x0010c898                aptHook
 .text.aptUnhook
                0x0010c8cc       0x30 C:/devkitPro/libctru/lib\libctru.a(apt.o)
                0x0010c8cc                aptUnhook
 .text.aptSetMessageCallback
                0x0010c8fc       0x1c C:/devkitPro/libctru/lib\libctru.a(apt.o)
                0x0010c8fc                aptSetMessageCallback
 .text.APT_SleepIfShellClosed
                0x0010c918       0x84 C:/devkitPro/libctru/lib\libctru.a(apt.o)
                0x0010c918                APT_SleepIfShellClosed
 .text.aptSetSleepAllowed
                0x0010c99c       0x78 C:/devkitPro/libctru/lib\libctru.a(apt.o)
                0x0010c99c                aptSetSleepAllowed
 .text.APT_UnlockTransition
                0x0010ca14       0x84 C:/devkitPro/libctru/lib\libctru.a(apt.o)
                0x0010ca14                APT_UnlockTransition
 .text.aptEventHandler
                0x0010ca98      0x470 C:/devkitPro/libctru/lib\libctru.a(apt.o)
 .text.APT_ReceiveParameter
                0x0010cf08       0xbc C:/devkitPro/libctru/lib\libctru.a(apt.o)
                0x0010cf08                APT_ReceiveParameter
 .text.aptReceiveParameter.constprop.0
                0x0010cfc4       0xb0 C:/devkitPro/libctru/lib\libctru.a(apt.o)
 *fill*         0x0010d074        0x4 
 .text.aptScreenTransfer
                0x0010d078      0x294 C:/devkitPro/libctru/lib\libctru.a(apt.o)
 .text.aptWaitForWakeUp.isra.0
                0x0010d30c      0x2d0 C:/devkitPro/libctru/lib\libctru.a(apt.o)
 .text.aptLaunchLibraryApplet
                0x0010d5dc      0x114 C:/devkitPro/libctru/lib\libctru.a(apt.o)
                0x0010d5dc                aptLaunchLibraryApplet
 .text.aptJumpToHomeMenu
                0x0010d6f0       0xf4 C:/devkitPro/libctru/lib\libctru.a(apt.o)
                0x0010d6f0                aptJumpToHomeMenu
 .text.aptMainLoop
                0x0010d7e4       0x58 C:/devkitPro/libctru/lib\libctru.a(apt.o)
                0x0010d7e4                aptMainLoop
 .text.aptInit  0x0010d83c      0x240 C:/devkitPro/libctru/lib\libctru.a(apt.o)
                0x0010d83c                aptInit
 .text.APT_SendParameter
                0x0010da7c       0x5c C:/devkitPro/libctru/lib\libctru.a(apt.o)
                0x0010da7c                APT_SendParameter
 .text.APT_CheckNew3DS
                0x0010dad8       0x90 C:/devkitPro/libctru/lib\libctru.a(apt.o)
                0x0010dad8                APT_CheckNew3DS
 .text.APT_GetSharedFont
                0x0010db68       0x48 C:/devkitPro/libctru/lib\libctru.a(apt.o)
                0x0010db68                APT_GetSharedFont
 .text.fsInit   0x0010dbb0      0x104 C:/devkitPro/libctru/lib\libctru.a(fs.o)
                0x0010dbb0                fsInit
 .text.fsExit   0x0010dcb4       0x3c C:/devkitPro/libctru/lib\libctru.a(fs.o)
                0x0010dcb4                fsExit
 .text.fsExemptFromSession
                0x0010dcf0       0x68 C:/devkitPro/libctru/lib\libctru.a(fs.o)
                0x0010dcf0                fsExemptFromSession
 .text.fsUnexemptFromSession
                0x0010dd58       0x50 C:/devkitPro/libctru/lib\libctru.a(fs.o)
                0x0010dd58                fsUnexemptFromSession
 .text.FSUSER_OpenFile
                0x0010dda8       0xcc C:/devkitPro/libctru/lib\libctru.a(fs.o)
                0x0010dda8                FSUSER_OpenFile
 .text.FSUSER_OpenFileDirectly
                0x0010de74       0xcc C:/devkitPro/libctru/lib\libctru.a(fs.o)
                0x0010de74                FSUSER_OpenFileDirectly
 .text.FSUSER_DeleteFile
                0x0010df40       0xb8 C:/devkitPro/libctru/lib\libctru.a(fs.o)
                0x0010df40                FSUSER_DeleteFile
 .text.FSUSER_RenameFile
                0x0010dff8       0xf4 C:/devkitPro/libctru/lib\libctru.a(fs.o)
                0x0010dff8                FSUSER_RenameFile
 .text.FSUSER_DeleteDirectory
                0x0010e0ec       0xb8 C:/devkitPro/libctru/lib\libctru.a(fs.o)
                0x0010e0ec                FSUSER_DeleteDirectory
 .text.FSUSER_CreateFile
                0x0010e1a4       0xd0 C:/devkitPro/libctru/lib\libctru.a(fs.o)
                0x0010e1a4                FSUSER_CreateFile
 .text.FSUSER_CreateDirectory
                0x0010e274       0xc0 C:/devkitPro/libctru/lib\libctru.a(fs.o)
                0x0010e274                FSUSER_CreateDirectory
 .text.FSUSER_RenameDirectory
                0x0010e334       0xf4 C:/devkitPro/libctru/lib\libctru.a(fs.o)
                0x0010e334                FSUSER_RenameDirectory
 .text.FSUSER_OpenDirectory
                0x0010e428       0xb4 C:/devkitPro/libctru/lib\libctru.a(fs.o)
                0x0010e428                FSUSER_OpenDirectory
 .text.FSUSER_OpenArchive
                0x0010e4dc       0x90 C:/devkitPro/libctru/lib\libctru.a(fs.o)
                0x0010e4dc                FSUSER_OpenArchive
 .text.FSUSER_CloseArchive
                0x0010e56c       0x8c C:/devkitPro/libctru/lib\libctru.a(fs.o)
                0x0010e56c                FSUSER_CloseArchive
 .text.FSUSER_GetSdmcArchiveResource
                0x0010e5f8       0x74 C:/devkitPro/libctru/lib\libctru.a(fs.o)
                0x0010e5f8                FSUSER_GetSdmcArchiveResource
 .text.FSUSER_IsSdmcWritable
                0x0010e66c       0x64 C:/devkitPro/libctru/lib\libctru.a(fs.o)
                0x0010e66c                FSUSER_IsSdmcWritable
 .text.FSFILE_Read
                0x0010e6d0       0x64 C:/devkitPro/libctru/lib\libctru.a(fs.o)
                0x0010e6d0                FSFILE_Read
 .text.FSFILE_Write
                0x0010e734       0x6c C:/devkitPro/libctru/lib\libctru.a(fs.o)
                0x0010e734                FSFILE_Write
 .text.FSFILE_GetSize
                0x0010e7a0       0x44 C:/devkitPro/libctru/lib\libctru.a(fs.o)
                0x0010e7a0                FSFILE_GetSize
 .text.FSFILE_SetSize
                0x0010e7e4       0x28 C:/devkitPro/libctru/lib\libctru.a(fs.o)
                0x0010e7e4                FSFILE_SetSize
 .text.FSFILE_Close
                0x0010e80c       0x3c C:/devkitPro/libctru/lib\libctru.a(fs.o)
                0x0010e80c                FSFILE_Close
 .text.FSFILE_Flush
                0x0010e848       0x24 C:/devkitPro/libctru/lib\libctru.a(fs.o)
                0x0010e848                FSFILE_Flush
 .text.FSDIR_Read
                0x0010e86c       0x60 C:/devkitPro/libctru/lib\libctru.a(fs.o)
                0x0010e86c                FSDIR_Read
 .text.FSDIR_Close
                0x0010e8cc       0x3c C:/devkitPro/libctru/lib\libctru.a(fs.o)
                0x0010e8cc                FSDIR_Close
 .text.gspHardwareInit
                0x0010e908      0xc70 C:/devkitPro/libctru/lib\libctru.a(gspgpu.o)
 .text.gspInit  0x0010f578      0x280 C:/devkitPro/libctru/lib\libctru.a(gspgpu.o)
                0x0010f578                gspInit
 .text.gspExit  0x0010f7f8      0x110 C:/devkitPro/libctru/lib\libctru.a(gspgpu.o)
                0x0010f7f8                gspExit
 .text.gspHasGpuRight
                0x0010f908       0x10 C:/devkitPro/libctru/lib\libctru.a(gspgpu.o)
                0x0010f908                gspHasGpuRight
 .text.gspPresentBuffer
                0x0010f918       0xa4 C:/devkitPro/libctru/lib\libctru.a(gspgpu.o)
                0x0010f918                gspPresentBuffer
 .text.gspSetEventCallback
                0x0010f9bc       0x30 C:/devkitPro/libctru/lib\libctru.a(gspgpu.o)
                0x0010f9bc                gspSetEventCallback
 .text.gspWaitForEvent
                0x0010f9ec       0x50 C:/devkitPro/libctru/lib\libctru.a(gspgpu.o)
                0x0010f9ec                gspWaitForEvent
 .text.gspWaitForAnyEvent
                0x0010fa3c       0x4c C:/devkitPro/libctru/lib\libctru.a(gspgpu.o)
                0x0010fa3c                gspWaitForAnyEvent
 .text.gspEventThreadMain
                0x0010fa88      0x154 C:/devkitPro/libctru/lib\libctru.a(gspgpu.o)
 .text.gspSubmitGxCommand
                0x0010fbdc      0x12c C:/devkitPro/libctru/lib\libctru.a(gspgpu.o)
                0x0010fbdc                gspSubmitGxCommand
 .text.GSPGPU_FlushDataCache
                0x0010fd08       0x50 C:/devkitPro/libctru/lib\libctru.a(gspgpu.o)
                0x0010fd08                GSPGPU_FlushDataCache
 .text.GSPGPU_SetLcdForceBlack
                0x0010fd58       0x34 C:/devkitPro/libctru/lib\libctru.a(gspgpu.o)
                0x0010fd58                GSPGPU_SetLcdForceBlack
 .text.GSPGPU_AcquireRight
                0x0010fd8c       0x80 C:/devkitPro/libctru/lib\libctru.a(gspgpu.o)
                0x0010fd8c                GSPGPU_AcquireRight
 .text.GSPGPU_ReleaseRight
                0x0010fe0c       0x5c C:/devkitPro/libctru/lib\libctru.a(gspgpu.o)
                0x0010fe0c                GSPGPU_ReleaseRight
 .text.GSPGPU_ImportDisplayCaptureInfo
                0x0010fe68       0x7c C:/devkitPro/libctru/lib\libctru.a(gspgpu.o)
                0x0010fe68                GSPGPU_ImportDisplayCaptureInfo
 .text.GSPGPU_SaveVramSysArea
                0x0010fee4       0x2c C:/devkitPro/libctru/lib\libctru.a(gspgpu.o)
                0x0010fee4                GSPGPU_SaveVramSysArea
 .text.GSPGPU_RestoreVramSysArea
                0x0010ff10       0x2c C:/devkitPro/libctru/lib\libctru.a(gspgpu.o)
                0x0010ff10                GSPGPU_RestoreVramSysArea
 .text.hidShouldUseIrrst
                0x0010ff3c       0x24 C:/devkitPro/libctru/lib\libctru.a(hid.o)
                0x0010ff3c                hidShouldUseIrrst
 .text.hidInit  0x0010ff60      0x1cc C:/devkitPro/libctru/lib\libctru.a(hid.o)
                0x0010ff60                hidInit
 .text.hidExit  0x0011012c       0xe8 C:/devkitPro/libctru/lib\libctru.a(hid.o)
                0x0011012c                hidExit
 .text.hidScanInput
                0x00110214      0x2a0 C:/devkitPro/libctru/lib\libctru.a(hid.o)
                0x00110214                hidScanInput
 .text.hidKeysDown
                0x001104b4       0x10 C:/devkitPro/libctru/lib\libctru.a(hid.o)
                0x001104b4                hidKeysDown
 .text.hidTouchRead
                0x001104c4       0x18 C:/devkitPro/libctru/lib\libctru.a(hid.o)
                0x001104c4                hidTouchRead
 .text.irrstInit
                0x001104dc      0x1a4 C:/devkitPro/libctru/lib\libctru.a(irrst.o)
                0x001104dc                irrstInit
 .text.irrstExit
                0x00110680       0xdc C:/devkitPro/libctru/lib\libctru.a(irrst.o)
                0x00110680                irrstExit
 .text.irrstScanInput
                0x0011075c       0xb4 C:/devkitPro/libctru/lib\libctru.a(irrst.o)
                0x0011075c                irrstScanInput
 .text.irrstKeysHeld
                0x00110810       0x24 C:/devkitPro/libctru/lib\libctru.a(irrst.o)
                0x00110810                irrstKeysHeld
 .text.ptmSysmInit
                0x00110834       0x78 C:/devkitPro/libctru/lib\libctru.a(ptmsysm.o)
                0x00110834                ptmSysmInit
 .text.ptmSysmExit
                0x001108ac       0x3c C:/devkitPro/libctru/lib\libctru.a(ptmsysm.o)
                0x001108ac                ptmSysmExit
 .text.PTMSYSM_ConfigureNew3DSCPU
                0x001108e8       0x34 C:/devkitPro/libctru/lib\libctru.a(ptmsysm.o)
                0x001108e8                PTMSYSM_ConfigureNew3DSCPU
 .text.swkbdMessageCallback
                0x0011091c      0x190 C:/devkitPro/libctru/lib\libctru.a(swkbd.o)
 .text.swkbdInit
                0x00110aac       0x84 C:/devkitPro/libctru/lib\libctru.a(swkbd.o)
                0x00110aac                swkbdInit
 .text.swkbdSetHintText
                0x00110b30       0x64 C:/devkitPro/libctru/lib\libctru.a(swkbd.o)
                0x00110b30                swkbdSetHintText
 .text.swkbdSetButton
                0x00110b94       0x88 C:/devkitPro/libctru/lib\libctru.a(swkbd.o)
                0x00110b94                swkbdSetButton
 .text.swkbdInputText
                0x00110c1c      0x3a8 C:/devkitPro/libctru/lib\libctru.a(swkbd.o)
                0x00110c1c                swkbdInputText
 .text.rbtree_find
                0x00110fc4       0x74 C:/devkitPro/libctru/lib\libctru.a(rbtree_find.o)
                0x00110fc4                rbtree_find
 .text.rbtree_init
                0x00111038       0x10 C:/devkitPro/libctru/lib\libctru.a(rbtree_init.o)
                0x00111038                rbtree_init
 .text.do_insert
                0x00111048      0x198 C:/devkitPro/libctru/lib\libctru.a(rbtree_insert.o)
 .text.rbtree_insert
                0x001111e0        0x8 C:/devkitPro/libctru/lib\libctru.a(rbtree_insert.o)
                0x001111e0                rbtree_insert
 .text.rbtree_remove
                0x001111e8      0x310 C:/devkitPro/libctru/lib\libctru.a(rbtree_remove.o)
                0x001111e8                rbtree_remove
 .text.rbtree_rotate
                0x001114f8       0x90 C:/devkitPro/libctru/lib\libctru.a(rbtree_rotate.o)
                0x001114f8                rbtree_rotate
 .text.decode_utf8
                0x00111588      0x140 C:/devkitPro/libctru/lib\libctru.a(decode_utf8.o)
                0x00111588                decode_utf8
 .text.utf16_to_utf8
                0x001116c8       0xe8 C:/devkitPro/libctru/lib\libctru.a(utf16_to_utf8.o)
                0x001116c8                utf16_to_utf8
 .text.utf8_to_utf16
                0x001117b0       0xc0 C:/devkitPro/libctru/lib\libctru.a(utf8_to_utf16.o)
                0x001117b0                utf8_to_utf16
 .text.__system_allocateHeaps
                0x00111870      0x1e8 C:/devkitPro/libctru/lib\libctru.a(allocateHeaps.o)
                0x00111870                __system_allocateHeaps
 .text.__libctru_init
                0x00111a58       0x38 C:/devkitPro/libctru/lib\libctru.a(ctru_init.o)
                0x00111a58                __libctru_init
 .text.__system_initArgv
                0x00111a90      0x16c C:/devkitPro/libctru/lib\libctru.a(initArgv.o)
                0x00111a90                __system_initArgv
 .text.__syscall_getreent
                0x00111bfc       0x30 C:/devkitPro/libctru/lib\libctru.a(syscalls.o)
                0x00111bfc                __syscall_getreent
 .text.__syscall_gettod_r
                0x00111c2c       0x64 C:/devkitPro/libctru/lib\libctru.a(syscalls.o)
                0x00111c2c                __syscall_gettod_r
 .text.__syscall_lock_acquire
                0x00111c90        0x4 C:/devkitPro/libctru/lib\libctru.a(syscalls.o)
                0x00111c90                __syscall_lock_acquire
 .text.__syscall_lock_release
                0x00111c94        0x4 C:/devkitPro/libctru/lib\libctru.a(syscalls.o)
                0x00111c94                __syscall_lock_release
 .text.__syscall_lock_acquire_recursive
                0x00111c98        0x4 C:/devkitPro/libctru/lib\libctru.a(syscalls.o)
                0x00111c98                __syscall_lock_acquire_recursive
 .text.__syscall_lock_release_recursive
                0x00111c9c        0x4 C:/devkitPro/libctru/lib\libctru.a(syscalls.o)
                0x00111c9c                __syscall_lock_release_recursive
 .text.__syscall_exit
                0x00111ca0        0x4 C:/devkitPro/libctru/lib\libctru.a(syscalls.o)
                0x00111ca0                __syscall_exit
 .text.initThreadVars
                0x00111ca4       0x54 C:/devkitPro/libctru/lib\libctru.a(syscalls.o)
                0x00111ca4                initThreadVars
 .text.__system_initSyscalls
                0x00111cf8       0x80 C:/devkitPro/libctru/lib\libctru.a(syscalls.o)
                0x00111cf8                __system_initSyscalls
 .text.svcControlMemory
                0x00111d78       0x20 C:/devkitPro/libctru/lib\libctru.a(svc.o)
                0x00111d78                svcControlMemory
 .text.svcQueryMemory
                0x00111d98       0x30 C:/devkitPro/libctru/lib\libctru.a(svc.o)
                0x00111d98                svcQueryMemory
 .text.svcExitProcess
                0x00111dc8        0x8 C:/devkitPro/libctru/lib\libctru.a(svc.o)
                0x00111dc8                svcExitProcess
 .text.svcCreateThread
                0x00111dd0       0x20 C:/devkitPro/libctru/lib\libctru.a(svc.o)
                0x00111dd0                svcCreateThread
 .text.svcExitThread
                0x00111df0        0x8 C:/devkitPro/libctru/lib\libctru.a(svc.o)
                0x00111df0                svcExitThread
 .text.svcSleepThread
                0x00111df8        0x8 C:/devkitPro/libctru/lib\libctru.a(svc.o)
                0x00111df8                svcSleepThread
 .text.svcReleaseMutex
                0x00111e00        0x8 C:/devkitPro/libctru/lib\libctru.a(svc.o)
                0x00111e00                svcReleaseMutex
 .text.svcCreateEvent
                0x00111e08       0x14 C:/devkitPro/libctru/lib\libctru.a(svc.o)
                0x00111e08                svcCreateEvent
 .text.svcSignalEvent
                0x00111e1c        0x8 C:/devkitPro/libctru/lib\libctru.a(svc.o)
                0x00111e1c                svcSignalEvent
 .text.svcClearEvent
                0x00111e24        0x8 C:/devkitPro/libctru/lib\libctru.a(svc.o)
                0x00111e24                svcClearEvent
 .text.svcCreateMemoryBlock
                0x00111e2c       0x18 C:/devkitPro/libctru/lib\libctru.a(svc.o)
                0x00111e2c                svcCreateMemoryBlock
 .text.svcMapMemoryBlock
                0x00111e44        0x8 C:/devkitPro/libctru/lib\libctru.a(svc.o)
                0x00111e44                svcMapMemoryBlock
 .text.svcUnmapMemoryBlock
                0x00111e4c        0x8 C:/devkitPro/libctru/lib\libctru.a(svc.o)
                0x00111e4c                svcUnmapMemoryBlock
 .text.svcCreateAddressArbiter
                0x00111e54       0x14 C:/devkitPro/libctru/lib\libctru.a(svc.o)
                0x00111e54                svcCreateAddressArbiter
 .text.svcArbitrateAddressNoTimeout
                0x00111e68        0x8 C:/devkitPro/libctru/lib\libctru.a(svc.o)
                0x00111e68                svcArbitrateAddressNoTimeout
 .text.svcCloseHandle
                0x00111e70        0x8 C:/devkitPro/libctru/lib\libctru.a(svc.o)
                0x00111e70                svcCloseHandle
 .text.svcWaitSynchronization
                0x00111e78        0x8 C:/devkitPro/libctru/lib\libctru.a(svc.o)
                0x00111e78                svcWaitSynchronization
 .text.svcWaitSynchronizationN
                0x00111e80       0x28 C:/devkitPro/libctru/lib\libctru.a(svc.o)
                0x00111e80                svcWaitSynchronizationN
 .text.svcDuplicateHandle
                0x00111ea8       0x14 C:/devkitPro/libctru/lib\libctru.a(svc.o)
                0x00111ea8                svcDuplicateHandle
 .text.svcGetSystemTick
                0x00111ebc        0x8 C:/devkitPro/libctru/lib\libctru.a(svc.o)
                0x00111ebc                svcGetSystemTick
 .text.svcConnectToPort
                0x00111ec4       0x14 C:/devkitPro/libctru/lib\libctru.a(svc.o)
                0x00111ec4                svcConnectToPort
 .text.svcSendSyncRequest
                0x00111ed8        0x8 C:/devkitPro/libctru/lib\libctru.a(svc.o)
                0x00111ed8                svcSendSyncRequest
 .text.svcGetResourceLimit
                0x00111ee0       0x14 C:/devkitPro/libctru/lib\libctru.a(svc.o)
                0x00111ee0                svcGetResourceLimit
 .text.svcGetResourceLimitLimitValues
                0x00111ef4        0x8 C:/devkitPro/libctru/lib\libctru.a(svc.o)
                0x00111ef4                svcGetResourceLimitLimitValues
 .text.svcGetResourceLimitCurrentValues
                0x00111efc        0x8 C:/devkitPro/libctru/lib\libctru.a(svc.o)
                0x00111efc                svcGetResourceLimitCurrentValues
 .text.svcBreak
                0x00111f04        0x8 C:/devkitPro/libctru/lib\libctru.a(svc.o)
                0x00111f04                svcBreak
 .text.__aeabi_read_tp
                0x00111f0c        0xc C:/devkitPro/libctru/lib\libctru.a(readtp.o)
                0x00111f0c                __aeabi_read_tp
 .text.initSystem
                0x00111f18       0x50 C:/devkitPro/libctru/lib\libctru.a(stack_adjust.o)
                0x00111f18                initSystem
 .text.__ctru_exit
                0x00111f68       0x14 C:/devkitPro/libctru/lib\libctru.a(stack_adjust.o)
                0x00111f68                __ctru_exit
 .text.envGetHandle
                0x00111f7c       0x8c C:/devkitPro/libctru/lib\libctru.a(env.o)
                0x00111f7c                envGetHandle
 .text.envDestroyHandles
                0x00112008       0x50 C:/devkitPro/libctru/lib\libctru.a(env.o)
                0x00112008                envDestroyHandles
 .text.srvInit  0x00112058      0x164 C:/devkitPro/libctru/lib\libctru.a(srv.o)
                0x00112058                srvInit
 .text.srvExit  0x001121bc       0x64 C:/devkitPro/libctru/lib\libctru.a(srv.o)
                0x001121bc                srvExit
 .text.srvEnableNotification
                0x00112220       0x60 C:/devkitPro/libctru/lib\libctru.a(srv.o)
                0x00112220                srvEnableNotification
 .text.srvGetServiceHandleDirect
                0x00112280       0xa0 C:/devkitPro/libctru/lib\libctru.a(srv.o)
                0x00112280                srvGetServiceHandleDirect
 .text.srvGetServiceHandle
                0x00112320       0x48 C:/devkitPro/libctru/lib\libctru.a(srv.o)
                0x00112320                srvGetServiceHandle
 .text.srvSubscribe
                0x00112368       0x34 C:/devkitPro/libctru/lib\libctru.a(srv.o)
                0x00112368                srvSubscribe
 .text.srvReceiveNotification
                0x0011239c       0x60 C:/devkitPro/libctru/lib\libctru.a(srv.o)
                0x0011239c                srvReceiveNotification
 .text.srvPublishToSubscriber
                0x001123fc       0x38 C:/devkitPro/libctru/lib\libctru.a(srv.o)
                0x001123fc                srvPublishToSubscriber
 .text.__sync_init
                0x00112434        0xc C:/devkitPro/libctru/lib\libctru.a(synchronization.o)
                0x00112434                __sync_init
 .text.__sync_fini
                0x00112440       0x18 C:/devkitPro/libctru/lib\libctru.a(synchronization.o)
                0x00112440                __sync_fini
 .text.syncArbitrateAddress
                0x00112458       0x28 C:/devkitPro/libctru/lib\libctru.a(synchronization.o)
                0x00112458                syncArbitrateAddress
 .text.LightLock_Lock
                0x00112480       0xac C:/devkitPro/libctru/lib\libctru.a(synchronization.o)
                0x00112480                LightLock_Lock
 .text.LightLock_Unlock
                0x0011252c       0x40 C:/devkitPro/libctru/lib\libctru.a(synchronization.o)
                0x0011252c                LightLock_Unlock
 .text.RecursiveLock_Lock
                0x0011256c       0x54 C:/devkitPro/libctru/lib\libctru.a(synchronization.o)
                0x0011256c                RecursiveLock_Lock
 .text.RecursiveLock_Unlock
                0x001125c0       0x54 C:/devkitPro/libctru/lib\libctru.a(synchronization.o)
                0x001125c0                RecursiveLock_Unlock
 .text.LightEvent_Init
                0x00112614       0x44 C:/devkitPro/libctru/lib\libctru.a(synchronization.o)
                0x00112614                LightEvent_Init
 .text.LightEvent_Clear
                0x00112658       0xb8 C:/devkitPro/libctru/lib\libctru.a(synchronization.o)
                0x00112658                LightEvent_Clear
 .text.LightEvent_Signal
                0x00112710       0xdc C:/devkitPro/libctru/lib\libctru.a(synchronization.o)
                0x00112710                LightEvent_Signal
 .text.LightEvent_TryWait
                0x001127ec       0x50 C:/devkitPro/libctru/lib\libctru.a(synchronization.o)
                0x001127ec                LightEvent_TryWait
 .text.LightEvent_Wait
                0x0011283c       0xac C:/devkitPro/libctru/lib\libctru.a(synchronization.o)
                0x0011283c                LightEvent_Wait
 .text.threadCreate
                0x001128e8      0x1fc C:/devkitPro/libctru/lib\libctru.a(thread.o)
                0x001128e8                threadCreate
 .text.threadFree
                0x00112ae4       0x38 C:/devkitPro/libctru/lib\libctru.a(thread.o)
                0x00112ae4                threadFree
 .text.threadJoin
                0x00112b1c       0x24 C:/devkitPro/libctru/lib\libctru.a(thread.o)
                0x00112b1c                threadJoin
 .text.threadGetCurrent
                0x00112b40       0x30 C:/devkitPro/libctru/lib\libctru.a(thread.o)
                0x00112b40                threadGetCurrent
 .text.threadExit
                0x00112b70       0x40 C:/devkitPro/libctru/lib\libctru.a(thread.o)
                0x00112b70                threadExit
 .text._thread_begin
                0x00112bb0       0x20 C:/devkitPro/libctru/lib\libctru.a(thread.o)
 .text.mappableFindAddressWithin
                0x00112bd0       0x90 C:/devkitPro/libctru/lib\libctru.a(mappable.o)
 .text.mappableInit
                0x00112c60       0x28 C:/devkitPro/libctru/lib\libctru.a(mappable.o)
                0x00112c60                mappableInit
 .text.mappableAlloc
                0x00112c88       0x7c C:/devkitPro/libctru/lib\libctru.a(mappable.o)
                0x00112c88                mappableAlloc
 .text.mappableFree
                0x00112d04        0x4 C:/devkitPro/libctru/lib\libctru.a(mappable.o)
                0x00112d04                mappableFree
 .text.srvPmGetSessionHandle
                0x00112d08        0xc C:/devkitPro/libctru/lib\libctru.a(srvpm.o)
                0x00112d08                srvPmGetSessionHandle
 .text.rbtree_node_next
                0x00112d14       0x60 C:/devkitPro/libctru/lib\libctru.a(rbtree_iterator.o)
                0x00112d14                rbtree_node_next
 .text.decode_utf16
                0x00112d74       0x54 C:/devkitPro/libctru/lib\libctru.a(decode_utf16.o)
                0x00112d74                decode_utf16
 .text.encode_utf16
                0x00112dc8       0x54 C:/devkitPro/libctru/lib\libctru.a(encode_utf16.o)
                0x00112dc8                encode_utf16
 .text.encode_utf8
                0x00112e1c       0xe0 C:/devkitPro/libctru/lib\libctru.a(encode_utf8.o)
                0x00112e1c                encode_utf8
 .text.__appExit
                0x00112efc       0x30 C:/devkitPro/libctru/lib\libctru.a(appExit.o)
                0x00112efc                __appExit
 .text.__appInit
                0x00112f2c       0x30 C:/devkitPro/libctru/lib\libctru.a(appInit.o)
                0x00112f2c                __appInit
 .text.__libctru_exit
                0x00112f5c       0x90 C:/devkitPro/libctru/lib\libctru.a(ctru_exit.o)
                0x00112f5c                __libctru_exit
 .text.archive_link
                0x00112fec       0x14 C:/devkitPro/libctru/lib\libctru.a(archive_dev.o)
 .text.archive_dirreset
                0x00113000       0x14 C:/devkitPro/libctru/lib\libctru.a(archive_dev.o)
 .text.archive_chmod
                0x00113014       0x14 C:/devkitPro/libctru/lib\libctru.a(archive_dev.o)
 .text.error_cmp
                0x00113028       0x24 C:/devkitPro/libctru/lib\libctru.a(archive_dev.o)
 .text.archive_translate_error
                0x0011304c       0x50 C:/devkitPro/libctru/lib\libctru.a(archive_dev.o)
 .text.archive_seek
                0x0011309c       0xc0 C:/devkitPro/libctru/lib\libctru.a(archive_dev.o)
 .text._archiveInit.part.0
                0x0011315c       0x78 C:/devkitPro/libctru/lib\libctru.a(archive_dev.o)
 .text.archiveFindDevice.part.0
                0x001131d4       0xd4 C:/devkitPro/libctru/lib\libctru.a(archive_dev.o)
 .text.archive_utf16path
                0x001132a8      0x298 C:/devkitPro/libctru/lib\libctru.a(archive_dev.o)
 .text._archiveUnmountDeviceStruct.part.0
                0x00113540       0x98 C:/devkitPro/libctru/lib\libctru.a(archive_dev.o)
 .text.archive_statvfs
                0x001135d8       0x14 C:/devkitPro/libctru/lib\libctru.a(archive_dev.o)
 .text.archive_fchmod
                0x001135ec       0x14 C:/devkitPro/libctru/lib\libctru.a(archive_dev.o)
 .text._archiveMountDevice
                0x00113600      0x178 C:/devkitPro/libctru/lib\libctru.a(archive_dev.o)
 .text.archive_diropen
                0x00113778       0xf8 C:/devkitPro/libctru/lib\libctru.a(archive_dev.o)
 .text.archive_fstat
                0x00113870       0xac C:/devkitPro/libctru/lib\libctru.a(archive_dev.o)
 .text.archive_fsync
                0x0011391c       0x74 C:/devkitPro/libctru/lib\libctru.a(archive_dev.o)
 .text.archive_close
                0x00113990       0x74 C:/devkitPro/libctru/lib\libctru.a(archive_dev.o)
 .text.archive_dirclose
                0x00113a04       0x78 C:/devkitPro/libctru/lib\libctru.a(archive_dev.o)
 .text.sdmc_statvfs
                0x00113a7c       0xec C:/devkitPro/libctru/lib\libctru.a(archive_dev.o)
 .text.archive_chdir
                0x00113b68       0xf8 C:/devkitPro/libctru/lib\libctru.a(archive_dev.o)
 .text.archive_ftruncate
                0x00113c60       0x8c C:/devkitPro/libctru/lib\libctru.a(archive_dev.o)
 .text.archive_read
                0x00113cec       0xbc C:/devkitPro/libctru/lib\libctru.a(archive_dev.o)
 .text.archive_unlink
                0x00113da8       0xa8 C:/devkitPro/libctru/lib\libctru.a(archive_dev.o)
 .text.archive_rmdir
                0x00113e50       0xc0 C:/devkitPro/libctru/lib\libctru.a(archive_dev.o)
 .text.archive_mkdir
                0x00113f10       0xd8 C:/devkitPro/libctru/lib\libctru.a(archive_dev.o)
 .text.archive_stat
                0x00113fe8      0x1a0 C:/devkitPro/libctru/lib\libctru.a(archive_dev.o)
 .text.archive_dirnext
                0x00114188      0x164 C:/devkitPro/libctru/lib\libctru.a(archive_dev.o)
 .text.archive_write
                0x001142ec      0x13c C:/devkitPro/libctru/lib\libctru.a(archive_dev.o)
 .text.archive_open
                0x00114428      0x254 C:/devkitPro/libctru/lib\libctru.a(archive_dev.o)
 .text.archive_rename
                0x0011467c      0x270 C:/devkitPro/libctru/lib\libctru.a(archive_dev.o)
 .text.archiveMountSdmc
                0x001148ec      0x1c8 C:/devkitPro/libctru/lib\libctru.a(archive_dev.o)
                0x001148ec                archiveMountSdmc
 .text.archiveUnmountAll
                0x00114ab4       0x54 C:/devkitPro/libctru/lib\libctru.a(archive_dev.o)
                0x00114ab4                archiveUnmountAll
 .text.ceilf    0x00114b08       0xc0 C:/devkitPro/devkitARM/bin/../lib/gcc/arm-none-eabi/15.1.0/../../../../arm-none-eabi/lib/armv6k/fpu\libm.a(libm_a-sf_ceil.o)
                0x00114b08                ceilf
 .text.__fixdfdi
                0x00114bc8       0x2c C:/devkitPro/devkitARM/bin/../lib/gcc/arm-none-eabi/15.1.0/armv6k/fpu\libgcc.a(_fixdfdi.o)
                0x00114bc8                __fixdfdi
                0x00114bc8                __aeabi_d2lz
 *fill*         0x00114bf4        0x4 
 .text.__fixunsdfdi
                0x00114bf8       0x40 C:/devkitPro/devkitARM/bin/../lib/gcc/arm-none-eabi/15.1.0/armv6k/fpu\libgcc.a(_fixunsdfdi.o)
                0x00114bf8                __fixunsdfdi
                0x00114bf8                __aeabi_d2ulz
 .text.__udivmoddi4
                0x00114c38      0x130 C:/devkitPro/devkitARM/bin/../lib/gcc/arm-none-eabi/15.1.0/armv6k/fpu\libgcc.a(_udivmoddi4.o)
                0x00114c38                __udivmoddi4
 .text.strncmp  0x00114d68       0xd8 C:/devkitPro/devkitARM/bin/../lib/gcc/arm-none-eabi/15.1.0/../../../../arm-none-eabi/lib/armv6k/fpu\libg.a(libc_a-strncmp.o)
                0x00114d68                strncmp
 .text.strchr   0x00114e40      0x140 C:/devkitPro/devkitARM/bin/../lib/gcc/arm-none-eabi/15.1.0/../../../../arm-none-eabi/lib/armv6k/fpu\libg.a(libc_a-strchr.o)
                0x00114e40                strchr
 .text.srand    0x00114f80       0x1c C:/devkitPro/devkitARM/bin/../lib/gcc/arm-none-eabi/15.1.0/../../../../arm-none-eabi/lib/armv6k/fpu\libg.a(libc_a-rand.o)
                0x00114f80                srand
 .text.rand     0x00114f9c       0x44 C:/devkitPro/devkitARM/bin/../lib/gcc/arm-none-eabi/15.1.0/../../../../arm-none-eabi/lib/armv6k/fpu\libg.a(libc_a-rand.o)
                0x00114f9c                rand
 .text._fgets_r
                0x00114fe0      0x198 C:/devkitPro/devkitARM/bin/../lib/gcc/arm-none-eabi/15.1.0/../../../../arm-none-eabi/lib/armv6k/fpu\libg.a(libc_a-fgets.o)
                0x00114fe0                _fgets_r
 .text.fgets    0x00115178       0x30 C:/devkitPro/devkitARM/bin/../lib/gcc/arm-none-eabi/15.1.0/../../../../arm-none-eabi/lib/armv6k/fpu\libg.a(libc_a-fgets.o)
                0x00115178                fgets
 .text._fclose_r
                0x001151a8      0x144 C:/devkitPro/devkitARM/bin/../lib/gcc/arm-none-eabi/15.1.0/../../../../arm-none-eabi/lib/armv6k/fpu\libg.a(libc_a-fclose.o)
                0x001151a8                _fclose_r
 .text.fclose   0x001152ec       0x20 C:/devkitPro/devkitARM/bin/../lib/gcc/arm-none-eabi/15.1.0/../../../../arm-none-eabi/lib/armv6k/fpu\libg.a(libc_a-fclose.o)
                0x001152ec                fclose
 .text.strlen   0x0011530c       0x8c C:/devkitPro/devkitARM/bin/../lib/gcc/arm-none-eabi/15.1.0/../../../../arm-none-eabi/lib/armv6k/fpu\libg.a(libc_a-strlen.o)
                0x0011530c                strlen
 .text.sprintf  0x00115398       0x68 C:/devkitPro/devkitARM/bin/../lib/gcc/arm-none-eabi/15.1.0/../../../../arm-none-eabi/lib/armv6k/fpu\libg.a(libc_a-sprintf.o)
                0x00115398                sprintf
 .text.memcmp   0x00115400       0xd8 C:/devkitPro/devkitARM/bin/../lib/gcc/arm-none-eabi/15.1.0/../../../../arm-none-eabi/lib/armv6k/fpu\libg.a(libc_a-memcmp.o)
                0x00115400                memcmp
 .text.stdio_exit_handler
                0x001154d8       0x1c C:/devkitPro/devkitARM/bin/../lib/gcc/arm-none-eabi/15.1.0/../../../../arm-none-eabi/lib/armv6k/fpu\libg.a(libc_a-findfp.o)
 .text.cleanup_stdio
                0x001154f4       0x5c C:/devkitPro/devkitARM/bin/../lib/gcc/arm-none-eabi/15.1.0/../../../../arm-none-eabi/lib/armv6k/fpu\libg.a(libc_a-findfp.o)
 .text.global_stdio_init.part.0
                0x00115550      0x154 C:/devkitPro/devkitARM/bin/../lib/gcc/arm-none-eabi/15.1.0/../../../../arm-none-eabi/lib/armv6k/fpu\libg.a(libc_a-findfp.o)
 .text.__sfp    0x001156a4      0x138 C:/devkitPro/devkitARM/bin/../lib/gcc/arm-none-eabi/15.1.0/../../../../arm-none-eabi/lib/armv6k/fpu\libg.a(libc_a-findfp.o)
                0x001156a4                __sfp
 .text.__sinit  0x001157dc       0x5c C:/devkitPro/devkitARM/bin/../lib/gcc/arm-none-eabi/15.1.0/../../../../arm-none-eabi/lib/armv6k/fpu\libg.a(libc_a-findfp.o)
                0x001157dc                __sinit
 .text.__sfp_lock_acquire
                0x00115838        0xc C:/devkitPro/devkitARM/bin/../lib/gcc/arm-none-eabi/15.1.0/../../../../arm-none-eabi/lib/armv6k/fpu\libg.a(libc_a-findfp.o)
                0x00115838                __sfp_lock_acquire
 .text.__sfp_lock_release
                0x00115844        0xc C:/devkitPro/devkitARM/bin/../lib/gcc/arm-none-eabi/15.1.0/../../../../arm-none-eabi/lib/armv6k/fpu\libg.a(libc_a-findfp.o)
                0x00115844                __sfp_lock_release
 .text._strtoul_l.isra.0
                0x00115850      0x1ec C:/devkitPro/devkitARM/bin/../lib/gcc/arm-none-eabi/15.1.0/../../../../arm-none-eabi/lib/armv6k/fpu\libg.a(libc_a-strtoul.o)
 .text._strtoul_r
                0x00115a3c       0x38 C:/devkitPro/devkitARM/bin/../lib/gcc/arm-none-eabi/15.1.0/../../../../arm-none-eabi/lib/armv6k/fpu\libg.a(libc_a-strtoul.o)
                0x00115a3c                _strtoul_r
 .text.strtoul  0x00115a74       0x3c C:/devkitPro/devkitARM/bin/../lib/gcc/arm-none-eabi/15.1.0/../../../../arm-none-eabi/lib/armv6k/fpu\libg.a(libc_a-strtoul.o)
                0x00115a74                strtoul
 .text.__libc_init_array
                0x00115ab0       0x84 C:/devkitPro/devkitARM/bin/../lib/gcc/arm-none-eabi/15.1.0/../../../../arm-none-eabi/lib/armv6k/fpu\libg.a(libc_a-init.o)
                0x00115ab0                __libc_init_array
 .text.strncat  0x00115b34       0x9c C:/devkitPro/devkitARM/bin/../lib/gcc/arm-none-eabi/15.1.0/../../../../arm-none-eabi/lib/armv6k/fpu\libg.a(libc_a-strncat.o)
                0x00115b34                strncat
 .text._fwalk_sglue
                0x00115bd0       0x70 C:/devkitPro/devkitARM/bin/../lib/gcc/arm-none-eabi/15.1.0/../../../../arm-none-eabi/lib/armv6k/fpu\libg.a(libc_a-fwalk.o)
                0x00115bd0                _fwalk_sglue
 .text.bsearch  0x00115c40       0x78 C:/devkitPro/devkitARM/bin/../lib/gcc/arm-none-eabi/15.1.0/../../../../arm-none-eabi/lib/armv6k/fpu\libg.a(libc_a-bsearch.o)
                0x00115c40                bsearch
 .text.__errno  0x00115cb8        0xc C:/devkitPro/devkitARM/bin/../lib/gcc/arm-none-eabi/15.1.0/../../../../arm-none-eabi/lib/armv6k/fpu\libg.a(libc_a-errno.o)
                0x00115cb8                __errno
 .text.calloc   0x00115cc4       0x28 C:/devkitPro/devkitARM/bin/../lib/gcc/arm-none-eabi/15.1.0/../../../../arm-none-eabi/lib/armv6k/fpu\libg.a(libc_a-calloc.o)
                0x00115cc4                calloc
 .text.qsort    0x00115cec      0x8e8 C:/devkitPro/devkitARM/bin/../lib/gcc/arm-none-eabi/15.1.0/../../../../arm-none-eabi/lib/armv6k/fpu\libg.a(libc_a-qsort.o)
                0x00115cec                qsort
 .text._calloc_r
                0x001165d4       0xd8 C:/devkitPro/devkitARM/bin/../lib/gcc/arm-none-eabi/15.1.0/../../../../arm-none-eabi/lib/armv6k/fpu\libg.a(libc_a-callocr.o)
                0x001165d4                _calloc_r
 .text.realloc  0x001166ac       0x28 C:/devkitPro/devkitARM/bin/../lib/gcc/arm-none-eabi/15.1.0/../../../../arm-none-eabi/lib/armv6k/fpu\libg.a(libc_a-realloc.o)
                0x001166ac                realloc
 .text._fseek_r
                0x001166d4       0x1c C:/devkitPro/devkitARM/bin/../lib/gcc/arm-none-eabi/15.1.0/../../../../arm-none-eabi/lib/armv6k/fpu\libg.a(libc_a-fseek.o)
                0x001166d4                _fseek_r
 .text.memalign
                0x001166f0       0x28 C:/devkitPro/devkitARM/bin/../lib/gcc/arm-none-eabi/15.1.0/../../../../arm-none-eabi/lib/armv6k/fpu\libg.a(libc_a-malign.o)
                0x001166f0                memalign
 .text._malloc_r
                0x00116718      0x82c C:/devkitPro/devkitARM/bin/../lib/gcc/arm-none-eabi/15.1.0/../../../../arm-none-eabi/lib/armv6k/fpu\libg.a(libc_a-mallocr.o)
                0x00116718                _malloc_r
 .text.memchr   0x00116f44       0xe8 C:/devkitPro/devkitARM/bin/../lib/gcc/arm-none-eabi/15.1.0/../../../../arm-none-eabi/lib/armv6k/fpu\libg.a(libc_a-memchr-stub.o)
                0x00116f44                memchr
 .text.strcpy   0x0011702c       0xf0 C:/devkitPro/devkitARM/bin/../lib/gcc/arm-none-eabi/15.1.0/../../../../arm-none-eabi/lib/armv6k/fpu\libg.a(libc_a-strcpy.o)
                0x0011702c                strcpy
 .text._malloc_trim_r
                0x0011711c      0x114 C:/devkitPro/devkitARM/bin/../lib/gcc/arm-none-eabi/15.1.0/../../../../arm-none-eabi/lib/armv6k/fpu\libg.a(libc_a-freer.o)
                0x0011711c                _malloc_trim_r
 .text._free_r  0x00117230      0x314 C:/devkitPro/devkitARM/bin/../lib/gcc/arm-none-eabi/15.1.0/../../../../arm-none-eabi/lib/armv6k/fpu\libg.a(libc_a-freer.o)
                0x00117230                _free_r
 .text.get_arg  0x00117544      0x5e0 C:/devkitPro/devkitARM/bin/../lib/gcc/arm-none-eabi/15.1.0/../../../../arm-none-eabi/lib/armv6k/fpu\libg.a(libc_a-svfprintf.o)
 *fill*         0x00117b24        0x4 
 .text._svfprintf_r
                0x00117b28     0x345c C:/devkitPro/devkitARM/bin/../lib/gcc/arm-none-eabi/15.1.0/../../../../arm-none-eabi/lib/armv6k/fpu\libg.a(libc_a-svfprintf.o)
                0x00117b28                _svfprintf_r
 .text.strnlen  0x0011af84       0x3c C:/devkitPro/devkitARM/bin/../lib/gcc/arm-none-eabi/15.1.0/../../../../arm-none-eabi/lib/armv6k/fpu\libg.a(libc_a-strnlen.o)
                0x0011af84                strnlen
 .text.malloc   0x0011afc0       0x40 C:/devkitPro/devkitARM/bin/../lib/gcc/arm-none-eabi/15.1.0/../../../../arm-none-eabi/lib/armv6k/fpu\libg.a(libc_a-malloc.o)
                0x0011afc0                malloc
 .text.free     0x0011b000       0x20 C:/devkitPro/devkitARM/bin/../lib/gcc/arm-none-eabi/15.1.0/../../../../arm-none-eabi/lib/armv6k/fpu\libg.a(libc_a-malloc.o)
                0x0011b000                free
 .text.__sflush_r
                0x0011b020      0x22c C:/devkitPro/devkitARM/bin/../lib/gcc/arm-none-eabi/15.1.0/../../../../arm-none-eabi/lib/armv6k/fpu\libg.a(libc_a-fflush.o)
                0x0011b020                __sflush_r
 .text._fflush_r
                0x0011b24c       0xc4 C:/devkitPro/devkitARM/bin/../lib/gcc/arm-none-eabi/15.1.0/../../../../arm-none-eabi/lib/armv6k/fpu\libg.a(libc_a-fflush.o)
                0x0011b24c                _fflush_r
 .text.time     0x0011b310       0x48 C:/devkitPro/devkitARM/bin/../lib/gcc/arm-none-eabi/15.1.0/../../../../arm-none-eabi/lib/armv6k/fpu\libg.a(libc_a-time.o)
                0x0011b310                time
 .text.lflush   0x0011b358       0x38 C:/devkitPro/devkitARM/bin/../lib/gcc/arm-none-eabi/15.1.0/../../../../arm-none-eabi/lib/armv6k/fpu\libg.a(libc_a-refill.o)
 .text.__srefill_r
                0x0011b390      0x1a8 C:/devkitPro/devkitARM/bin/../lib/gcc/arm-none-eabi/15.1.0/../../../../arm-none-eabi/lib/armv6k/fpu\libg.a(libc_a-refill.o)
                0x0011b390                __srefill_r
 .text.__smakebuf_r
                0x0011b538      0x164 C:/devkitPro/devkitARM/bin/../lib/gcc/arm-none-eabi/15.1.0/../../../../arm-none-eabi/lib/armv6k/fpu\libg.a(libc_a-makebuf.o)
                0x0011b538                __smakebuf_r
 .text.memset   0x0011b69c       0xe4 C:/devkitPro/devkitARM/bin/../lib/gcc/arm-none-eabi/15.1.0/../../../../arm-none-eabi/lib/armv6k/fpu\libg.a(libc_a-memset.o)
                0x0011b69c                memset
 .text._realloc_r
                0x0011b780      0x4f0 C:/devkitPro/devkitARM/bin/../lib/gcc/arm-none-eabi/15.1.0/../../../../arm-none-eabi/lib/armv6k/fpu\libg.a(libc_a-reallocr.o)
                0x0011b780                _realloc_r
 .text.__malloc_lock
                0x0011bc70        0xc C:/devkitPro/devkitARM/bin/../lib/gcc/arm-none-eabi/15.1.0/../../../../arm-none-eabi/lib/armv6k/fpu\libg.a(libc_a-mlock.o)
                0x0011bc70                __malloc_lock
 .text.__malloc_unlock
                0x0011bc7c        0xc C:/devkitPro/devkitARM/bin/../lib/gcc/arm-none-eabi/15.1.0/../../../../arm-none-eabi/lib/armv6k/fpu\libg.a(libc_a-mlock.o)
                0x0011bc7c                __malloc_unlock
 .text.__call_exitprocs
                0x0011bc88        0x4 C:/devkitPro/devkitARM/bin/../lib/gcc/arm-none-eabi/15.1.0/../../../../arm-none-eabi/lib/armv6k/fpu\libg.a(libc_a-exit.o)
                0x0011bc88                __call_exitprocs
 .text.exit     0x0011bc8c       0x30 C:/devkitPro/devkitARM/bin/../lib/gcc/arm-none-eabi/15.1.0/../../../../arm-none-eabi/lib/armv6k/fpu\libg.a(libc_a-exit.o)
                0x0011bc8c                exit
 .text._fopen_r
                0x0011bcbc      0x134 C:/devkitPro/devkitARM/bin/../lib/gcc/arm-none-eabi/15.1.0/../../../../arm-none-eabi/lib/armv6k/fpu\libg.a(libc_a-fopen.o)
                0x0011bcbc                _fopen_r
 .text.fopen    0x0011bdf0       0x28 C:/devkitPro/devkitARM/bin/../lib/gcc/arm-none-eabi/15.1.0/../../../../arm-none-eabi/lib/armv6k/fpu\libg.a(libc_a-fopen.o)
                0x0011bdf0                fopen
 .text.strncpy  0x0011be18       0xd4 C:/devkitPro/devkitARM/bin/../lib/gcc/arm-none-eabi/15.1.0/../../../../arm-none-eabi/lib/armv6k/fpu\libg.a(libc_a-strncpy.o)
                0x0011be18                strncpy
 .text.memcpy   0x0011beec      0x12c C:/devkitPro/devkitARM/bin/../lib/gcc/arm-none-eabi/15.1.0/../../../../arm-none-eabi/lib/armv6k/fpu\libg.a(libc_a-memcpy-stub.o)
                0x0011beec                memcpy
 .text._wcsrtombs_r
                0x0011c018       0x28 C:/devkitPro/devkitARM/bin/../lib/gcc/arm-none-eabi/15.1.0/../../../../arm-none-eabi/lib/armv6k/fpu\libg.a(libc_a-wcsrtombs.o)
                0x0011c018                _wcsrtombs_r
 .text.sscanf   0x0011c040       0x78 C:/devkitPro/devkitARM/bin/../lib/gcc/arm-none-eabi/15.1.0/../../../../arm-none-eabi/lib/armv6k/fpu\libg.a(libc_a-sscanf.o)
                0x0011c040                sscanf
 .text.frexp    0x0011c0b8       0x88 C:/devkitPro/devkitARM/bin/../lib/gcc/arm-none-eabi/15.1.0/../../../../arm-none-eabi/lib/armv6k/fpu\libg.a(libm_a-s_frexp.o)
                0x0011c0b8                frexp
 .text.__sread  0x0011c140       0x44 C:/devkitPro/devkitARM/bin/../lib/gcc/arm-none-eabi/15.1.0/../../../../arm-none-eabi/lib/armv6k/fpu\libg.a(libc_a-stdio.o)
                0x0011c140                __sread
 .text.__seofread
                0x0011c184        0x8 C:/devkitPro/devkitARM/bin/../lib/gcc/arm-none-eabi/15.1.0/../../../../arm-none-eabi/lib/armv6k/fpu\libg.a(libc_a-stdio.o)
                0x0011c184                __seofread
 .text.__swrite
                0x0011c18c       0x68 C:/devkitPro/devkitARM/bin/../lib/gcc/arm-none-eabi/15.1.0/../../../../arm-none-eabi/lib/armv6k/fpu\libg.a(libc_a-stdio.o)
                0x0011c18c                __swrite
 .text.__sseek  0x0011c1f4       0x40 C:/devkitPro/devkitARM/bin/../lib/gcc/arm-none-eabi/15.1.0/../../../../arm-none-eabi/lib/armv6k/fpu\libg.a(libc_a-stdio.o)
                0x0011c1f4                __sseek
 .text.__sclose
                0x0011c234        0x8 C:/devkitPro/devkitARM/bin/../lib/gcc/arm-none-eabi/15.1.0/../../../../arm-none-eabi/lib/armv6k/fpu\libg.a(libc_a-stdio.o)
                0x0011c234                __sclose
 .text.memmove  0x0011c23c      0x16c C:/devkitPro/devkitARM/bin/../lib/gcc/arm-none-eabi/15.1.0/../../../../arm-none-eabi/lib/armv6k/fpu\libg.a(libc_a-memmove.o)
                0x0011c23c                memmove
 .text.__locale_mb_cur_max
                0x0011c3a8       0x24 C:/devkitPro/devkitARM/bin/../lib/gcc/arm-none-eabi/15.1.0/../../../../arm-none-eabi/lib/armv6k/fpu\libg.a(libc_a-locale.o)
                0x0011c3a8                __locale_mb_cur_max
 .text.__ssprint_r
                0x0011c3cc       0xa4 C:/devkitPro/devkitARM/bin/../lib/gcc/arm-none-eabi/15.1.0/../../../../arm-none-eabi/lib/armv6k/fpu\libg.a(libc_a-ssprint_r.o)
                0x0011c3cc                __ssprint_r
 .text._memalign_r
                0x0011c470      0x16c C:/devkitPro/devkitARM/bin/../lib/gcc/arm-none-eabi/15.1.0/../../../../arm-none-eabi/lib/armv6k/fpu\libg.a(libc_a-malignr.o)
                0x0011c470                _memalign_r
 .text._wcsnrtombs_l
                0x0011c5dc      0x15c C:/devkitPro/devkitARM/bin/../lib/gcc/arm-none-eabi/15.1.0/../../../../arm-none-eabi/lib/armv6k/fpu\libg.a(libc_a-wcsnrtombs.o)
                0x0011c5dc                _wcsnrtombs_l
 .text._wcsnrtombs_r
                0x0011c738       0x64 C:/devkitPro/devkitARM/bin/../lib/gcc/arm-none-eabi/15.1.0/../../../../arm-none-eabi/lib/armv6k/fpu\libg.a(libc_a-wcsnrtombs.o)
                0x0011c738                _wcsnrtombs_r
 .text.__utf8_mbtowc
                0x0011c79c      0x340 C:/devkitPro/devkitARM/bin/../lib/gcc/arm-none-eabi/15.1.0/../../../../arm-none-eabi/lib/armv6k/fpu\libg.a(libc_a-mbtowc_r.o)
                0x0011c79c                __utf8_mbtowc
 .text._fseeko_r
                0x0011cadc      0x588 C:/devkitPro/devkitARM/bin/../lib/gcc/arm-none-eabi/15.1.0/../../../../arm-none-eabi/lib/armv6k/fpu\libg.a(libc_a-fseeko.o)
                0x0011cadc                _fseeko_r
 .text._localeconv_r
                0x0011d064       0x24 C:/devkitPro/devkitARM/bin/../lib/gcc/arm-none-eabi/15.1.0/../../../../arm-none-eabi/lib/armv6k/fpu\libg.a(libc_a-localeconv.o)
                0x0011d064                _localeconv_r
 .text.quorem   0x0011d088      0x1c0 C:/devkitPro/devkitARM/bin/../lib/gcc/arm-none-eabi/15.1.0/../../../../arm-none-eabi/lib/armv6k/fpu\libg.a(libc_a-dtoa.o)
 .text._dtoa_r  0x0011d248     0x13f0 C:/devkitPro/devkitARM/bin/../lib/gcc/arm-none-eabi/15.1.0/../../../../arm-none-eabi/lib/armv6k/fpu\libg.a(libc_a-dtoa.o)
                0x0011d248                _dtoa_r
 .text._wcrtomb_r
                0x0011e638       0xa0 C:/devkitPro/devkitARM/bin/../lib/gcc/arm-none-eabi/15.1.0/../../../../arm-none-eabi/lib/armv6k/fpu\libg.a(libc_a-wcrtomb.o)
                0x0011e638                _wcrtomb_r
 .text.__sflags
                0x0011e6d8       0xb8 C:/devkitPro/devkitARM/bin/../lib/gcc/arm-none-eabi/15.1.0/../../../../arm-none-eabi/lib/armv6k/fpu\libg.a(libc_a-flags.o)
                0x0011e6d8                __sflags
 .text._strtol_l.part.0
                0x0011e790      0x384 C:/devkitPro/devkitARM/bin/../lib/gcc/arm-none-eabi/15.1.0/../../../../arm-none-eabi/lib/armv6k/fpu\libg.a(libc_a-strtol.o)
 .text._strtol_r
                0x0011eb14       0x6c C:/devkitPro/devkitARM/bin/../lib/gcc/arm-none-eabi/15.1.0/../../../../arm-none-eabi/lib/armv6k/fpu\libg.a(libc_a-strtol.o)
                0x0011eb14                _strtol_r
 .text.__libc_fini_array
                0x0011eb80       0x3c C:/devkitPro/devkitARM/bin/../lib/gcc/arm-none-eabi/15.1.0/../../../../arm-none-eabi/lib/armv6k/fpu\libg.a(libc_a-fini.o)
                0x0011eb80                __libc_fini_array
 .text.__ssputs_r
                0x0011ebbc      0x12c C:/devkitPro/devkitARM/bin/../lib/gcc/arm-none-eabi/15.1.0/../../../../arm-none-eabi/lib/armv6k/fpu\libg.a(libc_a-ssputs_r.o)
                0x0011ebbc                __ssputs_r
 .text.get_arg  0x0011ece8       0x50 C:/devkitPro/devkitARM/bin/../lib/gcc/arm-none-eabi/15.1.0/../../../../arm-none-eabi/lib/armv6k/fpu\libg.a(libc_a-svfscanf.o)
 .text.__ssvfscanf_r
                0x0011ed38     0x2b88 C:/devkitPro/devkitARM/bin/../lib/gcc/arm-none-eabi/15.1.0/../../../../arm-none-eabi/lib/armv6k/fpu\libg.a(libc_a-svfscanf.o)
                0x0011ed38                __ssvfscanf_r
 .text.__utf8_wctomb
                0x001218c0       0xf8 C:/devkitPro/devkitARM/bin/../lib/gcc/arm-none-eabi/15.1.0/../../../../arm-none-eabi/lib/armv6k/fpu\libg.a(libc_a-wctomb_r.o)
                0x001218c0                __utf8_wctomb
 .text._strtoull_l.isra.0
                0x001219b8      0x264 C:/devkitPro/devkitARM/bin/../lib/gcc/arm-none-eabi/15.1.0/../../../../arm-none-eabi/lib/armv6k/fpu\libg.a(libc_a-strtoull.o)
 .text._strtoull_r
                0x00121c1c       0x38 C:/devkitPro/devkitARM/bin/../lib/gcc/arm-none-eabi/15.1.0/../../../../arm-none-eabi/lib/armv6k/fpu\libg.a(libc_a-strtoull.o)
                0x00121c1c                _strtoull_r
 .text._mbrtowc_r
                0x00121c54       0xc4 C:/devkitPro/devkitARM/bin/../lib/gcc/arm-none-eabi/15.1.0/../../../../arm-none-eabi/lib/armv6k/fpu\libg.a(libc_a-mbrtowc.o)
                0x00121c54                _mbrtowc_r
 .text.nanf     0x00121d18        0xc C:/devkitPro/devkitARM/bin/../lib/gcc/arm-none-eabi/15.1.0/../../../../arm-none-eabi/lib/armv6k/fpu\libg.a(libm_a-sf_nan.o)
                0x00121d18                nanf
 .text.__assert_func
                0x00121d24       0x5c C:/devkitPro/devkitARM/bin/../lib/gcc/arm-none-eabi/15.1.0/../../../../arm-none-eabi/lib/armv6k/fpu\libg.a(libc_a-assert.o)
                0x00121d24                __assert_func
 .text._Balloc  0x00121d80       0x88 C:/devkitPro/devkitARM/bin/../lib/gcc/arm-none-eabi/15.1.0/../../../../arm-none-eabi/lib/armv6k/fpu\libg.a(libc_a-mprec.o)
                0x00121d80                _Balloc
 .text._Bfree   0x00121e08       0x1c C:/devkitPro/devkitARM/bin/../lib/gcc/arm-none-eabi/15.1.0/../../../../arm-none-eabi/lib/armv6k/fpu\libg.a(libc_a-mprec.o)
                0x00121e08                _Bfree
 .text.__multadd
                0x00121e24       0xf4 C:/devkitPro/devkitARM/bin/../lib/gcc/arm-none-eabi/15.1.0/../../../../arm-none-eabi/lib/armv6k/fpu\libg.a(libc_a-mprec.o)
                0x00121e24                __multadd
 .text.__s2b    0x00121f18      0x10c C:/devkitPro/devkitARM/bin/../lib/gcc/arm-none-eabi/15.1.0/../../../../arm-none-eabi/lib/armv6k/fpu\libg.a(libc_a-mprec.o)
                0x00121f18                __s2b
 .text.__hi0bits
                0x00122024       0x80 C:/devkitPro/devkitARM/bin/../lib/gcc/arm-none-eabi/15.1.0/../../../../arm-none-eabi/lib/armv6k/fpu\libg.a(libc_a-mprec.o)
                0x00122024                __hi0bits
 .text.__lo0bits
                0x001220a4       0xf0 C:/devkitPro/devkitARM/bin/../lib/gcc/arm-none-eabi/15.1.0/../../../../arm-none-eabi/lib/armv6k/fpu\libg.a(libc_a-mprec.o)
                0x001220a4                __lo0bits
 .text.__i2b    0x00122194       0xa4 C:/devkitPro/devkitARM/bin/../lib/gcc/arm-none-eabi/15.1.0/../../../../arm-none-eabi/lib/armv6k/fpu\libg.a(libc_a-mprec.o)
                0x00122194                __i2b
 .text.__multiply
                0x00122238      0x230 C:/devkitPro/devkitARM/bin/../lib/gcc/arm-none-eabi/15.1.0/../../../../arm-none-eabi/lib/armv6k/fpu\libg.a(libc_a-mprec.o)
                0x00122238                __multiply
 .text.__pow5mult
                0x00122468      0x130 C:/devkitPro/devkitARM/bin/../lib/gcc/arm-none-eabi/15.1.0/../../../../arm-none-eabi/lib/armv6k/fpu\libg.a(libc_a-mprec.o)
                0x00122468                __pow5mult
 .text.__lshift
                0x00122598      0x138 C:/devkitPro/devkitARM/bin/../lib/gcc/arm-none-eabi/15.1.0/../../../../arm-none-eabi/lib/armv6k/fpu\libg.a(libc_a-mprec.o)
                0x00122598                __lshift
 .text.__mcmp   0x001226d0       0x58 C:/devkitPro/devkitARM/bin/../lib/gcc/arm-none-eabi/15.1.0/../../../../arm-none-eabi/lib/armv6k/fpu\libg.a(libc_a-mprec.o)
                0x001226d0                __mcmp
 .text.__mdiff  0x00122728      0x218 C:/devkitPro/devkitARM/bin/../lib/gcc/arm-none-eabi/15.1.0/../../../../arm-none-eabi/lib/armv6k/fpu\libg.a(libc_a-mprec.o)
                0x00122728                __mdiff
 .text.__ulp    0x00122940       0x68 C:/devkitPro/devkitARM/bin/../lib/gcc/arm-none-eabi/15.1.0/../../../../arm-none-eabi/lib/armv6k/fpu\libg.a(libc_a-mprec.o)
                0x00122940                __ulp
 .text.__b2d    0x001229a8       0xd4 C:/devkitPro/devkitARM/bin/../lib/gcc/arm-none-eabi/15.1.0/../../../../arm-none-eabi/lib/armv6k/fpu\libg.a(libc_a-mprec.o)
                0x001229a8                __b2d
 .text.__d2b    0x00122a7c      0x120 C:/devkitPro/devkitARM/bin/../lib/gcc/arm-none-eabi/15.1.0/../../../../arm-none-eabi/lib/armv6k/fpu\libg.a(libc_a-mprec.o)
                0x00122a7c                __d2b
 .text.__ratio  0x00122b9c       0x78 C:/devkitPro/devkitARM/bin/../lib/gcc/arm-none-eabi/15.1.0/../../../../arm-none-eabi/lib/armv6k/fpu\libg.a(libc_a-mprec.o)
                0x00122b9c                __ratio
 .text.__copybits
                0x00122c14       0x8c C:/devkitPro/devkitARM/bin/../lib/gcc/arm-none-eabi/15.1.0/../../../../arm-none-eabi/lib/armv6k/fpu\libg.a(libc_a-mprec.o)
                0x00122c14                __copybits
 .text.__any_on
                0x00122ca0       0x5c C:/devkitPro/devkitARM/bin/../lib/gcc/arm-none-eabi/15.1.0/../../../../arm-none-eabi/lib/armv6k/fpu\libg.a(libc_a-mprec.o)
                0x00122ca0                __any_on
 .text._strtoll_l.isra.0
                0x00122cfc      0x47c C:/devkitPro/devkitARM/bin/../lib/gcc/arm-none-eabi/15.1.0/../../../../arm-none-eabi/lib/armv6k/fpu\libg.a(libc_a-strtoll.o)
 .text._strtoll_r
                0x00123178       0x38 C:/devkitPro/devkitARM/bin/../lib/gcc/arm-none-eabi/15.1.0/../../../../arm-none-eabi/lib/armv6k/fpu\libg.a(libc_a-strtoll.o)
                0x00123178                _strtoll_r
 .text.sulp     0x001231b0       0x60 C:/devkitPro/devkitARM/bin/../lib/gcc/arm-none-eabi/15.1.0/../../../../arm-none-eabi/lib/armv6k/fpu\libg.a(libc_a-strtod.o)
 .text._strtod_l
                0x00123210     0x1428 C:/devkitPro/devkitARM/bin/../lib/gcc/arm-none-eabi/15.1.0/../../../../arm-none-eabi/lib/armv6k/fpu\libg.a(libc_a-strtod.o)
                0x00123210                _strtod_l
 .text._strtod_r
                0x00124638       0x44 C:/devkitPro/devkitARM/bin/../lib/gcc/arm-none-eabi/15.1.0/../../../../arm-none-eabi/lib/armv6k/fpu\libg.a(libc_a-strtod.o)
                0x00124638                _strtod_r
 .text.fiprintf
                0x0012467c       0x3c C:/devkitPro/devkitARM/bin/../lib/gcc/arm-none-eabi/15.1.0/../../../../arm-none-eabi/lib/armv6k/fpu\libg.a(libc_a-fiprintf.o)
                0x0012467c                fiprintf
 .text._sungetc_r
                0x001246b8       0xe4 C:/devkitPro/devkitARM/bin/../lib/gcc/arm-none-eabi/15.1.0/../../../../arm-none-eabi/lib/armv6k/fpu\libg.a(libc_a-svfiscanf.o)
                0x001246b8                _sungetc_r
 .text.__ssrefill_r
                0x0012479c       0x6c C:/devkitPro/devkitARM/bin/../lib/gcc/arm-none-eabi/15.1.0/../../../../arm-none-eabi/lib/armv6k/fpu\libg.a(libc_a-svfiscanf.o)
                0x0012479c                __ssrefill_r
 .text._sfread_r
                0x00124808       0xb4 C:/devkitPro/devkitARM/bin/../lib/gcc/arm-none-eabi/15.1.0/../../../../arm-none-eabi/lib/armv6k/fpu\libg.a(libc_a-svfiscanf.o)
                0x00124808                _sfread_r
 .text.rshift   0x001248bc       0xf4 C:/devkitPro/devkitARM/bin/../lib/gcc/arm-none-eabi/15.1.0/../../../../arm-none-eabi/lib/armv6k/fpu\libg.a(libc_a-gdtoa-gethex.o)
 .text.__gethex
                0x001249b0      0x8b4 C:/devkitPro/devkitARM/bin/../lib/gcc/arm-none-eabi/15.1.0/../../../../arm-none-eabi/lib/armv6k/fpu\libg.a(libc_a-gdtoa-gethex.o)
                0x001249b0                __gethex
 .text.iswspace
                0x00125264        0x8 C:/devkitPro/devkitARM/bin/../lib/gcc/arm-none-eabi/15.1.0/../../../../arm-none-eabi/lib/armv6k/fpu\libg.a(libc_a-iswspace.o)
                0x00125264                iswspace
 .text.abort    0x0012526c       0x14 C:/devkitPro/devkitARM/bin/../lib/gcc/arm-none-eabi/15.1.0/../../../../arm-none-eabi/lib/armv6k/fpu\libg.a(libc_a-abort.o)
                0x0012526c                abort
 .text.__sccl   0x00125280       0xf8 C:/devkitPro/devkitARM/bin/../lib/gcc/arm-none-eabi/15.1.0/../../../../arm-none-eabi/lib/armv6k/fpu\libg.a(libc_a-sccl.o)
                0x00125280                __sccl
 .text.stpncpy  0x00125378       0xdc C:/devkitPro/devkitARM/bin/../lib/gcc/arm-none-eabi/15.1.0/../../../../arm-none-eabi/lib/armv6k/fpu\libg.a(libc_a-stpncpy.o)
                0x00125378                stpncpy
 .text.__match  0x00125454       0x70 C:/devkitPro/devkitARM/bin/../lib/gcc/arm-none-eabi/15.1.0/../../../../arm-none-eabi/lib/armv6k/fpu\libg.a(libc_a-gdtoa-hexnan.o)
                0x00125454                __match
 .text.__hexnan
                0x001254c4      0x2a8 C:/devkitPro/devkitARM/bin/../lib/gcc/arm-none-eabi/15.1.0/../../../../arm-none-eabi/lib/armv6k/fpu\libg.a(libc_a-gdtoa-hexnan.o)
                0x001254c4                __hexnan
 *fill*         0x0012576c        0x4 
 .text.nan      0x00125770       0x10 C:/devkitPro/devkitARM/bin/../lib/gcc/arm-none-eabi/15.1.0/../../../../arm-none-eabi/lib/armv6k/fpu\libg.a(libm_a-s_nan.o)
                0x00125770                nan
 .text._raise_r
                0x00125780       0x9c C:/devkitPro/devkitARM/bin/../lib/gcc/arm-none-eabi/15.1.0/../../../../arm-none-eabi/lib/armv6k/fpu\libg.a(libc_a-signal.o)
                0x00125780                _raise_r
 .text.raise    0x0012581c       0x20 C:/devkitPro/devkitARM/bin/../lib/gcc/arm-none-eabi/15.1.0/../../../../arm-none-eabi/lib/armv6k/fpu\libg.a(libc_a-signal.o)
                0x0012581c                raise
 .text.iswspace_l
                0x0012583c       0x38 C:/devkitPro/devkitARM/bin/../lib/gcc/arm-none-eabi/15.1.0/../../../../arm-none-eabi/lib/armv6k/fpu\libg.a(libc_a-iswspace_l.o)
                0x0012583c                iswspace_l
 .text.__submore
                0x00125874       0xb8 C:/devkitPro/devkitARM/bin/../lib/gcc/arm-none-eabi/15.1.0/../../../../arm-none-eabi/lib/armv6k/fpu\libg.a(libc_a-ungetc.o)
                0x00125874                __submore
 .text.get_arg  0x0012592c      0x5e0 C:/devkitPro/devkitARM/bin/../lib/gcc/arm-none-eabi/15.1.0/../../../../arm-none-eabi/lib/armv6k/fpu\libg.a(libc_a-vfiprintf.o)