Archive member included to satisfy reference by file (symbol)

C:/devkitPro/libctru/lib\libcitro2d.a(base.o)
                              main.o (C2D_Init)
C:/devkitPro/libctru/lib\libcitro2d.a(text.o)
                              main.o (C2D_TextBufNew)
C:/devkitPro/libctru/lib\libcitro2d.a(font.o)
                              C:/devkitPro/libctru/lib\libcitro2d.a(text.o) (C2D_FontGlyphIndexFromCodePoint)
C:/devkitPro/libctru/lib\libcitro2d.a(render2d.shbin.o)
                              C:/devkitPro/libctru/lib\libcitro2d.a(base.o) (render2d_shbin)
C:/devkitPro/libctru/lib\libcitro3d.a(attribs.o)
                              C:/devkitPro/libctru/lib\libcitro2d.a(base.o) (AttrInfo_Init)
C:/devkitPro/libctru/lib\libcitro3d.a(base.o)
                              C:/devkitPro/libctru/lib\libcitro3d.a(attribs.o) (__C3D_Context)
C:/devkitPro/libctru/lib\libcitro3d.a(buffers.o)
                              C:/devkitPro/libctru/lib\libcitro2d.a(base.o) (BufInfo_Init)
C:/devkitPro/libctru/lib\libcitro3d.a(drawElements.o)
                              C:/devkitPro/libctru/lib\libcitro2d.a(base.o) (C3D_DrawElements)
C:/devkitPro/libctru/lib\libcitro3d.a(effect.o)
                              C:/devkitPro/libctru/lib\libcitro3d.a(base.o) (C3D_DepthMap)
C:/devkitPro/libctru/lib\libcitro3d.a(framebuffer.o)
                              C:/devkitPro/libctru/lib\libcitro3d.a(base.o) (C3Di_FrameBufBind)
C:/devkitPro/libctru/lib\libcitro3d.a(immediate.o)
                              C:/devkitPro/libctru/lib\libcitro3d.a(base.o) (C3D_ImmSendAttrib)
C:/devkitPro/libctru/lib\libcitro3d.a(proctex.o)
                              C:/devkitPro/libctru/lib\libcitro2d.a(base.o) (C3D_ProcTexInit)
C:/devkitPro/libctru/lib\libcitro3d.a(renderqueue.o)
                              C:/devkitPro/libctru/lib\libcitro3d.a(base.o) (C3Di_RenderQueueEnableVBlank)
C:/devkitPro/libctru/lib\libcitro3d.a(texenv.o)
                              C:/devkitPro/libctru/lib\libcitro2d.a(base.o) (C3D_GetTexEnv)
C:/devkitPro/libctru/lib\libcitro3d.a(texture.o)
                              C:/devkitPro/libctru/lib\libcitro2d.a(base.o) (C3D_TexBind)
C:/devkitPro/libctru/lib\libcitro3d.a(uniforms.o)
                              C:/devkitPro/libctru/lib\libcitro3d.a(base.o) (C3D_UpdateUniforms)
C:/devkitPro/libctru/lib\libcitro3d.a(mtx_multiply.o)
                              C:/devkitPro/libctru/lib\libcitro2d.a(base.o) (Mtx_Multiply)
C:/devkitPro/libctru/lib\libcitro3d.a(mtx_ortho.o)
                              C:/devkitPro/libctru/lib\libcitro2d.a(base.o) (Mtx_Ortho)
C:/devkitPro/libctru/lib\libcitro3d.a(mtx_orthotilt.o)
                              C:/devkitPro/libctru/lib\libcitro2d.a(base.o) (Mtx_OrthoTilt)
C:/devkitPro/libctru/lib\libcitro3d.a(mtx_rotatez.o)
                              C:/devkitPro/libctru/lib\libcitro2d.a(base.o) (Mtx_RotateZ)
C:/devkitPro/libctru/lib\libcitro3d.a(mtx_scale.o)
                              C:/devkitPro/libctru/lib\libcitro2d.a(base.o) (Mtx_Scale)
C:/devkitPro/libctru/lib\libcitro3d.a(mtx_translate.o)
                              C:/devkitPro/libctru/lib\libcitro2d.a(base.o) (Mtx_Translate)
C:/devkitPro/libctru/lib\libctru.a(linear.o)
                              C:/devkitPro/libctru/lib\libcitro2d.a(base.o) (linearAlloc)
C:/devkitPro/libctru/lib\libctru.a(mem_pool.o)
                              C:/devkitPro/libctru/lib\libctru.a(linear.o) (MemPool::Allocate(MemChunk&, unsigned long, int))
C:/devkitPro/libctru/lib\libctru.a(vram.o)
                              C:/devkitPro/libctru/lib\libcitro3d.a(renderqueue.o) (vramAlloc)
C:/devkitPro/libctru/lib\libctru.a(font.o)
                              C:/devkitPro/libctru/lib\libcitro2d.a(text.o) (fontEnsureMapped)
C:/devkitPro/libctru/lib\libctru.a(gfx.o)
                              C:/devkitPro/libctru/lib\libcitro2d.a(base.o) (gfxIsWide)
C:/devkitPro/libctru/lib\libctru.a(os.o)
                              C:/devkitPro/libctru/lib\libcitro3d.a(buffers.o) (osConvertVirtToPhys)
C:/devkitPro/libctru/lib\libctru.a(romfs_dev.o)
                              main.o (romfsMountSelf)
C:/devkitPro/libctru/lib\libctru.a(gpu.o)
                              C:/devkitPro/libctru/lib\libcitro3d.a(renderqueue.o) (gpuCmdBuf)
C:/devkitPro/libctru/lib\libctru.a(gx.o)
                              C:/devkitPro/libctru/lib\libcitro3d.a(renderqueue.o) (GX_BindQueue)
C:/devkitPro/libctru/lib\libctru.a(gxqueue.o)
                              C:/devkitPro/libctru/lib\libcitro3d.a(renderqueue.o) (gxCmdQueueClear)
C:/devkitPro/libctru/lib\libctru.a(shaderProgram.o)
                              C:/devkitPro/libctru/lib\libcitro2d.a(base.o) (shaderInstanceGetUniformLocation)
C:/devkitPro/libctru/lib\libctru.a(shbin.o)
                              C:/devkitPro/libctru/lib\libcitro2d.a(base.o) (DVLB_ParseFile)
C:/devkitPro/libctru/lib\libctru.a(apt.o)
[...]
Memory Configuration

Name             Origin             Length             Attributes
*default*        0x00000000         0xffffffff

Linker script and memory map

                0x00000000                        __sync_synchronize = __sync_synchronize_dmb
                0x00100000                        PROVIDE (__start__ = 0x100000)
                0x00100000                        . = __start__

.text           0x00100000    0x28f9c
 *(.crt0)
 .crt0          0x00100000       0x94 C:/devkitPro/devkitARM/bin/../lib/gcc/arm-none-eabi/15.1.0/../../../../arm-none-eabi/lib/armv6k/fpu/3dsx_crt0.o
                0x00100000                _start
                0x00100008                __service_ptr
                0x0010000c                __apt_appid
                0x00100010                __heap_size
                0x00100014                __linear_heap_size
                0x00100018                __system_arglist
                0x0010001c                __system_runflags
 *(.init)
 .init          0x00100094        0xc C:/devkitPro/devkitARM/bin/../lib/gcc/arm-none-eabi/15.1.0/armv6k/fpu/crti.o
                0x00100094                _init
 .init          0x001000a0        0xc C:/devkitPro/devkitARM/bin/../lib/gcc/arm-none-eabi/15.1.0/armv6k/fpu/crtn.o
                0x001000ac                        . = ALIGN (0x4)
 *(.text)
 .text          0x001000ac      0x20c C:/devkitPro/devkitARM/bin/../lib/gcc/arm-none-eabi/15.1.0/armv6k/fpu\libgcc.a(_udivsi3.o)
                0x001000ac                __aeabi_uidiv
                0x001000ac                __udivsi3
                0x00100298                __aeabi_uidivmod
 .text          0x001002b8      0x240 C:/devkitPro/devkitARM/bin/../lib/gcc/arm-none-eabi/15.1.0/armv6k/fpu\libgcc.a(_divsi3.o)
                0x001002b8                __divsi3
                0x001002b8                __aeabi_idiv
                0x001004d8                __aeabi_idivmod
 .text          0x001004f8        0x4 C:/devkitPro/devkitARM/bin/../lib/gcc/arm-none-eabi/15.1.0/armv6k/fpu\libgcc.a(_dvmd_tls.o)
                0x001004f8                __aeabi_idiv0
                0x001004f8                __aeabi_ldiv0
 .text          0x001004fc      0x3c0 C:/devkitPro/devkitARM/bin/../lib/gcc/arm-none-eabi/15.1.0/armv6k/fpu\libgcc.a(_arm_addsubdf3.o)
                0x001004fc                __aeabi_drsub
                0x00100504                __aeabi_dsub
                0x00100504                __subdf3
                0x00100508                __aeabi_dadd
                0x00100508                __adddf3
                0x001007b4                __floatunsidf
                0x001007b4                __aeabi_ui2d
                0x001007d8                __floatsidf
                0x001007d8                __aeabi_i2d
                0x00100800                __aeabi_f2d
                0x00100800                __extendsfdf2
                0x00100848                __floatundidf
                0x00100848                __aeabi_ul2d
                0x0010085c                __floatdidf
                0x0010085c                __aeabi_l2d
 .text          0x001008bc       0xd4 C:/devkitPro/devkitARM/bin/../lib/gcc/arm-none-eabi/15.1.0/armv6k/fpu\libgcc.a(_aeabi_ldivmod.o)
                0x001008bc                __aeabi_ldivmod
 .text          0x00100990       0x3c C:/devkitPro/devkitARM/bin/../lib/gcc/arm-none-eabi/15.1.0/armv6k/fpu\libgcc.a(_aeabi_uldivmod.o)
                0x00100990                __aeabi_uldivmod
 *fill*         0x001009cc       0x14 
 .text          0x001009e0      0x390 C:/devkitPro/devkitARM/bin/../lib/gcc/arm-none-eabi/15.1.0/../../../../arm-none-eabi/lib/armv6k/fpu\libg.a(libc_a-strcmp.o)
                0x001009e8                strcmp
 *(.text.*)
 .text.__do_global_dtors_aux
                0x00100d70       0x50 C:/devkitPro/devkitARM/bin/../lib/gcc/arm-none-eabi/15.1.0/armv6k/fpu/crtbegin.o
 .text.frame_dummy
                0x00100dc0       0x2c C:/devkitPro/devkitARM/bin/../lib/gcc/arm-none-eabi/15.1.0/armv6k/fpu/crtbegin.o
 .text.C2D_DrawRectSolid.constprop.0.isra.0
                0x00100dec       0x20 main.o
 .text.C2D_SceneBegin
                0x00100e0c       0x28 main.o
 .text.abrirPalabrasTXT
                0x00100e34       0x34 main.o
                0x00100e34                abrirPalabrasTXT
 .text.getNumPalabrasArchivo
                0x00100e68       0x48 main.o
                0x00100e68                getNumPalabrasArchivo
 .text.escogerPalabrasPartida
                0x00100eb0      0x148 main.o
                0x00100eb0                escogerPalabrasPartida
 .text.crearImpostores
                0x00100ff8       0x94 main.o
                0x00100ff8                crearImpostores
 .text.crearTextoTarjeta
                0x0010108c       0x90 main.o
                0x0010108c                crearTextoTarjeta
 .text.crearMenuGameplayArriba
                0x0010111c      0x534 main.o
                0x0010111c                crearMenuGameplayArriba
 .text.startup.main
                0x00101650     0x1844 main.o
                0x00101650                main
 .text.C2Di_FrameEndHook
                0x00102e94       0x44 C:/devkitPro/libctru/lib\libcitro2d.a(base.o)
 .text.C2D_Init
                0x00102ed8      0x36c C:/devkitPro/libctru/lib\libcitro2d.a(base.o)
                0x00102ed8                C2D_Init
 .text.C2D_Fini
                0x00103244       0x4c C:/devkitPro/libctru/lib\libcitro2d.a(base.o)
                0x00103244                C2D_Fini
 .text.C2D_Prepare
                0x00103290       0xb8 C:/devkitPro/libctru/lib\libcitro2d.a(base.o)
                0x00103290                C2D_Prepare
 .text.C2D_Flush
                0x00103348       0x48 C:/devkitPro/libctru/lib\libcitro2d.a(base.o)
                0x00103348                C2D_Flush
 .text.C2D_SceneSize
                0x00103390      0x104 C:/devkitPro/libctru/lib\libcitro2d.a(base.o)
                0x00103390                C2D_SceneSize
 .text.C2D_CreateScreenTarget
                0x00103494       0x58 C:/devkitPro/libctru/lib\libcitro2d.a(base.o)
                0x00103494                C2D_CreateScreenTarget
 .text.C2D_TargetClear
                0x001034ec       0x64 C:/devkitPro/libctru/lib\libcitro2d.a(base.o)
                0x001034ec                C2D_TargetClear
 .text.C2Di_AppendQuad
                0x00103550       0x58 C:/devkitPro/libctru/lib\libcitro2d.a(base.o)
                0x00103550                C2Di_AppendQuad
 .text.C2Di_AppendVtx
                0x001035a8       0x40 C:/devkitPro/libctru/lib\libcitro2d.a(base.o)
                0x001035a8                C2Di_AppendVtx
 .text.C2Di_Update
                0x001035e8      0x550 C:/devkitPro/libctru/lib\libcitro2d.a(base.o)
                0x001035e8                C2Di_Update
 .text.C2D_DrawRectangle
                0x00103b38      0x158 C:/devkitPro/libctru/lib\libcitro2d.a(base.o)
                0x00103b38                C2D_DrawRectangle
 .text.C2Di_GlyphComp
                0x00103c90       0x18 C:/devkitPro/libctru/lib\libcitro2d.a(text.o)
 .text.C2Di_CalcLineWidths
                0x00103ca8      0x140 C:/devkitPro/libctru/lib\libcitro2d.a(text.o)
 .text.C2D_TextBufNew
                0x00103de8      0x1dc C:/devkitPro/libctru/lib\libcitro2d.a(text.o)
                0x00103de8                C2D_TextBufNew
 .text.C2D_TextBufClear
                0x00103fc4        0xc C:/devkitPro/libctru/lib\libcitro2d.a(text.o)
                0x00103fc4                C2D_TextBufClear
 .text.C2D_TextFontParseLine
                0x00103fd0      0x1c8 C:/devkitPro/libctru/lib\libcitro2d.a(text.o)
                0x00103fd0                C2D_TextFontParseLine
 .text.C2D_TextFontParse
                0x00104198       0xa8 C:/devkitPro/libctru/lib\libcitro2d.a(text.o)
                0x00104198                C2D_TextFontParse
 .text.C2D_TextParse
                0x00104240       0x14 C:/devkitPro/libctru/lib\libcitro2d.a(text.o)
                0x00104240                C2D_TextParse
 .text.C2D_TextOptimize
                0x00104254       0x30 C:/devkitPro/libctru/lib\libcitro2d.a(text.o)
                0x00104254                C2D_TextOptimize
 .text.C2D_DrawText
                0x00104284      0xf6c C:/devkitPro/libctru/lib\libcitro2d.a(text.o)
                0x00104284                C2D_DrawText
 .text.C2D_FontGlyphIndexFromCodePoint
                0x001051f0       0x44 C:/devkitPro/libctru/lib\libcitro2d.a(font.o)
                0x001051f0                C2D_FontGlyphIndexFromCodePoint
 .text.C2D_FontCalcGlyphPos
                0x00105234       0x78 C:/devkitPro/libctru/lib\libcitro2d.a(font.o)
                0x00105234                C2D_FontCalcGlyphPos
 .text.AttrInfo_Init
                0x001052ac       0x28 C:/devkitPro/libctru/lib\libcitro3d.a(attribs.o)
                0x001052ac                AttrInfo_Init
 .text.AttrInfo_AddLoader
                0x001052d4       0x94 C:/devkitPro/libctru/lib\libcitro3d.a(attribs.o)
                0x001052d4                AttrInfo_AddLoader
 .text.C3D_SetAttrInfo
                0x00105368       0x54 C:/devkitPro/libctru/lib\libcitro3d.a(attribs.o)
                0x00105368                C3D_SetAttrInfo
 .text.C3Di_AttrInfoBind
                0x001053bc       0x80 C:/devkitPro/libctru/lib\libcitro3d.a(attribs.o)
                0x001053bc                C3Di_AttrInfoBind
 .text.C3Di_LightEnvUpdate
                0x0010543c        0x4 C:/devkitPro/libctru/lib\libcitro3d.a(base.o)
                0x0010543c                C3Di_LightEnvUpdate
 .text.C3Di_LightEnvDirty
                0x00105440        0x4 C:/devkitPro/libctru/lib\libcitro3d.a(base.o)
                0x00105440                C3Di_LightEnvDirty
 .text.C3Di_AptEventHook
                0x00105444       0xb4 C:/devkitPro/libctru/lib\libcitro3d.a(base.o)
 .text.C3Di_GasUpdate
                0x001054f8        0x4 C:/devkitPro/libctru/lib\libcitro3d.a(base.o)
                0x001054f8                C3Di_GasUpdate
 .text.C3D_Init
                0x001054fc      0x1d0 C:/devkitPro/libctru/lib\libcitro3d.a(base.o)
                0x001054fc                C3D_Init
 .text.C3D_SetViewport
                0x001056cc       0x98 C:/devkitPro/libctru/lib\libcitro3d.a(base.o)
                0x001056cc                C3D_SetViewport
 .text.C3Di_UpdateContext
                0x00105764      0x4e8 C:/devkitPro/libctru/lib\libcitro3d.a(base.o)
                0x00105764                C3Di_UpdateContext
 .text.C3Di_SplitFrame
                0x00105c4c       0xe0 C:/devkitPro/libctru/lib\libcitro3d.a(base.o)
                0x00105c4c                C3Di_SplitFrame
 .text.C3D_Fini
                0x00105d2c       0x44 C:/devkitPro/libctru/lib\libcitro3d.a(base.o)
                0x00105d2c                C3D_Fini
 .text.C3D_BindProgram
                0x00105d70      0x194 C:/devkitPro/libctru/lib\libcitro3d.a(base.o)
                0x00105d70                C3D_BindProgram
 .text.BufInfo_Init
                0x00105f04       0x24 C:/devkitPro/libctru/lib\libcitro3d.a(buffers.o)
                0x00105f04                BufInfo_Init
 .text.BufInfo_Add
                0x00105f28       0x80 C:/devkitPro/libctru/lib\libcitro3d.a(buffers.o)
                0x00105f28                BufInfo_Add
 .text.C3D_SetBufInfo
                0x00105fa8       0x3c C:/devkitPro/libctru/lib\libcitro3d.a(buffers.o)
                0x00105fa8                C3D_SetBufInfo
 .text.C3Di_BufInfoBind
                0x00105fe4       0x48 C:/devkitPro/libctru/lib\libcitro3d.a(buffers.o)
                0x00105fe4                C3Di_BufInfoBind
 .text.C3D_DrawElements
                0x0010602c      0x21c C:/devkitPro/libctru/lib\libcitro3d.a(drawElements.o)
                0x0010602c                C3D_DrawElements
 .text.C3D_DepthMap
                0x00106248       0x40 C:/devkitPro/libctru/lib\libcitro3d.a(effect.o)
                0x00106248                C3D_DepthMap
 .text.C3D_CullFace
                0x00106288       0x1c C:/devkitPro/libctru/lib\libcitro3d.a(effect.o)
                0x00106288                C3D_CullFace
 .text.C3D_StencilTest
                0x001062a4       0x40 C:/devkitPro/libctru/lib\libcitro3d.a(effect.o)
                0x001062a4                C3D_StencilTest
 .text.C3D_StencilOp
                0x001062e4       0x24 C:/devkitPro/libctru/lib\libcitro3d.a(effect.o)
                0x001062e4                C3D_StencilOp
 .text.C3D_BlendingColor
                0x00106308       0x1c C:/devkitPro/libctru/lib\libcitro3d.a(effect.o)
                0x00106308                C3D_BlendingColor
 .text.C3D_EarlyDepthTest
                0x00106324       0x24 C:/devkitPro/libctru/lib\libcitro3d.a(effect.o)
                0x00106324                C3D_EarlyDepthTest
 .text.C3D_DepthTest
                0x00106348       0x2c C:/devkitPro/libctru/lib\libcitro3d.a(effect.o)
                0x00106348                C3D_DepthTest
 .text.C3D_AlphaTest
                0x00106374       0x2c C:/devkitPro/libctru/lib\libcitro3d.a(effect.o)
                0x00106374                C3D_AlphaTest
 .text.C3D_AlphaBlend
                0x001063a0       0x50 C:/devkitPro/libctru/lib\libcitro3d.a(effect.o)
                0x001063a0                C3D_AlphaBlend
 .text.C3D_FragOpMode
                0x001063f0       0x30 C:/devkitPro/libctru/lib\libcitro3d.a(effect.o)
                0x001063f0                C3D_FragOpMode
 .text.C3D_FragOpShadow
                0x00106420       0x44 C:/devkitPro/libctru/lib\libcitro3d.a(effect.o)
                0x00106420                C3D_FragOpShadow
 .text.C3Di_EffectBind
                0x00106464      0x1ac C:/devkitPro/libctru/lib\libcitro3d.a(effect.o)
                0x00106464                C3Di_EffectBind
 .text.C3D_CalcColorBufSize
                0x00106610       0x1c C:/devkitPro/libctru/lib\libcitro3d.a(framebuffer.o)
                0x00106610                C3D_CalcColorBufSize
 .text.C3D_CalcDepthBufSize
                0x0010662c       0x1c C:/devkitPro/libctru/lib\libcitro3d.a(framebuffer.o)
                0x0010662c                C3D_CalcDepthBufSize
 .text.C3D_SetFrameBuf
                0x00106648       0x44 C:/devkitPro/libctru/lib\libcitro3d.a(framebuffer.o)
                0x00106648                C3D_SetFrameBuf
 .text.C3Di_FrameBufBind
                0x0010668c      0x16c C:/devkitPro/libctru/lib\libcitro3d.a(framebuffer.o)
                0x0010668c                C3Di_FrameBufBind
 .text.C3D_FrameBufClear
                0x001067f8       0xc8 C:/devkitPro/libctru/lib\libcitro3d.a(framebuffer.o)
                0x001067f8                C3D_FrameBufClear
 .text.C3D_FrameBufTransfer
                0x001068c0       0x44 C:/devkitPro/libctru/lib\libcitro3d.a(framebuffer.o)
                0x001068c0                C3D_FrameBufTransfer
 .text.C3D_ImmSendAttrib
                0x00106904       0xa8 C:/devkitPro/libctru/lib\libcitro3d.a(immediate.o)
                0x00106904                C3D_ImmSendAttrib
 .text.C3D_ProcTexInit
                0x001069ac       0x70 C:/devkitPro/libctru/lib\libcitro3d.a(proctex.o)
                0x001069ac                C3D_ProcTexInit
 .text.C3D_ProcTexBind
                0x00106a1c       0x54 C:/devkitPro/libctru/lib\libcitro3d.a(proctex.o)
                0x00106a1c                C3D_ProcTexBind
 .text.C3D_ProcTexLutBind
                0x00106a70       0x5c C:/devkitPro/libctru/lib\libcitro3d.a(proctex.o)
                0x00106a70                C3D_ProcTexLutBind
 .text.ProcTexLut_FromArray
                0x00106acc       0xa4 C:/devkitPro/libctru/lib\libcitro3d.a(proctex.o)
                0x00106acc                ProcTexLut_FromArray
 .text.C3Di_ProcTexUpdate
                0x00106b70      0x178 C:/devkitPro/libctru/lib\libcitro3d.a(proctex.o)
                0x00106b70                C3Di_ProcTexUpdate
 .text.C3Di_ProcTexDirty
                0x00106ce8       0x68 C:/devkitPro/libctru/lib\libcitro3d.a(proctex.o)
                0x00106ce8                C3Di_ProcTexDirty
 .text.onVBlank0
                0x00106d50       0x4c C:/devkitPro/libctru/lib\libcitro3d.a(renderqueue.o)
 .text.onVBlank1
                0x00106d9c       0x4c C:/devkitPro/libctru/lib\libcitro3d.a(renderqueue.o)
 .text.C3Di_RenderTargetDestroy
                0x00106de8       0x80 C:/devkitPro/libctru/lib\libcitro3d.a(renderqueue.o)
 .text.onQueueFinish
                0x00106e68       0xf4 C:/devkitPro/libctru/lib\libcitro3d.a(renderqueue.o)
 .text.C3Di_RenderQueueEnableVBlank
                0x00106f5c       0x38 C:/devkitPro/libctru/lib\libcitro3d.a(renderqueue.o)
                0x00106f5c                C3Di_RenderQueueEnableVBlank
 .text.C3Di_RenderQueueDisableVBlank
                0x00106f94       0x30 C:/devkitPro/libctru/lib\libcitro3d.a(renderqueue.o)
                0x00106f94                C3Di_RenderQueueDisableVBlank
 .text.C3Di_RenderQueueInit
                0x00106fc4       0x60 C:/devkitPro/libctru/lib\libcitro3d.a(renderqueue.o)
                0x00106fc4                C3Di_RenderQueueInit
 .text.C3Di_RenderQueueExit
                0x00107024       0xb4 C:/devkitPro/libctru/lib\libcitro3d.a(renderqueue.o)
                0x00107024                C3Di_RenderQueueExit
 .text.C3Di_RenderQueueWaitDone
                0x001070d8       0x34 C:/devkitPro/libctru/lib\libcitro3d.a(renderqueue.o)
                0x001070d8                C3Di_RenderQueueWaitDone
 .text.C3D_FrameBegin
                0x0010710c       0xe8 C:/devkitPro/libctru/lib\libcitro3d.a(renderqueue.o)
                0x0010710c                C3D_FrameBegin
 .text.C3D_FrameDrawOn
                0x001071f4       0x48 C:/devkitPro/libctru/lib\libcitro3d.a(renderqueue.o)
                0x001071f4                C3D_FrameDrawOn
 .text.C3D_FrameSplit
                0x0010723c       0x58 C:/devkitPro/libctru/lib\libcitro3d.a(renderqueue.o)
                0x0010723c                C3D_FrameSplit
 .text.C3D_FrameEnd
                0x00107294      0x1d0 C:/devkitPro/libctru/lib\libcitro3d.a(renderqueue.o)
                0x00107294                C3D_FrameEnd
 .text.C3D_FrameEndHook
                0x00107464       0x1c C:/devkitPro/libctru/lib\libcitro3d.a(renderqueue.o)
                0x00107464                C3D_FrameEndHook
 .text.C3D_RenderTargetCreate
                0x00107480      0x170 C:/devkitPro/libctru/lib\libcitro3d.a(renderqueue.o)
                0x00107480                C3D_RenderTargetCreate
 .text.C3D_RenderTargetSetOutput
                0x001075f0       0xa8 C:/devkitPro/libctru/lib\libcitro3d.a(renderqueue.o)
                0x001075f0                C3D_RenderTargetSetOutput
 .text.C3D_GetTexEnv
                0x00107698       0x34 C:/devkitPro/libctru/lib\libcitro3d.a(texenv.o)
                0x00107698                C3D_GetTexEnv
 .text.C3Di_TexEnvBind
                0x001076cc       0x24 C:/devkitPro/libctru/lib\libcitro3d.a(texenv.o)
                0x001076cc                C3Di_TexEnvBind
 .text.C3D_TexBind
                0x001076f0       0x44 C:/devkitPro/libctru/lib\libcitro3d.a(texture.o)
                0x001076f0                C3D_TexBind
 .text.C3Di_SetTex
                0x00107734      0x14c C:/devkitPro/libctru/lib\libcitro3d.a(texture.o)
                0x00107734                C3Di_SetTex
 .text.C3D_UpdateUniforms
                0x00107880      0x290 C:/devkitPro/libctru/lib\libcitro3d.a(uniforms.o)
                0x00107880                C3D_UpdateUniforms
 .text.C3Di_DirtyUniforms
                0x00107b10       0xc0 C:/devkitPro/libctru/lib\libcitro3d.a(uniforms.o)
                0x00107b10                C3Di_DirtyUniforms
 .text.C3Di_LoadShaderUniforms
                0x00107bd0       0xd8 C:/devkitPro/libctru/lib\libcitro3d.a(uniforms.o)
                0x00107bd0                C3Di_LoadShaderUniforms
 .text.C3Di_ClearShaderUniforms
                0x00107ca8       0x28 C:/devkitPro/libctru/lib\libcitro3d.a(uniforms.o)
                0x00107ca8                C3Di_ClearShaderUniforms
 .text.Mtx_Ortho
                0x00107cd0       0xcc C:/devkitPro/libctru/lib\libcitro3d.a(mtx_ortho.o)
                0x00107cd0                Mtx_Ortho
 .text.Mtx_OrthoTilt
                0x00107d9c       0xcc C:/devkitPro/libctru/lib\libcitro3d.a(mtx_orthotilt.o)
                0x00107d9c                Mtx_OrthoTilt
 .text._ZL21addrMapNodeComparatorPK11rbtree_nodeS1_
                0x00107e68       0x24 C:/devkitPro/libctru/lib\libctru.a(linear.o)
 .text._ZL21addrMapNodeDestructorP11rbtree_node
                0x00107e8c        0x4 C:/devkitPro/libctru/lib\libctru.a(linear.o)
 .text.linearMemAlign
                0x00107e90      0x12c C:/devkitPro/libctru/lib\libctru.a(linear.o)
                0x00107e90                linearMemAlign
 .text.linearAlloc
                0x00107fbc        0x8 C:/devkitPro/libctru/lib\libctru.a(linear.o)
                0x00107fbc                linearAlloc
 .text.linearFree
                0x00107fc4       0x5c C:/devkitPro/libctru/lib\libctru.a(linear.o)
                0x00107fc4                linearFree
 .text._ZN7MemPool13CoalesceRightEP8MemBlock
                0x00108020       0x88 C:/devkitPro/libctru/lib\libctru.a(mem_pool.o)
                0x00108020                MemPool::CoalesceRight(MemBlock*)
 .text._ZN7MemPool8AllocateER8MemChunkmi
                0x001080a8      0x178 C:/devkitPro/libctru/lib\libctru.a(mem_pool.o)
                0x001080a8                MemPool::Allocate(MemChunk&, unsigned long, int)
 .text._ZN7MemPool10DeallocateERK8MemChunk
                0x00108220      0x118 C:/devkitPro/libctru/lib\libctru.a(mem_pool.o)
                0x00108220                MemPool::Deallocate(MemChunk const&)
 .text._ZN7MemPool12GetFreeSpaceEv
                0x00108338       0x30 C:/devkitPro/libctru/lib\libctru.a(mem_pool.o)
                0x00108338                MemPool::GetFreeSpace()
 .text._ZL21addrMapNodeComparatorPK11rbtree_nodeS1_
                0x00108368       0x24 C:/devkitPro/libctru/lib\libctru.a(vram.o)
 .text._ZL21addrMapNodeDestructorP11rbtree_node
                0x0010838c        0x4 C:/devkitPro/libctru/lib\libctru.a(vram.o)
 .text.vramMemAlignAt
                0x00108390      0x248 C:/devkitPro/libctru/lib\libctru.a(vram.o)
                0x00108390                vramMemAlignAt
 .text.vramAlloc
                0x001085d8        0xc C:/devkitPro/libctru/lib\libctru.a(vram.o)
                0x001085d8                vramAlloc
 .text.vramAllocAt
                0x001085e4        0xc C:/devkitPro/libctru/lib\libctru.a(vram.o)
                0x001085e4                vramAllocAt
 .text.vramFree
                0x001085f0       0x94 C:/devkitPro/libctru/lib\libctru.a(vram.o)
                0x001085f0                vramFree
 .text.fontEnsureMapped
                0x00108684       0x9c C:/devkitPro/libctru/lib\libctru.a(font.o)
                0x00108684                fontEnsureMapped
 .text.fontGlyphIndexFromCodePoint
                0x00108720      0x100 C:/devkitPro/libctru/lib\libctru.a(font.o)
                0x00108720                fontGlyphIndexFromCodePoint
 .text.fontCalcGlyphPos
                0x00108820      0x214 C:/devkitPro/libctru/lib\libctru.a(font.o)
                0x00108820                fontCalcGlyphPos
 .text.gfxPresentFramebuffer
                0x00108a34       0xcc C:/devkitPro/libctru/lib\libctru.a(gfx.o)
 .text.gfxIsWide
                0x00108b00       0x1c C:/devkitPro/libctru/lib\libctru.a(gfx.o)
                0x00108b00                gfxIsWide
 .text.gfxSetScreenFormat
                0x00108b1c       0xf8 C:/devkitPro/libctru/lib\libctru.a(gfx.o)
                0x00108b1c                gfxSetScreenFormat
 .text.gfxInit  0x00108c14       0xd8 C:/devkitPro/libctru/lib\libctru.a(gfx.o)
                0x00108c14                gfxInit
 .text.gfxInitDefault
                0x00108cec       0x10 C:/devkitPro/libctru/lib\libctru.a(gfx.o)
                0x00108cec                gfxInitDefault
 .text.gfxExit  0x00108cfc       0xb8 C:/devkitPro/libctru/lib\libctru.a(gfx.o)
                0x00108cfc                gfxExit
 .text.gfxGetFramebuffer
                0x00108db4       0xa0 C:/devkitPro/libctru/lib\libctru.a(gfx.o)
                0x00108db4                gfxGetFramebuffer
 .text.gfxScreenSwapBuffers
                0x00108e54       0x28 C:/devkitPro/libctru/lib\libctru.a(gfx.o)
                0x00108e54                gfxScreenSwapBuffers
 .text.osConvertVirtToPhys
                0x00108e7c       0x74 C:/devkitPro/libctru/lib\libctru.a(os.o)
                0x00108e7c                osConvertVirtToPhys
 .text.osGetTimeRef
                0x00108ef0       0x54 C:/devkitPro/libctru/lib\libctru.a(os.o)
                0x00108ef0                osGetTimeRef
 .text.osGetTime
                0x00108f44       0xec C:/devkitPro/libctru/lib\libctru.a(os.o)
                0x00108f44                osGetTime
 .text.__ctru_speedup_config
                0x00109030       0x34 C:/devkitPro/libctru/lib\libctru.a(os.o)
                0x00109030                __ctru_speedup_config
 .text.romfs_close
                0x00109064        0x8 C:/devkitPro/libctru/lib\libctru.a(romfs_dev.o)
 .text.romfs_seek
                0x0010906c       0xac C:/devkitPro/libctru/lib\libctru.a(romfs_dev.o)
 .text.romfs_dirreset
                0x00109118       0x24 C:/devkitPro/libctru/lib\libctru.a(romfs_dev.o)
 .text.fill_dir
                0x0010913c       0xc0 C:/devkitPro/libctru/lib\libctru.a(romfs_dev.o)
 .text.romfs_dirnext
                0x001091fc      0x2ac C:/devkitPro/libctru/lib\libctru.a(romfs_dev.o)
 .text.romfs_free
                0x001094a8       0x74 C:/devkitPro/libctru/lib\libctru.a(romfs_dev.o)
 .text.searchForFile.constprop.0
                0x0010951c       0xd0 C:/devkitPro/libctru/lib\libctru.a(romfs_dev.o)
 .text.searchForDir.constprop.0
                0x001095ec       0xd4 C:/devkitPro/libctru/lib\libctru.a(romfs_dev.o)
 .text.navigateToDir.constprop.0
                0x001096c0      0x1c0 C:/devkitPro/libctru/lib\libctru.a(romfs_dev.o)
 .text.romfs_open
                0x00109880      0x114 C:/devkitPro/libctru/lib\libctru.a(romfs_dev.o)
 .text.romfs_chdir
                0x00109994       0x4c C:/devkitPro/libctru/lib\libctru.a(romfs_dev.o)
 .text.romfs_diropen
                0x001099e0       0x68 C:/devkitPro/libctru/lib\libctru.a(romfs_dev.o)
 .text.romfs_stat
                0x00109a48      0x178 C:/devkitPro/libctru/lib\libctru.a(romfs_dev.o)
 .text.romfs_dirclose
                0x00109bc0        0x8 C:/devkitPro/libctru/lib\libctru.a(romfs_dev.o)
 .text.romfs_fstat
                0x00109bc8       0x7c C:/devkitPro/libctru/lib\libctru.a(romfs_dev.o)
 .text.romfs_read
                0x00109c44       0xd0 C:/devkitPro/libctru/lib\libctru.a(romfs_dev.o)
 .text.romfsMountFromFile
                0x00109d14      0x28c C:/devkitPro/libctru/lib\libctru.a(romfs_dev.o)
                0x00109d14                romfsMountFromFile
 .text.romfsMountFromCurrentProcess
                0x00109fa0       0x98 C:/devkitPro/libctru/lib\libctru.a(romfs_dev.o)
                0x00109fa0                romfsMountFromCurrentProcess
 .text.romfsMountSelf
                0x0010a038      0x258 C:/devkitPro/libctru/lib\libctru.a(romfs_dev.o)
                0x0010a038                romfsMountSelf
 .text.GPUCMD_Add
                0x0010a290      0x13c C:/devkitPro/libctru/lib\libctru.a(gpu.o)
                0x0010a290                GPUCMD_Add
 .text.GPUCMD_Split
                0x0010a3cc       0xb0 C:/devkitPro/libctru/lib\libctru.a(gpu.o)
                0x0010a3cc                GPUCMD_Split
 .text.f32tof16
                0x0010a47c       0x34 C:/devkitPro/libctru/lib\libctru.a(gpu.o)
                0x0010a47c                f32tof16
 .text.f32tof24
                0x0010a4b0       0x34 C:/devkitPro/libctru/lib\libctru.a(gpu.o)
                0x0010a4b0                f32tof24
 .text.f32tof31
                0x0010a4e4       0x38 C:/devkitPro/libctru/lib\libctru.a(gpu.o)
                0x0010a4e4                f32tof31
 .text.GX_BindQueue
                0x0010a51c       0x10 C:/devkitPro/libctru/lib\libctru.a(gx.o)
                0x0010a51c                GX_BindQueue
 .text.GX_ProcessCommandList
                0x0010a52c       0x7c C:/devkitPro/libctru/lib\libctru.a(gx.o)
                0x0010a52c                GX_ProcessCommandList
 .text.GX_MemoryFill
                0x0010a5a8       0x74 C:/devkitPro/libctru/lib\libctru.a(gx.o)
                0x0010a5a8                GX_MemoryFill
 .text.GX_DisplayTransfer
                0x0010a61c       0x74 C:/devkitPro/libctru/lib\libctru.a(gx.o)
                0x0010a61c                GX_DisplayTransfer
 .text.gxCmdQueueDoCommands.part.0
                0x0010a690       0x64 C:/devkitPro/libctru/lib\libctru.a(gxqueue.o)
 .text.gxCmdQueueInterrupt
                0x0010a6f4       0xe4 C:/devkitPro/libctru/lib\libctru.a(gxqueue.o)
                0x0010a6f4                gxCmdQueueInterrupt
 .text.gxCmdQueueClear
                0x0010a7d8       0x68 C:/devkitPro/libctru/lib\libctru.a(gxqueue.o)
                0x0010a7d8                gxCmdQueueClear
 .text.gxCmdQueueAdd
                0x0010a840      0x108 C:/devkitPro/libctru/lib\libctru.a(gxqueue.o)
                0x0010a840                gxCmdQueueAdd
 .text.gxCmdQueueRun
                0x0010a948       0x80 C:/devkitPro/libctru/lib\libctru.a(gxqueue.o)
                0x0010a948                gxCmdQueueRun
 .text.gxCmdQueueStop
                0x0010a9c8       0x64 C:/devkitPro/libctru/lib\libctru.a(gxqueue.o)
                0x0010a9c8                gxCmdQueueStop
 .text.gxCmdQueueWait
                0x0010aa2c       0x8c C:/devkitPro/libctru/lib\libctru.a(gxqueue.o)
                0x0010aa2c                gxCmdQueueWait
 .text.shaderInstanceInit
                0x0010aab8      0x1e0 C:/devkitPro/libctru/lib\libctru.a(shaderProgram.o)
                0x0010aab8                shaderInstanceInit
 .text.shaderInstanceGetUniformLocation
                0x0010ac98       0x18 C:/devkitPro/libctru/lib\libctru.a(shaderProgram.o)
                0x0010ac98                shaderInstanceGetUniformLocation
 .text.shaderProgramInit
                0x0010acb0       0x1c C:/devkitPro/libctru/lib\libctru.a(shaderProgram.o)
                0x0010acb0                shaderProgramInit
 .text.shaderProgramFree
                0x0010accc       0x74 C:/devkitPro/libctru/lib\libctru.a(shaderProgram.o)
                0x0010accc                shaderProgramFree
 .text.shaderProgramSetVsh
                0x0010ad40       0x94 C:/devkitPro/libctru/lib\libctru.a(shaderProgram.o)
                0x0010ad40                shaderProgramSetVsh
 .text.shaderProgramConfigure
                0x0010add4      0x8d0 C:/devkitPro/libctru/lib\libctru.a(shaderProgram.o)
                0x0010add4                shaderProgramConfigure
 .text.DVLE_GenerateOutmap.part.0
                0x0010b6a4      0x1dc C:/devkitPro/libctru/lib\libctru.a(shbin.o)
 .text.DVLB_ParseFile
                0x0010b880      0x1ac C:/devkitPro/libctru/lib\libctru.a(shbin.o)
                0x0010b880                DVLB_ParseFile
 .text.DVLB_Free
                0x0010ba2c       0x50 C:/devkitPro/libctru/lib\libctru.a(shbin.o)
                0x0010ba2c                DVLB_Free
 .text.DVLE_GetUniformRegister
                0x0010ba7c       0x74 C:/devkitPro/libctru/lib\libctru.a(shbin.o)
                0x0010ba7c                DVLE_GetUniformRegister
 .text.aptConvertScreenForCapture
                0x0010baf0      0x180 C:/devkitPro/libctru/lib\libctru.a(apt.o)
 .text.aptDspSleep
                0x0010bc70        0x8 C:/devkitPro/libctru/lib\libctru.a(apt.o)
                0x0010bc70                aptDspSleep
 .text.aptDspWakeup
                0x0010bc78        0x4 C:/devkitPro/libctru/lib\libctru.a(apt.o)
                0x0010bc78                aptDspWakeup
 .text.aptDspCancel
                0x0010bc7c        0x4 C:/devkitPro/libctru/lib\libctru.a(apt.o)
                0x0010bc7c                aptDspCancel
 .text.aptSendCommand
                0x0010bc80      0x138 C:/devkitPro/libctru/lib\libctru.a(apt.o)
                0x0010bc80                aptSendCommand
 .text.aptExitProcess
                0x0010bdb8       0x44 C:/devkitPro/libctru/lib\libctru.a(apt.o)
 .text.aptExit  0x0010bdfc      0x394 C:/devkitPro/libctru/lib\libctru.a(apt.o)
                0x0010bdfc                aptExit
 .text.aptHandleSleep
                0x0010c190       0xd8 C:/devkitPro/libctru/lib\libctru.a(apt.o)
                0x0010c190                aptHandleSleep
 .text.aptHook  0x0010c268       0x34 C:/devkitPro/libctru/lib\libctru.a(apt.o)
                0x0010c268                aptHook
 .text.aptUnhook
                0x0010c29c       0x30 C:/devkitPro/libctru/lib\libctru.a(apt.o)
                0x0010c29c                aptUnhook
 .text.aptSetMessageCallback
                0x0010c2cc       0x1c C:/devkitPro/libctru/lib\libctru.a(apt.o)
                0x0010c2cc                aptSetMessageCallback
 .text.APT_SleepIfShellClosed
                0x0010c2e8       0x84 C:/devkitPro/libctru/lib\libctru.a(apt.o)
                0x0010c2e8                APT_SleepIfShellClosed
 .text.aptSetSleepAllowed
                0x0010c36c       0x78 C:/devkitPro/libctru/lib\libctru.a(apt.o)
                0x0010c36c                aptSetSleepAllowed
 .text.APT_UnlockTransition
                0x0010c3e4       0x84 C:/devkitPro/libctru/lib\libctru.a(apt.o)
                0x0010c3e4                APT_UnlockTransition
 .text.aptEventHandler
                0x0010c468      0x470 C:/devkitPro/libctru/lib\libctru.a(apt.o)
 .text.APT_ReceiveParameter
                0x0010c8d8       0xbc C:/devkitPro/libctru/lib\libctru.a(apt.o)
                0x0010c8d8                APT_ReceiveParameter
 .text.aptReceiveParameter.constprop.0
                0x0010c994       0xb0 C:/devkitPro/libctru/lib\libctru.a(apt.o)
 *fill*         0x0010ca44        0x4 
 .text.aptScreenTransfer
                0x0010ca48      0x294 C:/devkitPro/libctru/lib\libctru.a(apt.o)
 .text.aptWaitForWakeUp.isra.0
                0x0010ccdc      0x2d0 C:/devkitPro/libctru/lib\libctru.a(apt.o)
 .text.aptLaunchLibraryApplet
                0x0010cfac      0x114 C:/devkitPro/libctru/lib\libctru.a(apt.o)
                0x0010cfac                aptLaunchLibraryApplet
 .text.aptJumpToHomeMenu
                0x0010d0c0       0xf4 C:/devkitPro/libctru/lib\libctru.a(apt.o)
                0x0010d0c0                aptJumpToHomeMenu
 .text.aptMainLoop
                0x0010d1b4       0x58 C:/devkitPro/libctru/lib\libctru.a(apt.o)
                0x0010d1b4                aptMainLoop
 .text.aptInit  0x0010d20c      0x240 C:/devkitPro/libctru/lib\libctru.a(apt.o)
                0x0010d20c                aptInit
 .text.APT_SendParameter
                0x0010d44c       0x5c C:/devkitPro/libctru/lib\libctru.a(apt.o)
                0x0010d44c                APT_SendParameter
 .text.APT_CheckNew3DS
                0x0010d4a8       0x90 C:/devkitPro/libctru/lib\libctru.a(apt.o)
                0x0010d4a8                APT_CheckNew3DS
 .text.APT_GetSharedFont
                0x0010d538       0x48 C:/devkitPro/libctru/lib\libctru.a(apt.o)
                0x0010d538                APT_GetSharedFont
 .text.fsInit   0x0010d580      0x104 C:/devkitPro/libctru/lib\libctru.a(fs.o)
                0x0010d580                fsInit
 .text.fsExit   0x0010d684       0x3c C:/devkitPro/libctru/lib\libctru.a(fs.o)
                0x0010d684                fsExit
 .text.fsExemptFromSession
                0x0010d6c0       0x68 C:/devkitPro/libctru/lib\libctru.a(fs.o)
                0x0010d6c0                fsExemptFromSession
 .text.fsUnexemptFromSession
                0x0010d728       0x50 C:/devkitPro/libctru/lib\libctru.a(fs.o)
                0x0010d728                fsUnexemptFromSession
 .text.FSUSER_OpenFile
                0x0010d778       0xcc C:/devkitPro/libctru/lib\libctru.a(fs.o)
                0x0010d778                FSUSER_OpenFile
 .text.FSUSER_OpenFileDirectly
                0x0010d844       0xcc C:/devkitPro/libctru/lib\libctru.a(fs.o)
                0x0010d844                FSUSER_OpenFileDirectly
 .text.FSUSER_DeleteFile
                0x0010d910       0xb8 C:/devkitPro/libctru/lib\libctru.a(fs.o)
                0x0010d910                FSUSER_DeleteFile
 .text.FSUSER_RenameFile
                0x0010d9c8       0xf4 C:/devkitPro/libctru/lib\libctru.a(fs.o)
                0x0010d9c8                FSUSER_RenameFile
 .text.FSUSER_DeleteDirectory
                0x0010dabc       0xb8 C:/devkitPro/libctru/lib\libctru.a(fs.o)
                0x0010dabc                FSUSER_DeleteDirectory
 .text.FSUSER_CreateFile
                0x0010db74       0xd0 C:/devkitPro/libctru/lib\libctru.a(fs.o)
                0x0010db74                FSUSER_CreateFile
 .text.FSUSER_CreateDirectory
                0x0010dc44       0xc0 C:/devkitPro/libctru/lib\libctru.a(fs.o)
                0x0010dc44                FSUSER_CreateDirectory
 .text.FSUSER_RenameDirectory
                0x0010dd04       0xf4 C:/devkitPro/libctru/lib\libctru.a(fs.o)
                0x0010dd04                FSUSER_RenameDirectory
 .text.FSUSER_OpenDirectory
                0x0010ddf8       0xb4 C:/devkitPro/libctru/lib\libctru.a(fs.o)
                0x0010ddf8                FSUSER_OpenDirectory
 .text.FSUSER_OpenArchive
                0x0010deac       0x90 C:/devkitPro/libctru/lib\libctru.a(fs.o)
                0x0010deac                FSUSER_OpenArchive
 .text.FSUSER_CloseArchive
                0x0010df3c       0x8c C:/devkitPro/libctru/lib\libctru.a(fs.o)
                0x0010df3c                FSUSER_CloseArchive
 .text.FSUSER_GetSdmcArchiveResource
                0x0010dfc8       0x74 C:/devkitPro/libctru/lib\libctru.a(fs.o)
                0x0010dfc8                FSUSER_GetSdmcArchiveResource
 .text.FSUSER_IsSdmcWritable
                0x0010e03c       0x64 C:/devkitPro/libctru/lib\libctru.a(fs.o)
                0x0010e03c                FSUSER_IsSdmcWritable
 .text.FSFILE_Read
                0x0010e0a0       0x64 C:/devkitPro/libctru/lib\libctru.a(fs.o)
                0x0010e0a0                FSFILE_Read
 .text.FSFILE_Write
                0x0010e104       0x6c C:/devkitPro/libctru/lib\libctru.a(fs.o)
                0x0010e104                FSFILE_Write
 .text.FSFILE_GetSize
                0x0010e170       0x44 C:/devkitPro/libctru/lib\libctru.a(fs.o)
                0x0010e170                FSFILE_GetSize
 .text.FSFILE_SetSize
                0x0010e1b4       0x28 C:/devkitPro/libctru/lib\libctru.a(fs.o)
                0x0010e1b4                FSFILE_SetSize
 .text.FSFILE_Close
                0x0010e1dc       0x3c C:/devkitPro/libctru/lib\libctru.a(fs.o)
                0x0010e1dc                FSFILE_Close
 .text.FSFILE_Flush
                0x0010e218       0x24 C:/devkitPro/libctru/lib\libctru.a(fs.o)
                0x0010e218                FSFILE_Flush
 .text.FSDIR_Read
                0x0010e23c       0x60 C:/devkitPro/libctru/lib\libctru.a(fs.o)
                0x0010e23c                FSDIR_Read
 .text.FSDIR_Close
                0x0010e29c       0x3c C:/devkitPro/libctru/lib\libctru.a(fs.o)
                0x0010e29c                FSDIR_Close
 .text.gspHardwareInit
                0x0010e2d8      0xc70 C:/devkitPro/libctru/lib\libctru.a(gspgpu.o)
 .text.gspInit  0x0010ef48      0x280 C:/devkitPro/libctru/lib\libctru.a(gspgpu.o)
                0x0010ef48                gspInit
 .text.gspExit  0x0010f1c8      0x110 C:/devkitPro/libctru/lib\libctru.a(gspgpu.o)
                0x0010f1c8                gspExit
 .text.gspHasGpuRight
                0x0010f2d8       0x10 C:/devkitPro/libctru/lib\libctru.a(gspgpu.o)
                0x0010f2d8                gspHasGpuRight
 .text.gspPresentBuffer
                0x0010f2e8       0xa4 C:/devkitPro/libctru/lib\libctru.a(gspgpu.o)
                0x0010f2e8                gspPresentBuffer
 .text.gspSetEventCallback
                0x0010f38c       0x30 C:/devkitPro/libctru/lib\libctru.a(gspgpu.o)
                0x0010f38c                gspSetEventCallback
 .text.gspWaitForEvent
                0x0010f3bc       0x50 C:/devkitPro/libctru/lib\libctru.a(gspgpu.o)
                0x0010f3bc                gspWaitForEvent
 .text.gspWaitForAnyEvent
                0x0010f40c       0x4c C:/devkitPro/libctru/lib\libctru.a(gspgpu.o)
                0x0010f40c                gspWaitForAnyEvent
 .text.gspEventThreadMain
                0x0010f458      0x154 C:/devkitPro/libctru/lib\libctru.a(gspgpu.o)
 .text.gspSubmitGxCommand
                0x0010f5ac      0x12c C:/devkitPro/libctru/lib\libctru.a(gspgpu.o)
                0x0010f5ac                gspSubmitGxCommand
 .text.GSPGPU_FlushDataCache
                0x0010f6d8       0x50 C:/devkitPro/libctru/lib\libctru.a(gspgpu.o)
                0x0010f6d8                GSPGPU_FlushDataCache
 .text.GSPGPU_SetLcdForceBlack
                0x0010f728       0x34 C:/devkitPro/libctru/lib\libctru.a(gspgpu.o)
                0x0010f728                GSPGPU_SetLcdForceBlack
 .text.GSPGPU_AcquireRight
                0x0010f75c       0x80 C:/devkitPro/libctru/lib\libctru.a(gspgpu.o)
                0x0010f75c                GSPGPU_AcquireRight
 .text.GSPGPU_ReleaseRight
                0x0010f7dc       0x5c C:/devkitPro/libctru/lib\libctru.a(gspgpu.o)
                0x0010f7dc                GSPGPU_ReleaseRight
 .text.GSPGPU_ImportDisplayCaptureInfo
                0x0010f838       0x7c C:/devkitPro/libctru/lib\libctru.a(gspgpu.o)
                0x0010f838                GSPGPU_ImportDisplayCaptureInfo
 .text.GSPGPU_SaveVramSysArea
                0x0010f8b4       0x2c C:/devkitPro/libctru/lib\libctru.a(gspgpu.o)
                0x0010f8b4                GSPGPU_SaveVramSysArea
 .text.GSPGPU_RestoreVramSysArea
                0x0010f8e0       0x2c C:/devkitPro/libctru/lib\libctru.a(gspgpu.o)
                0x0010f8e0                GSPGPU_RestoreVramSysArea
 .text.hidShouldUseIrrst
                0x0010f90c       0x24 C:/devkitPro/libctru/lib\libctru.a(hid.o)
                0x0010f90c                hidShouldUseIrrst
 .text.hidInit  0x0010f930      0x1cc C:/devkitPro/libctru/lib\libctru.a(hid.o)
                0x0010f930                hidInit
 .text.hidExit  0x0010fafc       0xe8 C:/devkitPro/libctru/lib\libctru.a(hid.o)
                0x0010fafc                hidExit
 .text.hidScanInput
                0x0010fbe4      0x2a0 C:/devkitPro/libctru/lib\libctru.a(hid.o)
                0x0010fbe4                hidScanInput
 .text.hidKeysDown
                0x0010fe84       0x10 C:/devkitPro/libctru/lib\libctru.a(hid.o)
                0x0010fe84                hidKeysDown
 .text.hidTouchRead
                0x0010fe94       0x18 C:/devkitPro/libctru/lib\libctru.a(hid.o)
                0x0010fe94                hidTouchRead
 .text.irrstInit
                0x0010feac      0x1a4 C:/devkitPro/libctru/lib\libctru.a(irrst.o)
                0x0010feac                irrstInit
 .text.irrstExit
                0x00110050       0xdc C:/devkitPro/libctru/lib\libctru.a(irrst.o)
                0x00110050                irrstExit
 .text.irrstScanInput
                0x0011012c       0xb4 C:/devkitPro/libctru/lib\libctru.a(irrst.o)
                0x0011012c                irrstScanInput
 .text.irrstKeysHeld
                0x001101e0       0x24 C:/devkitPro/libctru/lib\libctru.a(irrst.o)
                0x001101e0                irrstKeysHeld
 .text.ptmSysmInit
                0x00110204       0x78 C:/devkitPro/libctru/lib\libctru.a(ptmsysm.o)
                0x00110204                ptmSysmInit
 .text.ptmSysmExit
                0x0011027c       0x3c C:/devkitPro/libctru/lib\libctru.a(ptmsysm.o)
                0x0011027c                ptmSysmExit
 .text.PTMSYSM_ConfigureNew3DSCPU
                0x001102b8       0x34 C:/devkitPro/libctru/lib\libctru.a(ptmsysm.o)
                0x001102b8                PTMSYSM_ConfigureNew3DSCPU
 .text.swkbdMessageCallback
                0x001102ec      0x190 C:/devkitPro/libctru/lib\libctru.a(swkbd.o)
 .text.swkbdInit
                0x0011047c       0x84 C:/devkitPro/libctru/lib\libctru.a(swkbd.o)
                0x0011047c                swkbdInit
 .text.swkbdSetHintText
                0x00110500       0x64 C:/devkitPro/libctru/lib\libctru.a(swkbd.o)
                0x00110500                swkbdSetHintText
 .text.swkbdSetButton
                0x00110564       0x88 C:/devkitPro/libctru/lib\libctru.a(swkbd.o)
                0x00110564                swkbdSetButton
 .text.swkbdInputText
                0x001105ec      0x3a8 C:/devkitPro/libctru/lib\libctru.a(swkbd.o)
                0x001105ec                swkbdInputText
 .text.rbtree_find
                0x00110994       0x74 C:/devkitPro/libctru/lib\libctru.a(rbtree_find.o)
                0x00110994                rbtree_find
 .text.rbtree_init
                0x00110a08       0x10 C:/devkitPro/libctru/lib\libctru.a(rbtree_init.o)
                0x00110a08                rbtree_init
 .text.do_insert
                0x00110a18      0x198 C:/devkitPro/libctru/lib\libctru.a(rbtree_insert.o)
 .text.rbtree_insert
                0x00110bb0        0x8 C:/devkitPro/libctru/lib\libctru.a(rbtree_insert.o)
                0x00110bb0                rbtree_insert
 .text.rbtree_remove
                0x00110bb8      0x310 C:/devkitPro/libctru/lib\libctru.a(rbtree_remove.o)
                0x00110bb8                rbtree_remove
 .text.rbtree_rotate
                0x00110ec8       0x90 C:/devkitPro/libctru/lib\libctru.a(rbtree_rotate.o)
                0x00110ec8                rbtree_rotate
 .text.decode_utf8
                0x00110f58      0x140 C:/devkitPro/libctru/lib\libctru.a(decode_utf8.o)
                0x00110f58                decode_utf8
 .text.utf16_to_utf8
                0x00111098       0xe8 C:/devkitPro/libctru/lib\libctru.a(utf16_to_utf8.o)
                0x00111098                utf16_to_utf8
 .text.utf8_to_utf16
                0x00111180       0xc0 C:/devkitPro/libctru/lib\libctru.a(utf8_to_utf16.o)
                0x00111180                utf8_to_utf16
 .text.__system_allocateHeaps
                0x00111240      0x1e8 C:/devkitPro/libctru/lib\libctru.a(allocateHeaps.o)
                0x00111240                __system_allocateHeaps
 .text.__libctru_init
                0x00111428       0x38 C:/devkitPro/libctru/lib\libctru.a(ctru_init.o)
                0x00111428                __libctru_init
 .text.__system_initArgv
                0x00111460      0x16c C:/devkitPro/libctru/lib\libctru.a(initArgv.o)
                0x00111460                __system_initArgv
 .text.__syscall_getreent
                0x001115cc       0x30 C:/devkitPro/libctru/lib\libctru.a(syscalls.o)
                0x001115cc                __syscall_getreent
 .text.__syscall_gettod_r
                0x001115fc       0x64 C:/devkitPro/libctru/lib\libctru.a(syscalls.o)
                0x001115fc                __syscall_gettod_r
 .text.__syscall_lock_acquire
                0x00111660        0x4 C:/devkitPro/libctru/lib\libctru.a(syscalls.o)
                0x00111660                __syscall_lock_acquire
 .text.__syscall_lock_release
                0x00111664        0x4 C:/devkitPro/libctru/lib\libctru.a(syscalls.o)
                0x00111664                __syscall_lock_release
 .text.__syscall_lock_acquire_recursive
                0x00111668        0x4 C:/devkitPro/libctru/lib\libctru.a(syscalls.o)
                0x00111668                __syscall_lock_acquire_recursive
 .text.__syscall_lock_release_recursive
                0x0011166c        0x4 C:/devkitPro/libctru/lib\libctru.a(syscalls.o)
                0x0011166c                __syscall_lock_release_recursive
 .text.__syscall_exit
                0x00111670        0x4 C:/devkitPro/libctru/lib\libctru.a(syscalls.o)
                0x00111670                __syscall_exit
 .text.initThreadVars
                0x00111674       0x54 C:/devkitPro/libctru/lib\libctru.a(syscalls.o)
                0x00111674                initThreadVars
 .text.__system_initSyscalls
                0x001116c8       0x80 C:/devkitPro/libctru/lib\libctru.a(syscalls.o)
                0x001116c8                __system_initSyscalls
 .text.svcControlMemory
                0x00111748       0x20 C:/devkitPro/libctru/lib\libctru.a(svc.o)
                0x00111748                svcControlMemory
 .text.svcQueryMemory
                0x00111768       0x30 C:/devkitPro/libctru/lib\libctru.a(svc.o)
                0x00111768                svcQueryMemory
 .text.svcExitProcess
                0x00111798        0x8 C:/devkitPro/libctru/lib\libctru.a(svc.o)
                0x00111798                svcExitProcess
 .text.svcCreateThread
                0x001117a0       0x20 C:/devkitPro/libctru/lib\libctru.a(svc.o)
                0x001117a0                svcCreateThread
 .text.svcExitThread
                0x001117c0        0x8 C:/devkitPro/libctru/lib\libctru.a(svc.o)
                0x001117c0                svcExitThread
 .text.svcSleepThread
                0x001117c8        0x8 C:/devkitPro/libctru/lib\libctru.a(svc.o)
                0x001117c8                svcSleepThread
 .text.svcReleaseMutex
                0x001117d0        0x8 C:/devkitPro/libctru/lib\libctru.a(svc.o)
                0x001117d0                svcReleaseMutex
 .text.svcCreateEvent
                0x001117d8       0x14 C:/devkitPro/libctru/lib\libctru.a(svc.o)
                0x001117d8                svcCreateEvent
 .text.svcSignalEvent
                0x001117ec        0x8 C:/devkitPro/libctru/lib\libctru.a(svc.o)
                0x001117ec                svcSignalEvent
 .text.svcClearEvent
                0x001117f4        0x8 C:/devkitPro/libctru/lib\libctru.a(svc.o)
                0x001117f4                svcClearEvent
 .text.svcCreateMemoryBlock
                0x001117fc       0x18 C:/devkitPro/libctru/lib\libctru.a(svc.o)
                0x001117fc                svcCreateMemoryBlock
 .text.svcMapMemoryBlock
                0x00111814        0x8 C:/devkitPro/libctru/lib\libctru.a(svc.o)
                0x00111814                svcMapMemoryBlock
 .text.svcUnmapMemoryBlock
                0x0011181c        0x8 C:/devkitPro/libctru/lib\libctru.a(svc.o)
                0x0011181c                svcUnmapMemoryBlock
 .text.svcCreateAddressArbiter
                0x00111824       0x14 C:/devkitPro/libctru/lib\libctru.a(svc.o)
                0x00111824                svcCreateAddressArbiter
 .text.svcArbitrateAddressNoTimeout
                0x00111838        0x8 C:/devkitPro/libctru/lib\libctru.a(svc.o)
                0x00111838                svcArbitrateAddressNoTimeout
 .text.svcCloseHandle
                0x00111840        0x8 C:/devkitPro/libctru/lib\libctru.a(svc.o)
                0x00111840                svcCloseHandle
 .text.svcWaitSynchronization
                0x00111848        0x8 C:/devkitPro/libctru/lib\libctru.a(svc.o)
                0x00111848                svcWaitSynchronization
 .text.svcWaitSynchronizationN
                0x00111850       0x28 C:/devkitPro/libctru/lib\libctru.a(svc.o)
                0x00111850                svcWaitSynchronizationN
 .text.svcDuplicateHandle
                0x00111878       0x14 C:/devkitPro/libctru/lib\libctru.a(svc.o)
                0x00111878                svcDuplicateHandle
 .text.svcGetSystemTick
                0x0011188c        0x8 C:/devkitPro/libctru/lib\libctru.a(svc.o)
                0x0011188c                svcGetSystemTick
 .text.svcConnectToPort
                0x00111894       0x14 C:/devkitPro/libctru/lib\libctru.a(svc.o)
                0x00111894                svcConnectToPort
 .text.svcSendSyncRequest
                0x001118a8        0x8 C:/devkitPro/libctru/lib\libctru.a(svc.o)
                0x001118a8                svcSendSyncRequest
 .text.svcGetResourceLimit
                0x001118b0       0x14 C:/devkitPro/libctru/lib\libctru.a(svc.o)
                0x001118b0                svcGetResourceLimit
 .text.svcGetResourceLimitLimitValues
                0x001118c4        0x8 C:/devkitPro/libctru/lib\libctru.a(svc.o)
                0x001118c4                svcGetResourceLimitLimitValues
 .text.svcGetResourceLimitCurrentValues
                0x001118cc        0x8 C:/devkitPro/libctru/lib\libctru.a(svc.o)
                0x001118cc                svcGetResourceLimitCurrentValues
 .text.svcBreak
                0x001118d4        0x8 C:/devkitPro/libctru/lib\libctru.a(svc.o)
                0x001118d4                svcBreak
 .text.__aeabi_read_tp
                0x001118dc        0xc C:/devkitPro/libctru/lib\libctru.a(readtp.o)
                0x001118dc                __aeabi_read_tp
 .text.initSystem
                0x001118e8       0x50 C:/devkitPro/libctru/lib\libctru.a(stack_adjust.o)
                0x001118e8                initSystem
 .text.__ctru_exit
                0x00111938       0x14 C:/devkitPro/libctru/lib\libctru.a(stack_adjust.o)
                0x00111938                __ctru_exit
 .text.envGetHandle
                0x0011194c       0x8c C:/devkitPro/libctru/lib\libctru.a(env.o)
                0x0011194c                envGetHandle
 .text.envDestroyHandles
                0x001119d8       0x50 C:/devkitPro/libctru/lib\libctru.a(env.o)
                0x001119d8                envDestroyHandles
 .text.srvInit  0x00111a28      0x164 C:/devkitPro/libctru/lib\libctru.a(srv.o)
                0x00111a28                srvInit
 .text.srvExit  0x00111b8c       0x64 C:/devkitPro/libctru/lib\libctru.a(srv.o)
                0x00111b8c                srvExit
 .text.srvEnableNotification
                0x00111bf0       0x60 C:/devkitPro/libctru/lib\libctru.a(srv.o)
                0x00111bf0                srvEnableNotification
 .text.srvGetServiceHandleDirect
                0x00111c50       0xa0 C:/devkitPro/libctru/lib\libctru.a(srv.o)
                0x00111c50                srvGetServiceHandleDirect
 .text.srvGetServiceHandle
                0x00111cf0       0x48 C:/devkitPro/libctru/lib\libctru.a(srv.o)
                0x00111cf0                srvGetServiceHandle
 .text.srvSubscribe
                0x00111d38       0x34 C:/devkitPro/libctru/lib\libctru.a(srv.o)
                0x00111d38                srvSubscribe
 .text.srvReceiveNotification
                0x00111d6c       0x60 C:/devkitPro/libctru/lib\libctru.a(srv.o)
                0x00111d6c                srvReceiveNotification
 .text.srvPublishToSubscriber
                0x00111dcc       0x38 C:/devkitPro/libctru/lib\libctru.a(srv.o)
                0x00111dcc                srvPublishToSubscriber
 .text.__sync_init
                0x00111e04        0xc C:/devkitPro/libctru/lib\libctru.a(synchronization.o)
                0x00111e04                __sync_init
 .text.__sync_fini
                0x00111e10       0x18 C:/devkitPro/libctru/lib\libctru.a(synchronization.o)
                0x00111e10                __sync_fini
 .text.syncArbitrateAddress
                0x00111e28       0x28 C:/devkitPro/libctru/lib\libctru.a(synchronization.o)
                0x00111e28                syncArbitrateAddress
 .text.LightLock_Lock
                0x00111e50       0xac C:/devkitPro/libctru/lib\libctru.a(synchronization.o)
                0x00111e50                LightLock_Lock
 .text.LightLock_Unlock
                0x00111efc       0x40 C:/devkitPro/libctru/lib\libctru.a(synchronization.o)
                0x00111efc                LightLock_Unlock
 .text.RecursiveLock_Lock
                0x00111f3c       0x54 C:/devkitPro/libctru/lib\libctru.a(synchronization.o)
                0x00111f3c                RecursiveLock_Lock
 .text.RecursiveLock_Unlock
                0x00111f90       0x54 C:/devkitPro/libctru/lib\libctru.a(synchronization.o)
                0x00111f90                RecursiveLock_Unlock
 .text.LightEvent_Init
                0x00111fe4       0x44 C:/devkitPro/libctru/lib\libctru.a(synchronization.o)
                0x00111fe4                LightEvent_Init
 .text.LightEvent_Clear
                0x00112028       0xb8 C:/devkitPro/libctru/lib\libctru.a(synchronization.o)
                0x00112028                LightEvent_Clear
 .text.LightEvent_Signal
                0x001120e0       0xdc C:/devkitPro/libctru/lib\libctru.a(synchronization.o)
                0x001120e0                LightEvent_Signal
 .text.LightEvent_TryWait
                0x001121bc       0x50 C:/devkitPro/libctru/lib\libctru.a(synchronization.o)
                0x001121bc                LightEvent_TryWait
 .text.LightEvent_Wait
                0x0011220c       0xac C:/devkitPro/libctru/lib\libctru.a(synchronization.o)
                0x0011220c                LightEvent_Wait
 .text.threadCreate
                0x001122b8      0x1fc C:/devkitPro/libctru/lib\libctru.a(thread.o)
                0x001122b8                threadCreate
 .text.threadFree
                0x001124b4       0x38 C:/devkitPro/libctru/lib\libctru.a(thread.o)
                0x001124b4                threadFree
 .text.threadJoin
                0x001124ec       0x24 C:/devkitPro/libctru/lib\libctru.a(thread.o)
                0x001124ec                threadJoin
 .text.threadGetCurrent
                0x00112510       0x30 C:/devkitPro/libctru/lib\libctru.a(thread.o)
                0x00112510                threadGetCurrent
 .text.threadExit
                0x00112540       0x40 C:/devkitPro/libctru/lib\libctru.a(thread.o)
                0x00112540                threadExit
 .text._thread_begin
                0x00112580       0x20 C:/devkitPro/libctru/lib\libctru.a(thread.o)
 .text.mappableFindAddressWithin
                0x001125a0       0x90 C:/devkitPro/libctru/lib\libctru.a(mappable.o)
 .text.mappableInit
                0x00112630       0x28 C:/devkitPro/libctru/lib\libctru.a(mappable.o)
                0x00112630                mappableInit
 .text.mappableAlloc
                0x00112658       0x7c C:/devkitPro/libctru/lib\libctru.a(mappable.o)
                0x00112658                mappableAlloc
 .text.mappableFree
                0x001126d4        0x4 C:/devkitPro/libctru/lib\libctru.a(mappable.o)
                0x001126d4                mappableFree
 .text.srvPmGetSessionHandle
                0x001126d8        0xc C:/devkitPro/libctru/lib\libctru.a(srvpm.o)
                0x001126d8                srvPmGetSessionHandle
 .text.rbtree_node_next
                0x001126e4       0x60 C:/devkitPro/libctru/lib\libctru.a(rbtree_iterator.o)
                0x001126e4                rbtree_node_next
 .text.decode_utf16
                0x00112744       0x54 C:/devkitPro/libctru/lib\libctru.a(decode_utf16.o)
                0x00112744                decode_utf16
 .text.encode_utf16
                0x00112798       0x54 C:/devkitPro/libctru/lib\libctru.a(encode_utf16.o)
                0x00112798                encode_utf16
 .text.encode_utf8
                0x001127ec       0xe0 C:/devkitPro/libctru/lib\libctru.a(encode_utf8.o)
                0x001127ec                encode_utf8
 .text.__appExit
                0x001128cc       0x30 C:/devkitPro/libctru/lib\libctru.a(appExit.o)
                0x001128cc                __appExit
 .text.__appInit
                0x001128fc       0x30 C:/devkitPro/libctru/lib\libctru.a(appInit.o)
                0x001128fc                __appInit
 .text.__libctru_exit
                0x0011292c       0x90 C:/devkitPro/libctru/lib\libctru.a(ctru_exit.o)
                0x0011292c                __libctru_exit
 .text.archive_link
                0x001129bc       0x14 C:/devkitPro/libctru/lib\libctru.a(archive_dev.o)
 .text.archive_dirreset
                0x001129d0       0x14 C:/devkitPro/libctru/lib\libctru.a(archive_dev.o)
 .text.archive_chmod
                0x001129e4       0x14 C:/devkitPro/libctru/lib\libctru.a(archive_dev.o)
 .text.error_cmp
                0x001129f8       0x24 C:/devkitPro/libctru/lib\libctru.a(archive_dev.o)
 .text.archive_translate_error
                0x00112a1c       0x50 C:/devkitPro/libctru/lib\libctru.a(archive_dev.o)
 .text.archive_seek
                0x00112a6c       0xc0 C:/devkitPro/libctru/lib\libctru.a(archive_dev.o)
 .text._archiveInit.part.0
                0x00112b2c       0x78 C:/devkitPro/libctru/lib\libctru.a(archive_dev.o)
 .text.archiveFindDevice.part.0
                0x00112ba4       0xd4 C:/devkitPro/libctru/lib\libctru.a(archive_dev.o)
 .text.archive_utf16path
                0x00112c78      0x298 C:/devkitPro/libctru/lib\libctru.a(archive_dev.o)
 .text._archiveUnmountDeviceStruct.part.0
                0x00112f10       0x98 C:/devkitPro/libctru/lib\libctru.a(archive_dev.o)
 .text.archive_statvfs
                0x00112fa8       0x14 C:/devkitPro/libctru/lib\libctru.a(archive_dev.o)
 .text.archive_fchmod
                0x00112fbc       0x14 C:/devkitPro/libctru/lib\libctru.a(archive_dev.o)
 .text._archiveMountDevice
                0x00112fd0      0x178 C:/devkitPro/libctru/lib\libctru.a(archive_dev.o)
 .text.archive_diropen
                0x00113148       0xf8 C:/devkitPro/libctru/lib\libctru.a(archive_dev.o)
 .text.archive_fstat
                0x00113240       0xac C:/devkitPro/libctru/lib\libctru.a(archive_dev.o)
 .text.archive_fsync
                0x001132ec       0x74 C:/devkitPro/libctru/lib\libctru.a(archive_dev.o)
 .text.archive_close
                0x00113360       0x74 C:/devkitPro/libctru/lib\libctru.a(archive_dev.o)
 .text.archive_dirclose
                0x001133d4       0x78 C:/devkitPro/libctru/lib\libctru.a(archive_dev.o)
 .text.sdmc_statvfs
                0x0011344c       0xec C:/devkitPro/libctru/lib\libctru.a(archive_dev.o)
 .text.archive_chdir
                0x00113538       0xf8 C:/devkitPro/libctru/lib\libctru.a(archive_dev.o)
 .text.archive_ftruncate
                0x00113630       0x8c C:/devkitPro/libctru/lib\libctru.a(archive_dev.o)
 .text.archive_read
                0x001136bc       0xbc C:/devkitPro/libctru/lib\libctru.a(archive_dev.o)
 .text.archive_unlink
                0x00113778       0xa8 C:/devkitPro/libctru/lib\libctru.a(archive_dev.o)
 .text.archive_rmdir
                0x00113820       0xc0 C:/devkitPro/libctru/lib\libctru.a(archive_dev.o)
 .text.archive_mkdir
                0x001138e0       0xd8 C:/devkitPro/libctru/lib\libctru.a(archive_dev.o)
 .text.archive_stat
                0x001139b8      0x1a0 C:/devkitPro/libctru/lib\libctru.a(archive_dev.o)
 .text.archive_dirnext
                0x00113b58      0x164 C:/devkitPro/libctru/lib\libctru.a(archive_dev.o)
 .text.archive_write
                0x00113cbc      0x13c C:/devkitPro/libctru/lib\libctru.a(archive_dev.o)
 .text.archive_open
                0x00113df8      0x254 C:/devkitPro/libctru/lib\libctru.a(archive_dev.o)
 .text.archive_rename
                0x0011404c      0x270 C:/devkitPro/libctru/lib\libctru.a(archive_dev.o)
 .text.archiveMountSdmc
                0x001142bc      0x1c8 C:/devkitPro/libctru/lib\libctru.a(archive_dev.o)
                0x001142bc                archiveMountSdmc
 .text.archiveUnmountAll
                0x00114484       0x54 C:/devkitPro/libctru/lib\libctru.a(archive_dev.o)
                0x00114484                archiveUnmountAll
 .text.ceilf    0x001144d8       0xc0 C:/devkitPro/devkitARM/bin/../lib/gcc/arm-none-eabi/15.1.0/../../../../arm-none-eabi/lib/armv6k/fpu\libm.a(libm_a-sf_ceil.o)
                0x001144d8                ceilf
 .text.__fixdfdi
                0x00114598       0x2c C:/devkitPro/devkitARM/bin/../lib/gcc/arm-none-eabi/15.1.0/armv6k/fpu\libgcc.a(_fixdfdi.o)
                0x00114598                __fixdfdi
                0x00114598                __aeabi_d2lz
 *fill*         0x001145c4        0x4 
 .text.__fixunsdfdi
                0x001145c8       0x40 C:/devkitPro/devkitARM/bin/../lib/gcc/arm-none-eabi/15.1.0/armv6k/fpu\libgcc.a(_fixunsdfdi.o)
                0x001145c8                __fixunsdfdi
                0x001145c8                __aeabi_d2ulz
 .text.__udivmoddi4
                0x00114608      0x130 C:/devkitPro/devkitARM/bin/../lib/gcc/arm-none-eabi/15.1.0/armv6k/fpu\libgcc.a(_udivmoddi4.o)
                0x00114608                __udivmoddi4
 .text.strncmp  0x00114738       0xd8 C:/devkitPro/devkitARM/bin/../lib/gcc/arm-none-eabi/15.1.0/../../../../arm-none-eabi/lib/armv6k/fpu\libg.a(libc_a-strncmp.o)
                0x00114738                strncmp
 .text.strchr   0x00114810      0x140 C:/devkitPro/devkitARM/bin/../lib/gcc/arm-none-eabi/15.1.0/../../../../arm-none-eabi/lib/armv6k/fpu\libg.a(libc_a-strchr.o)
                0x00114810                strchr
 .text.srand    0x00114950       0x1c C:/devkitPro/devkitARM/bin/../lib/gcc/arm-none-eabi/15.1.0/../../../../arm-none-eabi/lib/armv6k/fpu\libg.a(libc_a-rand.o)
                0x00114950                srand
 .text.rand     0x0011496c       0x44 C:/devkitPro/devkitARM/bin/../lib/gcc/arm-none-eabi/15.1.0/../../../../arm-none-eabi/lib/armv6k/fpu\libg.a(libc_a-rand.o)
                0x0011496c                rand
 .text._fgets_r
                0x001149b0      0x198 C:/devkitPro/devkitARM/bin/../lib/gcc/arm-none-eabi/15.1.0/../../../../arm-none-eabi/lib/armv6k/fpu\libg.a(libc_a-fgets.o)
                0x001149b0                _fgets_r
 .text.fgets    0x00114b48       0x30 C:/devkitPro/devkitARM/bin/../lib/gcc/arm-none-eabi/15.1.0/../../../../arm-none-eabi/lib/armv6k/fpu\libg.a(libc_a-fgets.o)
                0x00114b48                fgets
 .text._fclose_r
                0x00114b78      0x144 C:/devkitPro/devkitARM/bin/../lib/gcc/arm-none-eabi/15.1.0/../../../../arm-none-eabi/lib/armv6k/fpu\libg.a(libc_a-fclose.o)
                0x00114b78                _fclose_r
 .text.strlen   0x00114cbc       0x8c C:/devkitPro/devkitARM/bin/../lib/gcc/arm-none-eabi/15.1.0/../../../../arm-none-eabi/lib/armv6k/fpu\libg.a(libc_a-strlen.o)
                0x00114cbc                strlen
 .text.sprintf  0x00114d48       0x68 C:/devkitPro/devkitARM/bin/../lib/gcc/arm-none-eabi/15.1.0/../../../../arm-none-eabi/lib/armv6k/fpu\libg.a(libc_a-sprintf.o)
                0x00114d48                sprintf
 .text.memcmp   0x00114db0       0xd8 C:/devkitPro/devkitARM/bin/../lib/gcc/arm-none-eabi/15.1.0/../../../../arm-none-eabi/lib/armv6k/fpu\libg.a(libc_a-memcmp.o)
                0x00114db0                memcmp
 .text.stdio_exit_handler
                0x00114e88       0x1c C:/devkitPro/devkitARM/bin/../lib/gcc/arm-none-eabi/15.1.0/../../../../arm-none-eabi/lib/armv6k/fpu\libg.a(libc_a-findfp.o)
 .text.cleanup_stdio
                0x00114ea4       0x5c C:/devkitPro/devkitARM/bin/../lib/gcc/arm-none-eabi/15.1.0/../../../../arm-none-eabi/lib/armv6k/fpu\libg.a(libc_a-findfp.o)
 .text.global_stdio_init.part.0
                0x00114f00      0x154 C:/devkitPro/devkitARM/bin/../lib/gcc/arm-none-eabi/15.1.0/../../../../arm-none-eabi/lib/armv6k/fpu\libg.a(libc_a-findfp.o)
 .text.__sfp    0x00115054      0x138 C:/devkitPro/devkitARM/bin/../lib/gcc/arm-none-eabi/15.1.0/../../../../arm-none-eabi/lib/armv6k/fpu\libg.a(libc_a-findfp.o)
                0x00115054                __sfp
 .text.__sinit  0x0011518c       0x5c C:/devkitPro/devkitARM/bin/../lib/gcc/arm-none-eabi/15.1.0/../../../../arm-none-eabi/lib/armv6k/fpu\libg.a(libc_a-findfp.o)
                0x0011518c                __sinit
 .text.__sfp_lock_acquire
                0x001151e8        0xc C:/devkitPro/devkitARM/bin/../lib/gcc/arm-none-eabi/15.1.0/../../../../arm-none-eabi/lib/armv6k/fpu\libg.a(libc_a-findfp.o)
                0x001151e8                __sfp_lock_acquire
 .text.__sfp_lock_release
                0x001151f4        0xc C:/devkitPro/devkitARM/bin/../lib/gcc/arm-none-eabi/15.1.0/../../../../arm-none-eabi/lib/armv6k/fpu\libg.a(libc_a-findfp.o)
                0x001151f4                __sfp_lock_release
 .text._strtoul_l.isra.0
                0x00115200      0x1ec C:/devkitPro/devkitARM/bin/../lib/gcc/arm-none-eabi/15.1.0/../../../../arm-none-eabi/lib/armv6k/fpu\libg.a(libc_a-strtoul.o)
 .text._strtoul_r
                0x001153ec       0x38 C:/devkitPro/devkitARM/bin/../lib/gcc/arm-none-eabi/15.1.0/../../../../arm-none-eabi/lib/armv6k/fpu\libg.a(libc_a-strtoul.o)
                0x001153ec                _strtoul_r
 .text.strtoul  0x00115424       0x3c C:/devkitPro/devkitARM/bin/../lib/gcc/arm-none-eabi/15.1.0/../../../../arm-none-eabi/lib/armv6k/fpu\libg.a(libc_a-strtoul.o)
                0x00115424                strtoul
 .text.__libc_init_array
                0x00115460       0x84 C:/devkitPro/devkitARM/bin/../lib/gcc/arm-none-eabi/15.1.0/../../../../arm-none-eabi/lib/armv6k/fpu\libg.a(libc_a-init.o)
                0x00115460                __libc_init_array
 .text.strncat  0x001154e4       0x9c C:/devkitPro/devkitARM/bin/../lib/gcc/arm-none-eabi/15.1.0/../../../../arm-none-eabi/lib/armv6k/fpu\libg.a(libc_a-strncat.o)
                0x001154e4                strncat
 .text._fwalk_sglue
                0x00115580       0x70 C:/devkitPro/devkitARM/bin/../lib/gcc/arm-none-eabi/15.1.0/../../../../arm-none-eabi/lib/armv6k/fpu\libg.a(libc_a-fwalk.o)
                0x00115580                _fwalk_sglue
 .text.bsearch  0x001155f0       0x78 C:/devkitPro/devkitARM/bin/../lib/gcc/arm-none-eabi/15.1.0/../../../../arm-none-eabi/lib/armv6k/fpu\libg.a(libc_a-bsearch.o)
                0x001155f0                bsearch
 .text.__errno  0x00115668        0xc C:/devkitPro/devkitARM/bin/../lib/gcc/arm-none-eabi/15.1.0/../../../../arm-none-eabi/lib/armv6k/fpu\libg.a(libc_a-errno.o)
                0x00115668                __errno
 .text.calloc   0x00115674       0x28 C:/devkitPro/devkitARM/bin/../lib/gcc/arm-none-eabi/15.1.0/../../../../arm-none-eabi/lib/armv6k/fpu\libg.a(libc_a-calloc.o)
                0x00115674                calloc
 .text.qsort    0x0011569c      0x8e8 C:/devkitPro/devkitARM/bin/../lib/gcc/arm-none-eabi/15.1.0/../../../../arm-none-eabi/lib/armv6k/fpu\libg.a(libc_a-qsort.o)
                0x0011569c                qsort
 .text._calloc_r
                0x00115f84       0xd8 C:/devkitPro/devkitARM/bin/../lib/gcc/arm-none-eabi/15.1.0/../../../../arm-none-eabi/lib/armv6k/fpu\libg.a(libc_a-callocr.o)
                0x00115f84                _calloc_r
 .text.realloc  0x0011605c       0x28 C:/devkitPro/devkitARM/bin/../lib/gcc/arm-none-eabi/15.1.0/../../../../arm-none-eabi/lib/armv6k/fpu\libg.a(libc_a-realloc.o)
                0x0011605c                realloc
 .text._fseek_r
                0x00116084       0x1c C:/devkitPro/devkitARM/bin/../lib/gcc/arm-none-eabi/15.1.0/../../../../arm-none-eabi/lib/armv6k/fpu\libg.a(libc_a-fseek.o)
                0x00116084                _fseek_r
 .text.memalign
                0x001160a0       0x28 C:/devkitPro/devkitARM/bin/../lib/gcc/arm-none-eabi/15.1.0/../../../../arm-none-eabi/lib/armv6k/fpu\libg.a(libc_a-malign.o)
                0x001160a0                memalign
 .text._malloc_r
                0x001160c8      0x82c C:/devkitPro/devkitARM/bin/../lib/gcc/arm-none-eabi/15.1.0/../../../../arm-none-eabi/lib/armv6k/fpu\libg.a(libc_a-mallocr.o)
                0x001160c8                _malloc_r
 .text.memchr   0x001168f4       0xe8 C:/devkitPro/devkitARM/bin/../lib/gcc/arm-none-eabi/15.1.0/../../../../arm-none-eabi/lib/armv6k/fpu\libg.a(libc_a-memchr-stub.o)
                0x001168f4                memchr
 .text.strcpy   0x001169dc       0xf0 C:/devkitPro/devkitARM/bin/../lib/gcc/arm-none-eabi/15.1.0/../../../../arm-none-eabi/lib/armv6k/fpu\libg.a(libc_a-strcpy.o)
                0x001169dc                strcpy
 .text._malloc_trim_r
                0x00116acc      0x114 C:/devkitPro/devkitARM/bin/../lib/gcc/arm-none-eabi/15.1.0/../../../../arm-none-eabi/lib/armv6k/fpu\libg.a(libc_a-freer.o)
                0x00116acc                _malloc_trim_r
 .text._free_r  0x00116be0      0x314 C:/devkitPro/devkitARM/bin/../lib/gcc/arm-none-eabi/15.1.0/../../../../arm-none-eabi/lib/armv6k/fpu\libg.a(libc_a-freer.o)
                0x00116be0                _free_r
 .text.get_arg  0x00116ef4      0x5e0 C:/devkitPro/devkitARM/bin/../lib/gcc/arm-none-eabi/15.1.0/../../../../arm-none-eabi/lib/armv6k/fpu\libg.a(libc_a-svfprintf.o)
 *fill*         0x001174d4        0x4 
 .text._svfprintf_r
                0x001174d8     0x345c C:/devkitPro/devkitARM/bin/../lib/gcc/arm-none-eabi/15.1.0/../../../../arm-none-eabi/lib/armv6k/fpu\libg.a(libc_a-svfprintf.o)
                0x001174d8                _svfprintf_r
 .text.strnlen  0x0011a934       0x3c C:/devkitPro/devkitARM/bin/../lib/gcc/arm-none-eabi/15.1.0/../../../../arm-none-eabi/lib/armv6k/fpu\libg.a(libc_a-strnlen.o)
                0x0011a934                strnlen
 .text.malloc   0x0011a970       0x40 C:/devkitPro/devkitARM/bin/../lib/gcc/arm-none-eabi/15.1.0/../../../../arm-none-eabi/lib/armv6k/fpu\libg.a(libc_a-malloc.o)
                0x0011a970                malloc
 .text.free     0x0011a9b0       0x20 C:/devkitPro/devkitARM/bin/../lib/gcc/arm-none-eabi/15.1.0/../../../../arm-none-eabi/lib/armv6k/fpu\libg.a(libc_a-malloc.o)
                0x0011a9b0                free
 .text.__sflush_r
                0x0011a9d0      0x22c C:/devkitPro/devkitARM/bin/../lib/gcc/arm-none-eabi/15.1.0/../../../../arm-none-eabi/lib/armv6k/fpu\libg.a(libc_a-fflush.o)
                0x0011a9d0                __sflush_r
 .text._fflush_r
                0x0011abfc       0xc4 C:/devkitPro/devkitARM/bin/../lib/gcc/arm-none-eabi/15.1.0/../../../../arm-none-eabi/lib/armv6k/fpu\libg.a(libc_a-fflush.o)
                0x0011abfc                _fflush_r
 .text.time     0x0011acc0       0x48 C:/devkitPro/devkitARM/bin/../lib/gcc/arm-none-eabi/15.1.0/../../../../arm-none-eabi/lib/armv6k/fpu\libg.a(libc_a-time.o)
                0x0011acc0                time
 .text.lflush   0x0011ad08       0x38 C:/devkitPro/devkitARM/bin/../lib/gcc/arm-none-eabi/15.1.0/../../../../arm-none-eabi/lib/armv6k/fpu\libg.a(libc_a-refill.o)
 .text.__srefill_r
                0x0011ad40      0x1a8 C:/devkitPro/devkitARM/bin/../lib/gcc/arm-none-eabi/15.1.0/../../../../arm-none-eabi/lib/armv6k/fpu\libg.a(libc_a-refill.o)
                0x0011ad40                __srefill_r
 .text.__smakebuf_r
                0x0011aee8      0x164 C:/devkitPro/devkitARM/bin/../lib/gcc/arm-none-eabi/15.1.0/../../../../arm-none-eabi/lib/armv6k/fpu\libg.a(libc_a-makebuf.o)
                0x0011aee8                __smakebuf_r
 .text.memset   0x0011b04c       0xe4 C:/devkitPro/devkitARM/bin/../lib/gcc/arm-none-eabi/15.1.0/../../../../arm-none-eabi/lib/armv6k/fpu\libg.a(libc_a-memset.o)
                0x0011b04c                memset
 .text._realloc_r
                0x0011b130      0x4f0 C:/devkitPro/devkitARM/bin/../lib/gcc/arm-none-eabi/15.1.0/../../../../arm-none-eabi/lib/armv6k/fpu\libg.a(libc_a-reallocr.o)
                0x0011b130                _realloc_r
 .text.__malloc_lock
                0x0011b620        0xc C:/devkitPro/devkitARM/bin/../lib/gcc/arm-none-eabi/15.1.0/../../../../arm-none-eabi/lib/armv6k/fpu\libg.a(libc_a-mlock.o)
                0x0011b620                __malloc_lock
 .text.__malloc_unlock
                0x0011b62c        0xc C:/devkitPro/devkitARM/bin/../lib/gcc/arm-none-eabi/15.1.0/../../../../arm-none-eabi/lib/armv6k/fpu\libg.a(libc_a-mlock.o)
                0x0011b62c                __malloc_unlock
 .text.__call_exitprocs
                0x0011b638        0x4 C:/devkitPro/devkitARM/bin/../lib/gcc/arm-none-eabi/15.1.0/../../../../arm-none-eabi/lib/armv6k/fpu\libg.a(libc_a-exit.o)
                0x0011b638                __call_exitprocs
 .text.exit     0x0011b63c       0x30 C:/devkitPro/devkitARM/bin/../lib/gcc/arm-none-eabi/15.1.0/../../../../arm-none-eabi/lib/armv6k/fpu\libg.a(libc_a-exit.o)
                0x0011b63c                exit
 .text._fopen_r
                0x0011b66c      0x134 C:/devkitPro/devkitARM/bin/../lib/gcc/arm-none-eabi/15.1.0/../../../../arm-none-eabi/lib/armv6k/fpu\libg.a(libc_a-fopen.o)
                0x0011b66c                _fopen_r
 .text.fopen    0x0011b7a0       0x28 C:/devkitPro/devkitARM/bin/../lib/gcc/arm-none-eabi/15.1.0/../../../../arm-none-eabi/lib/armv6k/fpu\libg.a(libc_a-fopen.o)
                0x0011b7a0                fopen
 .text.strncpy  0x0011b7c8       0xd4 C:/devkitPro/devkitARM/bin/../lib/gcc/arm-none-eabi/15.1.0/../../../../arm-none-eabi/lib/armv6k/fpu\libg.a(libc_a-strncpy.o)
                0x0011b7c8                strncpy
 .text.memcpy   0x0011b89c      0x12c C:/devkitPro/devkitARM/bin/../lib/gcc/arm-none-eabi/15.1.0/../../../../arm-none-eabi/lib/armv6k/fpu\libg.a(libc_a-memcpy-stub.o)
                0x0011b89c                memcpy
 .text._wcsrtombs_r
                0x0011b9c8       0x28 C:/devkitPro/devkitARM/bin/../lib/gcc/arm-none-eabi/15.1.0/../../../../arm-none-eabi/lib/armv6k/fpu\libg.a(libc_a-wcsrtombs.o)
                0x0011b9c8                _wcsrtombs_r
 .text.sscanf   0x0011b9f0       0x78 C:/devkitPro/devkitARM/bin/../lib/gcc/arm-none-eabi/15.1.0/../../../../arm-none-eabi/lib/armv6k/fpu\libg.a(libc_a-sscanf.o)
                0x0011b9f0                sscanf
 .text.frexp    0x0011ba68       0x88 C:/devkitPro/devkitARM/bin/../lib/gcc/arm-none-eabi/15.1.0/../../../../arm-none-eabi/lib/armv6k/fpu\libg.a(libm_a-s_frexp.o)
                0x0011ba68                frexp
 .text.__sread  0x0011baf0       0x44 C:/devkitPro/devkitARM/bin/../lib/gcc/arm-none-eabi/15.1.0/../../../../arm-none-eabi/lib/armv6k/fpu\libg.a(libc_a-stdio.o)
                0x0011baf0                __sread
 .text.__seofread
                0x0011bb34        0x8 C:/devkitPro/devkitARM/bin/../lib/gcc/arm-none-eabi/15.1.0/../../../../arm-none-eabi/lib/armv6k/fpu\libg.a(libc_a-stdio.o)
                0x0011bb34                __seofread
 .text.__swrite
                0x0011bb3c       0x68 C:/devkitPro/devkitARM/bin/../lib/gcc/arm-none-eabi/15.1.0/../../../../arm-none-eabi/lib/armv6k/fpu\libg.a(libc_a-stdio.o)
                0x0011bb3c                __swrite
 .text.__sseek  0x0011bba4       0x40 C:/devkitPro/devkitARM/bin/../lib/gcc/arm-none-eabi/15.1.0/../../../../arm-none-eabi/lib/armv6k/fpu\libg.a(libc_a-stdio.o)
                0x0011bba4                __sseek
 .text.__sclose
                0x0011bbe4        0x8 C:/devkitPro/devkitARM/bin/../lib/gcc/arm-none-eabi/15.1.0/../../../../arm-none-eabi/lib/armv6k/fpu\libg.a(libc_a-stdio.o)
                0x0011bbe4                __sclose
 .text.memmove  0x0011bbec      0x16c C:/devkitPro/devkitARM/bin/../lib/gcc/arm-none-eabi/15.1.0/../../../../arm-none-eabi/lib/armv6k/fpu\libg.a(libc_a-memmove.o)
                0x0011bbec                memmove
 .text.__locale_mb_cur_max
                0x0011bd58       0x24 C:/devkitPro/devkitARM/bin/../lib/gcc/arm-none-eabi/15.1.0/../../../../arm-none-eabi/lib/armv6k/fpu\libg.a(libc_a-locale.o)
                0x0011bd58                __locale_mb_cur_max
 .text.__ssprint_r
                0x0011bd7c       0xa4 C:/devkitPro/devkitARM/bin/../lib/gcc/arm-none-eabi/15.1.0/../../../../arm-none-eabi/lib/armv6k/fpu\libg.a(libc_a-ssprint_r.o)
                0x0011bd7c                __ssprint_r
 .text._memalign_r
                0x0011be20      0x16c C:/devkitPro/devkitARM/bin/../lib/gcc/arm-none-eabi/15.1.0/../../../../arm-none-eabi/lib/armv6k/fpu\libg.a(libc_a-malignr.o)
                0x0011be20                _memalign_r
 .text._wcsnrtombs_l
                0x0011bf8c      0x15c C:/devkitPro/devkitARM/bin/../lib/gcc/arm-none-eabi/15.1.0/../../../../arm-none-eabi/lib/armv6k/fpu\libg.a(libc_a-wcsnrtombs.o)
                0x0011bf8c                _wcsnrtombs_l
 .text._wcsnrtombs_r
                0x0011c0e8       0x64 C:/devkitPro/devkitARM/bin/../lib/gcc/arm-none-eabi/15.1.0/../../../../arm-none-eabi/lib/armv6k/fpu\libg.a(libc_a-wcsnrtombs.o)
                0x0011c0e8                _wcsnrtombs_r
 .text.__utf8_mbtowc
                0x0011c14c      0x340 C:/devkitPro/devkitARM/bin/../lib/gcc/arm-none-eabi/15.1.0/../../../../arm-none-eabi/lib/armv6k/fpu\libg.a(libc_a-mbtowc_r.o)
                0x0011c14c                __utf8_mbtowc
 .text._fseeko_r
                0x0011c48c      0x588 C:/devkitPro/devkitARM/bin/../lib/gcc/arm-none-eabi/15.1.0/../../../../arm-none-eabi/lib/armv6k/fpu\libg.a(libc_a-fseeko.o)
                0x0011c48c                _fseeko_r
 .text._localeconv_r
                0x0011ca14       0x24 C:/devkitPro/devkitARM/bin/../lib/gcc/arm-none-eabi/15.1.0/../../../../arm-none-eabi/lib/armv6k/fpu\libg.a(libc_a-localeconv.o)
                0x0011ca14                _localeconv_r
 .text.quorem   0x0011ca38      0x1c0 C:/devkitPro/devkitARM/bin/../lib/gcc/arm-none-eabi/15.1.0/../../../../arm-none-eabi/lib/armv6k/fpu\libg.a(libc_a-dtoa.o)
 .text._dtoa_r  0x0011cbf8     0x13f0 C:/devkitPro/devkitARM/bin/../lib/gcc/arm-none-eabi/15.1.0/../../../../arm-none-eabi/lib/armv6k/fpu\libg.a(libc_a-dtoa.o)
                0x0011cbf8                _dtoa_r
 .text._wcrtomb_r
                0x0011dfe8       0xa0 C:/devkitPro/devkitARM/bin/../lib/gcc/arm-none-eabi/15.1.0/../../../../arm-none-eabi/lib/armv6k/fpu\libg.a(libc_a-wcrtomb.o)
                0x0011dfe8                _wcrtomb_r
 .text.__sflags
                0x0011e088       0xb8 C:/devkitPro/devkitARM/bin/../lib/gcc/arm-none-eabi/15.1.0/../../../../arm-none-eabi/lib/armv6k/fpu\libg.a(libc_a-flags.o)
                0x0011e088                __sflags
 .text._strtol_l.part.0
                0x0011e140      0x384 C:/devkitPro/devkitARM/bin/../lib/gcc/arm-none-eabi/15.1.0/../../../../arm-none-eabi/lib/armv6k/fpu\libg.a(libc_a-strtol.o)
 .text._strtol_r
                0x0011e4c4       0x6c C:/devkitPro/devkitARM/bin/../lib/gcc/arm-none-eabi/15.1.0/../../../../arm-none-eabi/lib/armv6k/fpu\libg.a(libc_a-strtol.o)
                0x0011e4c4                _strtol_r
 .text.__libc_fini_array
                0x0011e530       0x3c C:/devkitPro/devkitARM/bin/../lib/gcc/arm-none-eabi/15.1.0/../../../../arm-none-eabi/lib/armv6k/fpu\libg.a(libc_a-fini.o)
                0x0011e530                __libc_fini_array
 .text.__ssputs_r
                0x0011e56c      0x12c C:/devkitPro/devkitARM/bin/../lib/gcc/arm-none-eabi/15.1.0/../../../../arm-none-eabi/lib/armv6k/fpu\libg.a(libc_a-ssputs_r.o)
                0x0011e56c                __ssputs_r
 .text.get_arg  0x0011e698       0x50 C:/devkitPro/devkitARM/bin/../lib/gcc/arm-none-eabi/15.1.0/../../../../arm-none-eabi/lib/armv6k/fpu\libg.a(libc_a-svfscanf.o)
 .text.__ssvfscanf_r
                0x0011e6e8     0x2b88 C:/devkitPro/devkitARM/bin/../lib/gcc/arm-none-eabi/15.1.0/../../../../arm-none-eabi/lib/armv6k/fpu\libg.a(libc_a-svfscanf.o)
                0x0011e6e8                __ssvfscanf_r
 .text.__utf8_wctomb
                0x00121270       0xf8 C:/devkitPro/devkitARM/bin/../lib/gcc/arm-none-eabi/15.1.0/../../../../arm-none-eabi/lib/armv6k/fpu\libg.a(libc_a-wctomb_r.o)
                0x00121270                __utf8_wctomb
 .text._strtoull_l.isra.0
                0x00121368      0x264 C:/devkitPro/devkitARM/bin/../lib/gcc/arm-none-eabi/15.1.0/../../../../arm-none-eabi/lib/armv6k/fpu\libg.a(libc_a-strtoull.o)
 .text._strtoull_r
                0x001215cc       0x38 C:/devkitPro/devkitARM/bin/../lib/gcc/arm-none-eabi/15.1.0/../../../../arm-none-eabi/lib/armv6k/fpu\libg.a(libc_a-strtoull.o)
                0x001215cc                _strtoull_r
 .text._mbrtowc_r
                0x00121604       0xc4 C:/devkitPro/devkitARM/bin/../lib/gcc/arm-none-eabi/15.1.0/../../../../arm-none-eabi/lib/armv6k/fpu\libg.a(libc_a-mbrtowc.o)
                0x00121604                _mbrtowc_r
 .text.nanf     0x001216c8        0xc C:/devkitPro/devkitARM/bin/../lib/gcc/arm-none-eabi/15.1.0/../../../../arm-none-eabi/lib/armv6k/fpu\libg.a(libm_a-sf_nan.o)
                0x001216c8                nanf
 .text.__assert_func
                0x001216d4       0x5c C:/devkitPro/devkitARM/bin/../lib/gcc/arm-none-eabi/15.1.0/../../../../arm-none-eabi/lib/armv6k/fpu\libg.a(libc_a-assert.o)
                0x001216d4                __assert_func
 .text._Balloc  0x00121730       0x88 C:/devkitPro/devkitARM/bin/../lib/gcc/arm-none-eabi/15.1.0/../../../../arm-none-eabi/lib/armv6k/fpu\libg.a(libc_a-mprec.o)
                0x00121730                _Balloc
 .text._Bfree   0x001217b8       0x1c C:/devkitPro/devkitARM/bin/../lib/gcc/arm-none-eabi/15.1.0/../../../../arm-none-eabi/lib/armv6k/fpu\libg.a(libc_a-mprec.o)
                0x001217b8                _Bfree
 .text.__multadd
                0x001217d4       0xf4 C:/devkitPro/devkitARM/bin/../lib/gcc/arm-none-eabi/15.1.0/../../../../arm-none-eabi/lib/armv6k/fpu\libg.a(libc_a-mprec.o)
                0x001217d4                __multadd
 .text.__s2b    0x001218c8      0x10c C:/devkitPro/devkitARM/bin/../lib/gcc/arm-none-eabi/15.1.0/../../../../arm-none-eabi/lib/armv6k/fpu\libg.a(libc_a-mprec.o)
                0x001218c8                __s2b
 .text.__hi0bits
                0x001219d4       0x80 C:/devkitPro/devkitARM/bin/../lib/gcc/arm-none-eabi/15.1.0/../../../../arm-none-eabi/lib/armv6k/fpu\libg.a(libc_a-mprec.o)
                0x001219d4                __hi0bits
 .text.__lo0bits
                0x00121a54       0xf0 C:/devkitPro/devkitARM/bin/../lib/gcc/arm-none-eabi/15.1.0/../../../../arm-none-eabi/lib/armv6k/fpu\libg.a(libc_a-mprec.o)
                0x00121a54                __lo0bits
 .text.__i2b    0x00121b44       0xa4 C:/devkitPro/devkitARM/bin/../lib/gcc/arm-none-eabi/15.1.0/../../../../arm-none-eabi/lib/armv6k/fpu\libg.a(libc_a-mprec.o)
                0x00121b44                __i2b
 .text.__multiply
                0x00121be8      0x230 C:/devkitPro/devkitARM/bin/../lib/gcc/arm-none-eabi/15.1.0/../../../../arm-none-eabi/lib/armv6k/fpu\libg.a(libc_a-mprec.o)
                0x00121be8                __multiply
 .text.__pow5mult
                0x00121e18      0x130 C:/devkitPro/devkitARM/bin/../lib/gcc/arm-none-eabi/15.1.0/../../../../arm-none-eabi/lib/armv6k/fpu\libg.a(libc_a-mprec.o)
                0x00121e18                __pow5mult
 .text.__lshift
                0x00121f48      0x138 C:/devkitPro/devkitARM/bin/../lib/gcc/arm-none-eabi/15.1.0/../../../../arm-none-eabi/lib/armv6k/fpu\libg.a(libc_a-mprec.o)
                0x00121f48                __lshift
 .text.__mcmp   0x00122080       0x58 C:/devkitPro/devkitARM/bin/../lib/gcc/arm-none-eabi/15.1.0/../../../../arm-none-eabi/lib/armv6k/fpu\libg.a(libc_a-mprec.o)
                0x00122080                __mcmp
 .text.__mdiff  0x001220d8      0x218 C:/devkitPro/devkitARM/bin/../lib/gcc/arm-none-eabi/15.1.0/../../../../arm-none-eabi/lib/armv6k/fpu\libg.a(libc_a-mprec.o)
                0x001220d8                __mdiff
 .text.__ulp    0x001222f0       0x68 C:/devkitPro/devkitARM/bin/../lib/gcc/arm-none-eabi/15.1.0/../../../../arm-none-eabi/lib/armv6k/fpu\libg.a(libc_a-mprec.o)
                0x001222f0                __ulp
 .text.__b2d    0x00122358       0xd4 C:/devkitPro/devkitARM/bin/../lib/gcc/arm-none-eabi/15.1.0/../../../../arm-none-eabi/lib/armv6k/fpu\libg.a(libc_a-mprec.o)
                0x00122358                __b2d
 .text.__d2b    0x0012242c      0x120 C:/devkitPro/devkitARM/bin/../lib/gcc/arm-none-eabi/15.1.0/../../../../arm-none-eabi/lib/armv6k/fpu\libg.a(libc_a-mprec.o)
                0x0012242c                __d2b
 .text.__ratio  0x0012254c       0x78 C:/devkitPro/devkitARM/bin/../lib/gcc/arm-none-eabi/15.1.0/../../../../arm-none-eabi/lib/armv6k/fpu\libg.a(libc_a-mprec.o)
                0x0012254c                __ratio
 .text.__copybits
                0x001225c4       0x8c C:/devkitPro/devkitARM/bin/../lib/gcc/arm-none-eabi/15.1.0/../../../../arm-none-eabi/lib/armv6k/fpu\libg.a(libc_a-mprec.o)
                0x001225c4                __copybits
 .text.__any_on
                0x00122650       0x5c C:/devkitPro/devkitARM/bin/../lib/gcc/arm-none-eabi/15.1.0/../../../../arm-none-eabi/lib/armv6k/fpu\libg.a(libc_a-mprec.o)
                0x00122650                __any_on
 .text._strtoll_l.isra.0
                0x001226ac      0x47c C:/devkitPro/devkitARM/bin/../lib/gcc/arm-none-eabi/15.1.0/../../../../arm-none-eabi/lib/armv6k/fpu\libg.a(libc_a-strtoll.o)
 .text._strtoll_r
                0x00122b28       0x38 C:/devkitPro/devkitARM/bin/../lib/gcc/arm-none-eabi/15.1.0/../../../../arm-none-eabi/lib/armv6k/fpu\libg.a(libc_a-strtoll.o)
                0x00122b28                _strtoll_r
 .text.sulp     0x00122b60       0x60 C:/devkitPro/devkitARM/bin/../lib/gcc/arm-none-eabi/15.1.0/../../../../arm-none-eabi/lib/armv6k/fpu\libg.a(libc_a-strtod.o)
 .text._strtod_l
                0x00122bc0     0x1428 C:/devkitPro/devkitARM/bin/../lib/gcc/arm-none-eabi/15.1.0/../../../../arm-none-eabi/lib/armv6k/fpu\libg.a(libc_a-strtod.o)
                0x00122bc0                _strtod_l
 .text._strtod_r
                0x00123fe8       0x44 C:/devkitPro/devkitARM/bin/../lib/gcc/arm-none-eabi/15.1.0/../../../../arm-none-eabi/lib/armv6k/fpu\libg.a(libc_a-strtod.o)
                0x00123fe8                _strtod_r
 .text.fiprintf
                0x0012402c       0x3c C:/devkitPro/devkitARM/bin/../lib/gcc/arm-none-eabi/15.1.0/../../../../arm-none-eabi/lib/armv6k/fpu\libg.a(libc_a-fiprintf.o)
                0x0012402c                fiprintf
 .text._sungetc_r
                0x00124068       0xe4 C:/devkitPro/devkitARM/bin/../lib/gcc/arm-none-eabi/15.1.0/../../../../arm-none-eabi/lib/armv6k/fpu\libg.a(libc_a-svfiscanf.o)
                0x00124068                _sungetc_r
 .text.__ssrefill_r
                0x0012414c       0x6c C:/devkitPro/devkitARM/bin/../lib/gcc/arm-none-eabi/15.1.0/../../../../arm-none-eabi/lib/armv6k/fpu\libg.a(libc_a-svfiscanf.o)
                0x0012414c                __ssrefill_r
 .text._sfread_r
                0x001241b8       0xb4 C:/devkitPro/devkitARM/bin/../lib/gcc/arm-none-eabi/15.1.0/../../../../arm-none-eabi/lib/armv6k/fpu\libg.a(libc_a-svfiscanf.o)
                0x001241b8                _sfread_r
 .text.rshift   0x0012426c       0xf4 C:/devkitPro/devkitARM/bin/../lib/gcc/arm-none-eabi/15.1.0/../../../../arm-none-eabi/lib/armv6k/fpu\libg.a(libc_a-gdtoa-gethex.o)
 .text.__gethex
                0x00124360      0x8b4 C:/devkitPro/devkitARM/bin/../lib/gcc/arm-none-eabi/15.1.0/../../../../arm-none-eabi/lib/armv6k/fpu\libg.a(libc_a-gdtoa-gethex.o)
                0x00124360                __gethex
 .text.iswspace
                0x00124c14        0x8 C:/devkitPro/devkitARM/bin/../lib/gcc/arm-none-eabi/15.1.0/../../../../arm-none-eabi/lib/armv6k/fpu\libg.a(libc_a-iswspace.o)
                0x00124c14                iswspace
 .text.abort    0x00124c1c       0x14 C:/devkitPro/devkitARM/bin/../lib/gcc/arm-none-eabi/15.1.0/../../../../arm-none-eabi/lib/armv6k/fpu\libg.a(libc_a-abort.o)
                0x00124c1c                abort
 .text.__sccl   0x00124c30       0xf8 C:/devkitPro/devkitARM/bin/../lib/gcc/arm-none-eabi/15.1.0/../../../../arm-none-eabi/lib/armv6k/fpu\libg.a(libc_a-sccl.o)
                0x00124c30                __sccl
 .text.stpncpy  0x00124d28       0xdc C:/devkitPro/devkitARM/bin/../lib/gcc/arm-none-eabi/15.1.0/../../../../arm-none-eabi/lib/armv6k/fpu\libg.a(libc_a-stpncpy.o)
                0x00124d28                stpncpy
 .text.__match  0x00124e04       0x70 C:/devkitPro/devkitARM/bin/../lib/gcc/arm-none-eabi/15.1.0/../../../../arm-none-eabi/lib/armv6k/fpu\libg.a(libc_a-gdtoa-hexnan.o)
                0x00124e04                __match
 .text.__hexnan
                0x00124e74      0x2a8 C:/devkitPro/devkitARM/bin/../lib/gcc/arm-none-eabi/15.1.0/../../../../arm-none-eabi/lib/armv6k/fpu\libg.a(libc_a-gdtoa-hexnan.o)
                0x00124e74                __hexnan
 *fill*         0x0012511c        0x4 
 .text.nan      0x00125120       0x10 C:/devkitPro/devkitARM/bin/../lib/gcc/arm-none-eabi/15.1.0/../../../../arm-none-eabi/lib/armv6k/fpu\libg.a(libm_a-s_nan.o)
                0x00125120                nan
 .text._raise_r
                0x00125130       0x9c C:/devkitPro/devkitARM/bin/../lib/gcc/arm-none-eabi/15.1.0/../../../../arm-none-eabi/lib/armv6k/fpu\libg.a(libc_a-signal.o)
                0x00125130                _raise_r
 .text.raise    0x001251cc       0x20 C:/devkitPro/devkitARM/bin/../lib/gcc/arm-none-eabi/15.1.0/../../../../arm-none-eabi/lib/armv6k/fpu\libg.a(libc_a-signal.o)
                0x001251cc                raise
 .text.iswspace_l
                0x001251ec       0x38 C:/devkitPro/devkitARM/bin/../lib/gcc/arm-none-eabi/15.1.0/../../../../arm-none-eabi/lib/armv6k/fpu\libg.a(libc_a-iswspace_l.o)
                0x001251ec                iswspace_l
 .text.__submore
                0x00125224       0xb8 C:/devkitPro/devkitARM/bin/../lib/gcc/arm-none-eabi/15.1.0/../../../../arm-none-eabi/lib/armv6k/fpu\libg.a(libc_a-ungetc.o)
                0x00125224                __submore
 .text.get_arg  0x001252dc      0x5e0 C:/devkitPro/devkitARM/bin/../lib/gcc/arm-none-eabi/15.1.0/../../../../arm-none-eabi/lib/armv6k/fpu\libg.a(libc_a-vfiprintf.o)
 .text._vfiprintf_r